eva entity_retrieval: 16m5b_quijote_T1_martha.weights | data/quijote.txt
  seq=512 windows: 3875 train, 431 val (contiguous cut)
  mode: carry (state across windows) | EVA_ALPHA_TEMP=1.0 | min_count=30

  entities detected (43 pass the filter, top 12 shown):
     1. Quijote              count= 2230 ratio=1.00
     2. Sancho               count= 2171 ratio=1.00
     3. Dios                 count=  511 ratio=0.98
     4. Panza                count=  348 ratio=1.00
     5. Dulcinea             count=  283 ratio=1.00
     6. Rocinante            count=  204 ratio=1.00
     7. Mancha               count=  178 ratio=0.99
     8. Toboso               count=  163 ratio=1.00
     9. Camila               count=  148 ratio=1.00
    10. Lotario              count=  140 ratio=1.00
    11. Anselmo              count=  138 ratio=1.00
    12. Fernando             count=  135 ratio=1.00

=== VAL (recurrent entity-first-byte positions) ===
  bucket                               n  top1%  top5% mean_lnp     Δlnp  rank name_bpb
  d <= 32                             13   0.00   0.00    5.731      NaN  62.4   20.526
  32 < d <= 128                      138  14.49  22.46    4.211      NaN  30.6   17.038
  128 < d <= 256                     284  11.62  18.66    4.277      NaN  25.8   18.394
  256 < d <= 512                     340  13.82  22.94    4.235      NaN  25.7   17.552
  512 < d <= 1024                    254  10.63  15.75    4.354      NaN  28.2   20.383
  d > 1024                           411   7.06   9.25    4.746      NaN  33.0   21.238
  cold (first occurrence)              0   0.00   0.00    0.000      NaN   0.0    0.000

notes:
  - mean_lnp/rank are measured on the entity's FIRST byte.
  - Δlnp vs 'cold (first occurrence)': positive means the model puts MORE probability on
    the entity's byte when it saw the entity before at that distance.
  - carry mode has no 'outside window' reference: long-distance buckets are
    the decay curve themselves (and 'cold' the no-memory extreme).
  - temperature must match training (T=1.3 checkpoint -> EVA_ALPHA_TEMP=1.3).
