eva entity_retrieval: 16m5b_quijote_SSM.weights | data/quijote.txt
  seq=512 windows: 3875 train, 431 val (contiguous cut)
  mode: carry (state across windows) | EVA_ALPHA_TEMP=1.0 | min_count=30 | EVA_SSM_ALPHA=0.999 (fixed clock)

  entities detected (43 pass the filter, top 12 shown):
     1. Quijote              count= 2230 ratio=1.00
     2. Sancho               count= 2171 ratio=1.00
     3. Dios                 count=  511 ratio=0.98
     4. Panza                count=  348 ratio=1.00
     5. Dulcinea             count=  283 ratio=1.00
     6. Rocinante            count=  204 ratio=1.00
     7. Mancha               count=  178 ratio=0.99
     8. Toboso               count=  163 ratio=1.00
     9. Camila               count=  148 ratio=1.00
    10. Lotario              count=  140 ratio=1.00
    11. Anselmo              count=  138 ratio=1.00
    12. Fernando             count=  135 ratio=1.00
[eva] matmul on GPU: NVIDIA GeForce GTX 1650

=== VAL (recurrent entity-first-byte positions) ===
  bucket                               n  top1%  top5% mean_lnp     Δlnp  rank name_bpb
  d <= 32                             13   7.69  23.08    4.695      NaN  18.2    3.768
  32 < d <= 128                      138  36.96  47.10    2.951      NaN  11.3    1.066
  128 < d <= 256                     284  34.15  43.31    3.135      NaN  11.7    1.570
  256 < d <= 512                     340  29.71  42.65    3.285      NaN  12.1    1.738
  512 < d <= 1024                    254  29.13  37.80    3.433      NaN  12.6    2.113
  d > 1024                           411  14.60  23.36    4.289      NaN  16.8    2.993
  cold (first occurrence)              0   0.00   0.00    0.000      NaN   0.0    0.000

=== TRAIN (recurrent entity-first-byte positions) ===
  bucket                               n  top1%  top5% mean_lnp     Δlnp  rank name_bpb
  d <= 32                            109   9.17  25.69    4.469   -0.996  17.0    1.330
  32 < d <= 128                      889  27.56  41.39    3.438   -2.026  12.8    1.010
  128 < d <= 256                    1398  29.90  42.56    3.428   -2.037  12.9    1.097
  256 < d <= 512                    2103  30.19  42.89    3.368   -2.096  12.7    1.032
  512 < d <= 1024                   1796  30.62  44.49    3.335   -2.130  12.6    1.122
  d > 1024                          2953  15.51  23.50    4.334   -1.131  17.2    1.979
  cold (first occurrence)             43   4.65  11.63    5.465      NaN  23.4    4.818

notes:
  - mean_lnp/rank are measured on the entity's FIRST byte.
  - Δlnp vs 'cold (first occurrence)': positive means the model puts MORE probability on
    the entity's byte when it saw the entity before at that distance.
  - carry mode has no 'outside window' reference: long-distance buckets are
    the decay curve themselves (and 'cold' the no-memory extreme).
  - temperature must match training (T=1.3 checkpoint -> EVA_ALPHA_TEMP=1.3).
