eva entity_retrieval: 16m5b_quijote_T1.weights | data/quijote.txt
  seq=512 windows: 3875 train, 431 val (contiguous cut)
  mode: carry (state across windows) | EVA_ALPHA_TEMP=1.0 | min_count=30

  entities detected (43 pass the filter, top 12 shown):
     1. Quijote              count= 2230 ratio=1.00
     2. Sancho               count= 2171 ratio=1.00
     3. Dios                 count=  511 ratio=0.98
     4. Panza                count=  348 ratio=1.00
     5. Dulcinea             count=  283 ratio=1.00
     6. Rocinante            count=  204 ratio=1.00
     7. Mancha               count=  178 ratio=0.99
     8. Toboso               count=  163 ratio=1.00
     9. Camila               count=  148 ratio=1.00
    10. Lotario              count=  140 ratio=1.00
    11. Anselmo              count=  138 ratio=1.00
    12. Fernando             count=  135 ratio=1.00
[eva] matmul on GPU: NVIDIA GeForce GTX 1650

=== VAL (recurrent entity-first-byte positions) ===
  bucket                               n  top1%  top5% mean_lnp     Δlnp  rank name_bpb
  d <= 32                             13   0.00   0.00    5.721      NaN  61.8   20.495
  32 < d <= 128                      138  14.49  22.46    4.201      NaN  30.2   17.039
  128 < d <= 256                     284  11.97  18.66    4.262      NaN  25.5   18.396
  256 < d <= 512                     340  14.41  23.53    4.213      NaN  25.4   17.539
  512 < d <= 1024                    254  10.63  16.14    4.341      NaN  27.9   20.378
  d > 1024                           411   7.06   9.25    4.739      NaN  32.7   21.213
  cold (first occurrence)              0   0.00   0.00    0.000      NaN   0.0    0.000

=== TRAIN (recurrent entity-first-byte positions) ===
  bucket                               n  top1%  top5% mean_lnp     Δlnp  rank name_bpb
  d <= 32                            109   1.83   4.59    4.869   +0.209  33.0   17.879
  32 < d <= 128                      889   7.42  12.49    4.457   -0.203  29.9   19.230
  128 < d <= 256                    1398   6.65  11.73    4.548   -0.113  31.5   20.380
  256 < d <= 512                    2103   6.56  12.51    4.507   -0.154  30.9   20.987
  512 < d <= 1024                   1796   8.35  15.42    4.479   -0.182  31.6   22.109
  d > 1024                          2953   3.62   6.67    4.897   +0.237  37.7   23.440
  cold (first occurrence)             43  13.95  23.26    4.660      NaN  34.7   15.715

notes:
  - mean_lnp/rank are measured on the entity's FIRST byte.
  - Δlnp vs 'cold (first occurrence)': positive means the model puts MORE probability on
    the entity's byte when it saw the entity before at that distance.
  - carry mode has no 'outside window' reference: long-distance buckets are
    the decay curve themselves (and 'cold' the no-memory extreme).
  - temperature must match training (T=1.3 checkpoint -> EVA_ALPHA_TEMP=1.3).
