eva entity_retrieval: 16m5b_quijote_T13.weights | data/quijote.txt
  seq=512 windows: 3875 train, 431 val (contiguous cut)
  mode: carry (state across windows) | EVA_ALPHA_TEMP=1.3 | min_count=30

  entities detected (43 pass the filter, top 12 shown):
     1. Quijote              count= 2230 ratio=1.00
     2. Sancho               count= 2171 ratio=1.00
     3. Dios                 count=  511 ratio=0.98
     4. Panza                count=  348 ratio=1.00
     5. Dulcinea             count=  283 ratio=1.00
     6. Rocinante            count=  204 ratio=1.00
     7. Mancha               count=  178 ratio=0.99
     8. Toboso               count=  163 ratio=1.00
     9. Camila               count=  148 ratio=1.00
    10. Lotario              count=  140 ratio=1.00
    11. Anselmo              count=  138 ratio=1.00
    12. Fernando             count=  135 ratio=1.00
[eva] matmul on GPU: NVIDIA GeForce GTX 1650

=== VAL (recurrent entity-first-byte positions) ===
  bucket                               n  top1%  top5% mean_lnp     Δlnp  rank name_bpb
  d <= 32                             13   7.69  46.15    3.485      NaN  11.9    2.305
  32 < d <= 128                      138  51.45  60.87    2.439      NaN   8.1    0.888
  128 < d <= 256                     284  42.61  52.11    2.698      NaN   9.1    1.483
  256 < d <= 512                     340  38.24  54.71    2.834      NaN   9.1    1.568
  512 < d <= 1024                    254  37.80  52.36    2.899      NaN   8.8    1.850
  d > 1024                           411  33.82  45.26    3.449      NaN  11.8    1.998
  cold (first occurrence)              0   0.00   0.00    0.000      NaN   0.0    0.000

=== TRAIN (recurrent entity-first-byte positions) ===
  bucket                               n  top1%  top5% mean_lnp     Δlnp  rank name_bpb
  d <= 32                            109  15.60  43.12    4.048   -0.489  14.2    1.214
  32 < d <= 128                      889  35.55  55.91    2.816   -1.721   9.1    0.733
  128 < d <= 256                    1398  35.05  53.29    2.913   -1.624   9.8    0.813
  256 < d <= 512                    2103  36.57  54.73    2.819   -1.718   9.4    0.737
  512 < d <= 1024                   1796  40.53  57.57    2.730   -1.807   9.3    0.751
  d > 1024                          2953  27.60  41.28    3.591   -0.946  13.0    1.175
  cold (first occurrence)             43  13.95  25.58    4.537      NaN  18.5    2.939

notes:
  - mean_lnp/rank are measured on the entity's FIRST byte.
  - Δlnp vs 'cold (first occurrence)': positive means the model puts MORE probability on
    the entity's byte when it saw the entity before at that distance.
  - carry mode has no 'outside window' reference: long-distance buckets are
    the decay curve themselves (and 'cold' the no-memory extreme).
  - temperature must match training (T=1.3 checkpoint -> EVA_ALPHA_TEMP=1.3).
