eva: dataset 512001 bytes, 1000 windows, 13413381 params
eva: 900 windows to train on, 100 to validate
eva: alpha/gradient TRACE ACTIVE (EVA_ALPHA_TRACE)
eva: wread TRACE ACTIVE (EVA_WREAD_TRACE)
[eva] matmul on GPU: NVIDIA GeForce GTX 1650
  [r2c trace step 50] block 0: z mean=0.0010 s mean=0.5252 min=0.5233 max=0.5271 closed=0/512 open=0/512 | mean|s*read|=0.112587 | mean|g| ar=2.02e-4 ib=1.79e-4 z=8.17e-5 (n=50)
  [r2c trace step 50] block 1: z mean=0.0007 s mean=0.5252 min=0.5235 max=0.5268 closed=0/512 open=0/512 | mean|s*read|=0.112613 | mean|g| ar=1.40e-4 ib=1.21e-4 z=6.12e-5 (n=50)
  [r2c trace step 50] block 2: z mean=0.0003 s mean=0.5251 min=0.5234 max=0.5270 closed=0/512 open=0/512 | mean|s*read|=0.111605 | mean|g| ar=1.14e-4 ib=9.73e-5 z=5.02e-5 (n=50)
  [r2c trace step 50] block 3: z mean=0.0004 s mean=0.5251 min=0.5232 max=0.5267 closed=0/512 open=0/512 | mean|s*read|=0.112395 | mean|g| ar=9.83e-5 ib=8.36e-5 z=5.56e-5 (n=50)
  [r2c trace step 50] block 4: z mean=0.0002 s mean=0.5250 min=0.5232 max=0.5268 closed=0/512 open=0/512 | mean|s*read|=0.111839 | mean|g| ar=8.66e-5 ib=7.44e-5 z=2.63e-5 (n=50)
  [r2c trace step 100] block 0: z mean=0.0044 s mean=0.5260 min=0.5235 max=0.5298 closed=0/512 open=0/512 | mean|s*read|=0.117245 | mean|g| ar=2.03e-4 ib=1.89e-4 z=5.44e-5 (n=50)
  [r2c trace step 100] block 1: z mean=0.0031 s mean=0.5257 min=0.5234 max=0.5285 closed=0/512 open=0/512 | mean|s*read|=0.116598 | mean|g| ar=1.44e-4 ib=1.25e-4 z=3.87e-5 (n=50)
  [r2c trace step 100] block 2: z mean=0.0022 s mean=0.5255 min=0.5228 max=0.5279 closed=0/512 open=0/512 | mean|s*read|=0.114478 | mean|g| ar=1.13e-4 ib=9.46e-5 z=4.59e-5 (n=50)
  [r2c trace step 100] block 3: z mean=0.0018 s mean=0.5254 min=0.5224 max=0.5284 closed=0/512 open=0/512 | mean|s*read|=0.114967 | mean|g| ar=9.66e-5 ib=8.19e-5 z=3.46e-5 (n=50)
  [r2c trace step 100] block 4: z mean=0.0017 s mean=0.5254 min=0.5229 max=0.5282 closed=0/512 open=0/512 | mean|s*read|=0.114551 | mean|g| ar=8.54e-5 ib=7.30e-5 z=2.48e-5 (n=50)
  [r2c trace step 150] block 0: z mean=0.0109 s mean=0.5276 min=0.5235 max=0.5337 closed=0/512 open=0/512 | mean|s*read|=0.125700 | mean|g| ar=2.02e-4 ib=2.13e-4 z=3.61e-5 (n=50)
  [r2c trace step 150] block 1: z mean=0.0081 s mean=0.5269 min=0.5231 max=0.5309 closed=0/512 open=0/512 | mean|s*read|=0.124552 | mean|g| ar=1.43e-4 ib=1.34e-4 z=3.03e-5 (n=50)
  [r2c trace step 150] block 2: z mean=0.0065 s mean=0.5265 min=0.5226 max=0.5306 closed=0/512 open=0/512 | mean|s*read|=0.123531 | mean|g| ar=1.20e-4 ib=1.04e-4 z=3.74e-5 (n=50)
  [r2c trace step 150] block 3: z mean=0.0058 s mean=0.5264 min=0.5228 max=0.5305 closed=0/512 open=0/512 | mean|s*read|=0.126691 | mean|g| ar=1.02e-4 ib=8.93e-5 z=3.27e-5 (n=50)
  [r2c trace step 150] block 4: z mean=0.0058 s mean=0.5264 min=0.5230 max=0.5306 closed=0/512 open=0/512 | mean|s*read|=0.128435 | mean|g| ar=9.50e-5 ib=8.20e-5 z=1.68e-5 (n=50)
  [r2c trace step 200] block 0: z mean=0.0221 s mean=0.5302 min=0.5233 max=0.5394 closed=0/512 open=0/512 | mean|s*read|=0.141288 | mean|g| ar=2.07e-4 ib=2.83e-4 z=3.38e-5 (n=50)
  [r2c trace step 200] block 1: z mean=0.0182 s mean=0.5293 min=0.5234 max=0.5370 closed=0/512 open=0/512 | mean|s*read|=0.169458 | mean|g| ar=1.97e-4 ib=2.10e-4 z=2.85e-5 (n=50)
  [r2c trace step 200] block 2: z mean=0.0171 s mean=0.5291 min=0.5221 max=0.5371 closed=0/512 open=0/512 | mean|s*read|=0.214951 | mean|g| ar=2.06e-4 ib=2.05e-4 z=3.25e-5 (n=50)
  [r2c trace step 200] block 3: z mean=0.0166 s mean=0.5289 min=0.5224 max=0.5369 closed=0/512 open=0/512 | mean|s*read|=0.263225 | mean|g| ar=2.09e-4 ib=1.98e-4 z=4.20e-5 (n=50)
  [r2c trace step 200] block 4: z mean=0.0174 s mean=0.5291 min=0.5225 max=0.5368 closed=0/512 open=0/512 | mean|s*read|=0.278428 | mean|g| ar=2.10e-4 ib=1.93e-4 z=1.70e-5 (n=50)
  [trace step 250] block 0: fast=178 medium=201 slow=133 | mean_alpha=0.2153 | mean_|grad|=0.000055 (n=250)
  [trace step 250] block 1: fast=178 medium=199 slow=135 | mean_alpha=0.2153 | mean_|grad|=0.000038 (n=250)
  [trace step 250] block 2: fast=179 medium=199 slow=134 | mean_alpha=0.2153 | mean_|grad|=0.000032 (n=250)
  [trace step 250] block 3: fast=179 medium=199 slow=134 | mean_alpha=0.2151 | mean_|grad|=0.000031 (n=250)
  [trace step 250] block 4: fast=178 medium=200 slow=134 | mean_alpha=0.2152 | mean_|grad|=0.000036 (n=250)
  [r2c trace step 250] block 0: z mean=0.0327 s mean=0.5328 min=0.5231 max=0.5447 closed=0/512 open=0/512 | mean|s*read|=0.170402 | mean|g| ar=1.36e-4 ib=2.04e-4 z=1.85e-5 (n=50)
  [r2c trace step 250] block 1: z mean=0.0278 s mean=0.5316 min=0.5233 max=0.5417 closed=0/512 open=0/512 | mean|s*read|=0.355257 | mean|g| ar=2.10e-4 ib=1.98e-4 z=9.61e-6 (n=50)
  [r2c trace step 250] block 2: z mean=0.0270 s mean=0.5314 min=0.5220 max=0.5407 closed=0/512 open=0/512 | mean|s*read|=0.589787 | mean|g| ar=2.95e-4 ib=2.58e-4 z=2.53e-5 (n=50)
  [r2c trace step 250] block 3: z mean=0.0273 s mean=0.5315 min=0.5221 max=0.5407 closed=0/512 open=0/512 | mean|s*read|=0.767189 | mean|g| ar=3.35e-4 ib=2.83e-4 z=4.17e-5 (n=50)
  [r2c trace step 250] block 4: z mean=0.0289 s mean=0.5319 min=0.5222 max=0.5409 closed=0/512 open=0/512 | mean|s*read|=0.992280 | mean|g| ar=3.96e-4 ib=3.32e-4 z=9.70e-6 (n=50)
step 250/1800 | epoch 1 | loss 5.0597 | 1.5 steps/s
  [r2c trace step 300] block 0: z mean=0.0349 s mean=0.5333 min=0.5229 max=0.5462 closed=0/512 open=0/512 | mean|s*read|=0.187575 | mean|g| ar=2.85e-5 ib=3.42e-5 z=4.23e-6 (n=50)
  [r2c trace step 300] block 1: z mean=0.0295 s mean=0.5320 min=0.5237 max=0.5425 closed=0/512 open=0/512 | mean|s*read|=0.505183 | mean|g| ar=4.60e-5 ib=3.83e-5 z=1.49e-6 (n=50)
  [r2c trace step 300] block 2: z mean=0.0288 s mean=0.5318 min=0.5221 max=0.5412 closed=0/512 open=0/512 | mean|s*read|=0.815547 | mean|g| ar=6.50e-5 ib=5.11e-5 z=2.24e-6 (n=50)
  [r2c trace step 300] block 3: z mean=0.0292 s mean=0.5319 min=0.5222 max=0.5414 closed=0/512 open=0/512 | mean|s*read|=1.063507 | mean|g| ar=7.97e-5 ib=5.87e-5 z=3.65e-6 (n=50)
  [r2c trace step 300] block 4: z mean=0.0307 s mean=0.5323 min=0.5218 max=0.5412 closed=0/512 open=0/512 | mean|s*read|=1.484569 | mean|g| ar=1.10e-4 ib=7.55e-5 z=2.18e-6 (n=50)
  [r2c trace step 350] block 0: z mean=0.0357 s mean=0.5335 min=0.5228 max=0.5465 closed=0/512 open=0/512 | mean|s*read|=0.190734 | mean|g| ar=2.11e-5 ib=1.99e-5 z=3.19e-6 (n=50)
  [r2c trace step 350] block 1: z mean=0.0301 s mean=0.5322 min=0.5237 max=0.5427 closed=0/512 open=0/512 | mean|s*read|=0.549565 | mean|g| ar=2.98e-5 ib=2.52e-5 z=9.79e-7 (n=50)
  [r2c trace step 350] block 2: z mean=0.0294 s mean=0.5320 min=0.5222 max=0.5413 closed=0/512 open=0/512 | mean|s*read|=0.859473 | mean|g| ar=4.03e-5 ib=2.87e-5 z=1.22e-6 (n=50)
  [r2c trace step 350] block 3: z mean=0.0298 s mean=0.5321 min=0.5222 max=0.5417 closed=0/512 open=0/512 | mean|s*read|=1.121609 | mean|g| ar=4.93e-5 ib=3.14e-5 z=2.54e-6 (n=50)
  [r2c trace step 350] block 4: z mean=0.0314 s mean=0.5324 min=0.5217 max=0.5412 closed=0/512 open=0/512 | mean|s*read|=1.617271 | mean|g| ar=6.79e-5 ib=3.85e-5 z=9.20e-7 (n=50)
  [r2c trace step 400] block 0: z mean=0.0362 s mean=0.5336 min=0.5227 max=0.5468 closed=0/512 open=0/512 | mean|s*read|=0.191822 | mean|g| ar=1.73e-5 ib=1.59e-5 z=2.26e-6 (n=50)
  [r2c trace step 400] block 1: z mean=0.0305 s mean=0.5322 min=0.5237 max=0.5427 closed=0/512 open=0/512 | mean|s*read|=0.570911 | mean|g| ar=2.63e-5 ib=2.07e-5 z=8.95e-7 (n=50)
  [r2c trace step 400] block 2: z mean=0.0298 s mean=0.5321 min=0.5222 max=0.5414 closed=0/512 open=0/512 | mean|s*read|=0.880590 | mean|g| ar=3.52e-5 ib=2.22e-5 z=1.31e-6 (n=50)
  [r2c trace step 400] block 3: z mean=0.0303 s mean=0.5322 min=0.5222 max=0.5418 closed=0/512 open=0/512 | mean|s*read|=1.149654 | mean|g| ar=4.16e-5 ib=2.30e-5 z=1.90e-6 (n=50)
  [r2c trace step 400] block 4: z mean=0.0318 s mean=0.5326 min=0.5216 max=0.5411 closed=0/512 open=0/512 | mean|s*read|=1.675321 | mean|g| ar=5.60e-5 ib=2.71e-5 z=6.51e-7 (n=50)
  [r2c trace step 450] block 0: z mean=0.0366 s mean=0.5337 min=0.5227 max=0.5469 closed=0/512 open=0/512 | mean|s*read|=0.192688 | mean|g| ar=1.42e-5 ib=1.28e-5 z=2.74e-6 (n=50)
  [r2c trace step 450] block 1: z mean=0.0308 s mean=0.5323 min=0.5236 max=0.5428 closed=0/512 open=0/512 | mean|s*read|=0.593035 | mean|g| ar=2.11e-5 ib=1.69e-5 z=5.50e-7 (n=50)
  [r2c trace step 450] block 2: z mean=0.0301 s mean=0.5322 min=0.5222 max=0.5415 closed=0/512 open=0/512 | mean|s*read|=0.902626 | mean|g| ar=2.73e-5 ib=1.81e-5 z=8.26e-7 (n=50)
  [r2c trace step 450] block 3: z mean=0.0307 s mean=0.5323 min=0.5222 max=0.5418 closed=0/512 open=0/512 | mean|s*read|=1.184851 | mean|g| ar=3.27e-5 ib=1.82e-5 z=9.46e-7 (n=50)
  [r2c trace step 450] block 4: z mean=0.0321 s mean=0.5326 min=0.5215 max=0.5413 closed=0/512 open=0/512 | mean|s*read|=1.747601 | mean|g| ar=4.45e-5 ib=2.16e-5 z=5.99e-7 (n=50)
  [trace step 500] block 0: fast=178 medium=201 slow=133 | mean_alpha=0.2152 | mean_|grad|=0.000007 (n=250)
  [trace step 500] block 1: fast=178 medium=199 slow=135 | mean_alpha=0.2153 | mean_|grad|=0.000006 (n=250)
  [trace step 500] block 2: fast=178 medium=200 slow=134 | mean_alpha=0.2153 | mean_|grad|=0.000007 (n=250)
  [trace step 500] block 3: fast=179 medium=199 slow=134 | mean_alpha=0.2151 | mean_|grad|=0.000008 (n=250)
  [trace step 500] block 4: fast=179 medium=199 slow=134 | mean_alpha=0.2151 | mean_|grad|=0.000025 (n=250)
  [r2c trace step 500] block 0: z mean=0.0370 s mean=0.5338 min=0.5227 max=0.5470 closed=0/512 open=0/512 | mean|s*read|=0.193104 | mean|g| ar=9.08e-6 ib=8.54e-6 z=1.46e-6 (n=50)
  [r2c trace step 500] block 1: z mean=0.0311 s mean=0.5324 min=0.5236 max=0.5429 closed=0/512 open=0/512 | mean|s*read|=0.608319 | mean|g| ar=1.41e-5 ib=1.11e-5 z=3.73e-7 (n=50)
  [r2c trace step 500] block 2: z mean=0.0304 s mean=0.5322 min=0.5222 max=0.5415 closed=0/512 open=0/512 | mean|s*read|=0.912943 | mean|g| ar=1.83e-5 ib=1.19e-5 z=6.03e-7 (n=50)
  [r2c trace step 500] block 3: z mean=0.0309 s mean=0.5323 min=0.5222 max=0.5420 closed=0/512 open=0/512 | mean|s*read|=1.205171 | mean|g| ar=2.22e-5 ib=1.28e-5 z=7.82e-7 (n=50)
  [r2c trace step 500] block 4: z mean=0.0324 s mean=0.5327 min=0.5215 max=0.5414 closed=0/512 open=0/512 | mean|s*read|=1.781953 | mean|g| ar=2.96e-5 ib=1.62e-5 z=3.49e-7 (n=50)
step 500/1800 | epoch 1 | loss 2.8097 | 1.5 steps/s
  [r2c trace step 550] block 0: z mean=0.0373 s mean=0.5338 min=0.5227 max=0.5471 closed=0/512 open=0/512 | mean|s*read|=0.193746 | mean|g| ar=6.96e-6 ib=6.52e-6 z=1.56e-6 (n=50)
  [r2c trace step 550] block 1: z mean=0.0313 s mean=0.5324 min=0.5237 max=0.5429 closed=0/512 open=0/512 | mean|s*read|=0.620509 | mean|g| ar=1.15e-5 ib=8.95e-6 z=3.25e-7 (n=50)
  [r2c trace step 550] block 2: z mean=0.0306 s mean=0.5323 min=0.5222 max=0.5416 closed=0/512 open=0/512 | mean|s*read|=0.927240 | mean|g| ar=1.49e-5 ib=9.44e-6 z=5.60e-7 (n=50)
  [r2c trace step 550] block 3: z mean=0.0312 s mean=0.5324 min=0.5222 max=0.5420 closed=0/512 open=0/512 | mean|s*read|=1.226323 | mean|g| ar=1.85e-5 ib=1.07e-5 z=6.00e-7 (n=50)
  [r2c trace step 550] block 4: z mean=0.0326 s mean=0.5327 min=0.5215 max=0.5415 closed=0/512 open=0/512 | mean|s*read|=1.784427 | mean|g| ar=2.46e-5 ib=1.38e-5 z=3.29e-7 (n=50)
  [r2c trace step 600] block 0: z mean=0.0375 s mean=0.5339 min=0.5226 max=0.5473 closed=0/512 open=0/512 | mean|s*read|=0.194396 | mean|g| ar=5.25e-6 ib=4.77e-6 z=9.83e-7 (n=50)
  [r2c trace step 600] block 1: z mean=0.0314 s mean=0.5325 min=0.5238 max=0.5430 closed=0/512 open=0/512 | mean|s*read|=0.628953 | mean|g| ar=8.86e-6 ib=6.81e-6 z=2.92e-7 (n=50)
  [r2c trace step 600] block 2: z mean=0.0308 s mean=0.5323 min=0.5223 max=0.5417 closed=0/512 open=0/512 | mean|s*read|=0.924282 | mean|g| ar=1.18e-5 ib=7.48e-6 z=4.14e-7 (n=50)
  [r2c trace step 600] block 3: z mean=0.0314 s mean=0.5325 min=0.5222 max=0.5421 closed=0/512 open=0/512 | mean|s*read|=1.219317 | mean|g| ar=1.44e-5 ib=8.09e-6 z=5.06e-7 (n=50)
  [r2c trace step 600] block 4: z mean=0.0328 s mean=0.5328 min=0.5214 max=0.5416 closed=0/512 open=0/512 | mean|s*read|=1.790956 | mean|g| ar=2.14e-5 ib=1.15e-5 z=2.73e-7 (n=50)
  [r2c trace step 650] block 0: z mean=0.0377 s mean=0.5339 min=0.5226 max=0.5474 closed=0/512 open=0/512 | mean|s*read|=0.194670 | mean|g| ar=5.50e-6 ib=4.98e-6 z=9.07e-7 (n=50)
  [r2c trace step 650] block 1: z mean=0.0316 s mean=0.5325 min=0.5238 max=0.5429 closed=0/512 open=0/512 | mean|s*read|=0.638775 | mean|g| ar=8.41e-6 ib=6.61e-6 z=2.06e-7 (n=50)
  [r2c trace step 650] block 2: z mean=0.0309 s mean=0.5323 min=0.5223 max=0.5418 closed=0/512 open=0/512 | mean|s*read|=0.936678 | mean|g| ar=1.11e-5 ib=7.17e-6 z=3.97e-7 (n=50)
  [r2c trace step 650] block 3: z mean=0.0315 s mean=0.5325 min=0.5222 max=0.5421 closed=0/512 open=0/512 | mean|s*read|=1.239730 | mean|g| ar=1.35e-5 ib=7.38e-6 z=3.71e-7 (n=50)
  [r2c trace step 650] block 4: z mean=0.0330 s mean=0.5328 min=0.5214 max=0.5417 closed=0/512 open=0/512 | mean|s*read|=1.813842 | mean|g| ar=1.71e-5 ib=8.89e-6 z=1.63e-7 (n=50)
  [r2c trace step 700] block 0: z mean=0.0379 s mean=0.5340 min=0.5226 max=0.5475 closed=0/512 open=0/512 | mean|s*read|=0.195046 | mean|g| ar=4.34e-6 ib=3.96e-6 z=8.36e-7 (n=50)
  [r2c trace step 700] block 1: z mean=0.0317 s mean=0.5325 min=0.5239 max=0.5429 closed=0/512 open=0/512 | mean|s*read|=0.642044 | mean|g| ar=7.22e-6 ib=5.69e-6 z=1.74e-7 (n=50)
  [r2c trace step 700] block 2: z mean=0.0311 s mean=0.5324 min=0.5223 max=0.5418 closed=0/512 open=0/512 | mean|s*read|=0.937712 | mean|g| ar=9.40e-6 ib=5.87e-6 z=3.27e-7 (n=50)
  [r2c trace step 700] block 3: z mean=0.0317 s mean=0.5325 min=0.5222 max=0.5422 closed=0/512 open=0/512 | mean|s*read|=1.244145 | mean|g| ar=1.17e-5 ib=6.32e-6 z=5.34e-7 (n=50)
  [r2c trace step 700] block 4: z mean=0.0331 s mean=0.5329 min=0.5214 max=0.5418 closed=0/512 open=0/512 | mean|s*read|=1.826157 | mean|g| ar=1.62e-5 ib=8.71e-6 z=1.63e-7 (n=50)
  [trace step 750] block 0: fast=178 medium=201 slow=133 | mean_alpha=0.2152 | mean_|grad|=0.000003 (n=250)
  [trace step 750] block 1: fast=178 medium=199 slow=135 | mean_alpha=0.2154 | mean_|grad|=0.000002 (n=250)
  [trace step 750] block 2: fast=178 medium=200 slow=134 | mean_alpha=0.2153 | mean_|grad|=0.000003 (n=250)
  [trace step 750] block 3: fast=179 medium=199 slow=134 | mean_alpha=0.2152 | mean_|grad|=0.000003 (n=250)
  [trace step 750] block 4: fast=178 medium=200 slow=134 | mean_alpha=0.2152 | mean_|grad|=0.000015 (n=250)
  [r2c trace step 750] block 0: z mean=0.0380 s mean=0.5340 min=0.5226 max=0.5476 closed=0/512 open=0/512 | mean|s*read|=0.194990 | mean|g| ar=3.34e-6 ib=3.05e-6 z=7.75e-7 (n=50)
  [r2c trace step 750] block 1: z mean=0.0318 s mean=0.5325 min=0.5239 max=0.5429 closed=0/512 open=0/512 | mean|s*read|=0.650628 | mean|g| ar=5.55e-6 ib=4.41e-6 z=1.54e-7 (n=50)
  [r2c trace step 750] block 2: z mean=0.0312 s mean=0.5324 min=0.5223 max=0.5418 closed=0/512 open=0/512 | mean|s*read|=0.953326 | mean|g| ar=7.37e-6 ib=4.57e-6 z=2.23e-7 (n=50)
  [r2c trace step 750] block 3: z mean=0.0318 s mean=0.5326 min=0.5222 max=0.5423 closed=0/512 open=0/512 | mean|s*read|=1.283026 | mean|g| ar=9.31e-6 ib=4.91e-6 z=2.62e-7 (n=50)
  [r2c trace step 750] block 4: z mean=0.0332 s mean=0.5329 min=0.5214 max=0.5419 closed=0/512 open=0/512 | mean|s*read|=1.879339 | mean|g| ar=1.26e-5 ib=6.59e-6 z=1.32e-7 (n=50)
step 750/1800 | epoch 1 | loss 2.7903 | 1.4 steps/s
  [r2c trace step 800] block 0: z mean=0.0382 s mean=0.5341 min=0.5226 max=0.5477 closed=0/512 open=0/512 | mean|s*read|=0.195531 | mean|g| ar=3.46e-6 ib=3.00e-6 z=6.81e-7 (n=50)
  [r2c trace step 800] block 1: z mean=0.0319 s mean=0.5326 min=0.5240 max=0.5429 closed=0/512 open=0/512 | mean|s*read|=0.662681 | mean|g| ar=5.71e-6 ib=4.46e-6 z=1.65e-7 (n=50)
  [r2c trace step 800] block 2: z mean=0.0313 s mean=0.5324 min=0.5223 max=0.5419 closed=0/512 open=0/512 | mean|s*read|=0.960513 | mean|g| ar=7.43e-6 ib=4.45e-6 z=1.89e-7 (n=50)
  [r2c trace step 800] block 3: z mean=0.0319 s mean=0.5326 min=0.5222 max=0.5423 closed=0/512 open=0/512 | mean|s*read|=1.302250 | mean|g| ar=9.42e-6 ib=4.89e-6 z=2.49e-7 (n=50)
  [r2c trace step 800] block 4: z mean=0.0333 s mean=0.5329 min=0.5214 max=0.5419 closed=0/512 open=0/512 | mean|s*read|=1.927692 | mean|g| ar=1.29e-5 ib=6.46e-6 z=1.30e-7 (n=50)
  [r2c trace step 850] block 0: z mean=0.0383 s mean=0.5341 min=0.5226 max=0.5478 closed=0/512 open=0/512 | mean|s*read|=0.195781 | mean|g| ar=3.26e-6 ib=2.89e-6 z=5.87e-7 (n=50)
  [r2c trace step 850] block 1: z mean=0.0319 s mean=0.5326 min=0.5240 max=0.5429 closed=0/512 open=0/512 | mean|s*read|=0.663234 | mean|g| ar=5.39e-6 ib=4.29e-6 z=1.53e-7 (n=50)
  [r2c trace step 850] block 2: z mean=0.0314 s mean=0.5324 min=0.5224 max=0.5419 closed=0/512 open=0/512 | mean|s*read|=0.950189 | mean|g| ar=7.20e-6 ib=4.22e-6 z=1.54e-7 (n=50)
  [r2c trace step 850] block 3: z mean=0.0320 s mean=0.5326 min=0.5223 max=0.5424 closed=0/512 open=0/512 | mean|s*read|=1.287362 | mean|g| ar=9.02e-6 ib=4.41e-6 z=2.43e-7 (n=50)
  [r2c trace step 850] block 4: z mean=0.0335 s mean=0.5329 min=0.5214 max=0.5420 closed=0/512 open=0/512 | mean|s*read|=1.902431 | mean|g| ar=1.26e-5 ib=6.01e-6 z=1.37e-7 (n=50)
  [r2c trace step 900] block 0: z mean=0.0384 s mean=0.5341 min=0.5226 max=0.5479 closed=0/512 open=0/512 | mean|s*read|=0.196136 | mean|g| ar=3.37e-6 ib=2.88e-6 z=5.99e-7 (n=50)
  [r2c trace step 900] block 1: z mean=0.0320 s mean=0.5326 min=0.5240 max=0.5429 closed=0/512 open=0/512 | mean|s*read|=0.662965 | mean|g| ar=5.33e-6 ib=4.15e-6 z=1.35e-7 (n=50)
  [r2c trace step 900] block 2: z mean=0.0315 s mean=0.5325 min=0.5224 max=0.5420 closed=0/512 open=0/512 | mean|s*read|=0.939970 | mean|g| ar=6.96e-6 ib=4.28e-6 z=1.71e-7 (n=50)
  [r2c trace step 900] block 3: z mean=0.0321 s mean=0.5326 min=0.5222 max=0.5424 closed=0/512 open=0/512 | mean|s*read|=1.266922 | mean|g| ar=8.71e-6 ib=4.60e-6 z=2.27e-7 (n=50)
  [r2c trace step 900] block 4: z mean=0.0336 s mean=0.5330 min=0.5214 max=0.5421 closed=0/512 open=0/512 | mean|s*read|=1.879705 | mean|g| ar=1.05e-5 ib=4.90e-6 z=1.32e-7 (n=50)
  [r2c trace step 950] block 0: z mean=0.0386 s mean=0.5342 min=0.5226 max=0.5480 closed=0/512 open=0/512 | mean|s*read|=0.196246 | mean|g| ar=6.11e-6 ib=5.20e-6 z=1.14e-6 (n=50)
  [r2c trace step 950] block 1: z mean=0.0320 s mean=0.5326 min=0.5243 max=0.5429 closed=0/512 open=0/512 | mean|s*read|=0.632565 | mean|g| ar=1.10e-5 ib=8.06e-6 z=1.93e-7 (n=50)
  [r2c trace step 950] block 2: z mean=0.0315 s mean=0.5325 min=0.5224 max=0.5421 closed=0/512 open=0/512 | mean|s*read|=0.797202 | mean|g| ar=1.14e-5 ib=6.72e-6 z=3.06e-7 (n=50)
  [r2c trace step 950] block 3: z mean=0.0323 s mean=0.5327 min=0.5223 max=0.5425 closed=0/512 open=0/512 | mean|s*read|=0.968337 | mean|g| ar=1.27e-5 ib=6.11e-6 z=5.77e-7 (n=50)
  [r2c trace step 950] block 4: z mean=0.0339 s mean=0.5330 min=0.5214 max=0.5421 closed=0/512 open=0/512 | mean|s*read|=1.378257 | mean|g| ar=1.59e-5 ib=6.90e-6 z=2.52e-7 (n=50)
  [trace step 1000] block 0: fast=178 medium=201 slow=133 | mean_alpha=0.2153 | mean_|grad|=0.000005 (n=250)
  [trace step 1000] block 1: fast=178 medium=199 slow=135 | mean_alpha=0.2154 | mean_|grad|=0.000004 (n=250)
  [trace step 1000] block 2: fast=178 medium=200 slow=134 | mean_alpha=0.2154 | mean_|grad|=0.000005 (n=250)
  [trace step 1000] block 3: fast=179 medium=199 slow=134 | mean_alpha=0.2152 | mean_|grad|=0.000005 (n=250)
  [trace step 1000] block 4: fast=178 medium=200 slow=134 | mean_alpha=0.2152 | mean_|grad|=0.000015 (n=250)
  [r2c trace step 1000] block 0: z mean=0.0388 s mean=0.5342 min=0.5228 max=0.5482 closed=0/512 open=0/512 | mean|s*read|=0.196731 | mean|g| ar=1.24e-5 ib=1.06e-5 z=2.31e-6 (n=50)
  [r2c trace step 1000] block 1: z mean=0.0322 s mean=0.5327 min=0.5243 max=0.5429 closed=0/512 open=0/512 | mean|s*read|=0.534486 | mean|g| ar=1.78e-5 ib=1.38e-5 z=7.68e-7 (n=50)
  [r2c trace step 1000] block 2: z mean=0.0318 s mean=0.5325 min=0.5223 max=0.5422 closed=0/512 open=0/512 | mean|s*read|=0.617036 | mean|g| ar=1.82e-5 ib=1.16e-5 z=6.32e-7 (n=50)
  [r2c trace step 1000] block 3: z mean=0.0326 s mean=0.5327 min=0.5222 max=0.5427 closed=0/512 open=0/512 | mean|s*read|=0.716365 | mean|g| ar=1.92e-5 ib=1.01e-5 z=1.45e-6 (n=50)
  [r2c trace step 1000] block 4: z mean=0.0341 s mean=0.5331 min=0.5213 max=0.5424 closed=0/512 open=0/512 | mean|s*read|=0.904837 | mean|g| ar=1.92e-5 ib=7.91e-6 z=4.80e-7 (n=50)
step 1000/1800 | epoch 2 | loss 2.7834 | 1.3 steps/s
  [r2c trace step 1050] block 0: z mean=0.0392 s mean=0.5343 min=0.5228 max=0.5485 closed=0/512 open=0/512 | mean|s*read|=0.196783 | mean|g| ar=1.64e-5 ib=1.39e-5 z=2.90e-6 (n=50)
  [r2c trace step 1050] block 1: z mean=0.0327 s mean=0.5328 min=0.5243 max=0.5431 closed=0/512 open=0/512 | mean|s*read|=0.471375 | mean|g| ar=2.02e-5 ib=1.65e-5 z=1.22e-6 (n=50)
  [r2c trace step 1050] block 2: z mean=0.0322 s mean=0.5327 min=0.5223 max=0.5425 closed=0/512 open=0/512 | mean|s*read|=0.562263 | mean|g| ar=2.10e-5 ib=1.38e-5 z=8.24e-7 (n=50)
  [r2c trace step 1050] block 3: z mean=0.0330 s mean=0.5328 min=0.5222 max=0.5430 closed=0/512 open=0/512 | mean|s*read|=0.669579 | mean|g| ar=2.19e-5 ib=1.19e-5 z=1.87e-6 (n=50)
  [r2c trace step 1050] block 4: z mean=0.0343 s mean=0.5332 min=0.5213 max=0.5426 closed=0/512 open=0/512 | mean|s*read|=0.885373 | mean|g| ar=2.18e-5 ib=9.30e-6 z=5.47e-7 (n=50)
  [r2c trace step 1100] block 0: z mean=0.0397 s mean=0.5344 min=0.5226 max=0.5489 closed=0/512 open=0/512 | mean|s*read|=0.197367 | mean|g| ar=1.49e-5 ib=1.26e-5 z=2.68e-6 (n=50)
  [r2c trace step 1100] block 1: z mean=0.0332 s mean=0.5329 min=0.5244 max=0.5435 closed=0/512 open=0/512 | mean|s*read|=0.444366 | mean|g| ar=1.75e-5 ib=1.42e-5 z=8.65e-7 (n=50)
  [r2c trace step 1100] block 2: z mean=0.0327 s mean=0.5328 min=0.5223 max=0.5427 closed=0/512 open=0/512 | mean|s*read|=0.542004 | mean|g| ar=1.80e-5 ib=1.22e-5 z=7.69e-7 (n=50)
  [r2c trace step 1100] block 3: z mean=0.0334 s mean=0.5329 min=0.5221 max=0.5433 closed=0/512 open=0/512 | mean|s*read|=0.667241 | mean|g| ar=1.99e-5 ib=1.06e-5 z=1.19e-6 (n=50)
  [r2c trace step 1100] block 4: z mean=0.0345 s mean=0.5332 min=0.5213 max=0.5428 closed=0/512 open=0/512 | mean|s*read|=0.903569 | mean|g| ar=2.00e-5 ib=7.90e-6 z=4.20e-7 (n=50)
  [r2c trace step 1150] block 0: z mean=0.0401 s mean=0.5345 min=0.5227 max=0.5493 closed=0/512 open=0/512 | mean|s*read|=0.198274 | mean|g| ar=1.54e-5 ib=1.34e-5 z=3.00e-6 (n=50)
  [r2c trace step 1150] block 1: z mean=0.0337 s mean=0.5330 min=0.5243 max=0.5439 closed=0/512 open=0/512 | mean|s*read|=0.432753 | mean|g| ar=1.80e-5 ib=1.43e-5 z=7.64e-7 (n=50)
  [r2c trace step 1150] block 2: z mean=0.0332 s mean=0.5329 min=0.5223 max=0.5430 closed=0/512 open=0/512 | mean|s*read|=0.510091 | mean|g| ar=1.80e-5 ib=1.21e-5 z=7.61e-7 (n=50)
  [r2c trace step 1150] block 3: z mean=0.0338 s mean=0.5330 min=0.5220 max=0.5438 closed=0/512 open=0/512 | mean|s*read|=0.610171 | mean|g| ar=1.89e-5 ib=1.07e-5 z=1.55e-6 (n=50)
  [r2c trace step 1150] block 4: z mean=0.0347 s mean=0.5332 min=0.5211 max=0.5430 closed=0/512 open=0/512 | mean|s*read|=0.832766 | mean|g| ar=1.86e-5 ib=7.72e-6 z=5.12e-7 (n=50)
  [r2c trace step 1200] block 0: z mean=0.0406 s mean=0.5346 min=0.5226 max=0.5498 closed=0/512 open=0/512 | mean|s*read|=0.198502 | mean|g| ar=1.82e-5 ib=1.52e-5 z=4.98e-6 (n=50)
  [r2c trace step 1200] block 1: z mean=0.0343 s mean=0.5331 min=0.5243 max=0.5445 closed=0/512 open=0/512 | mean|s*read|=0.401927 | mean|g| ar=1.89e-5 ib=1.55e-5 z=1.36e-6 (n=50)
  [r2c trace step 1200] block 2: z mean=0.0338 s mean=0.5330 min=0.5223 max=0.5434 closed=0/512 open=0/512 | mean|s*read|=0.468059 | mean|g| ar=1.84e-5 ib=1.31e-5 z=1.13e-6 (n=50)
  [r2c trace step 1200] block 3: z mean=0.0343 s mean=0.5332 min=0.5219 max=0.5443 closed=0/512 open=0/512 | mean|s*read|=0.557365 | mean|g| ar=1.94e-5 ib=1.12e-5 z=1.35e-6 (n=50)
  [r2c trace step 1200] block 4: z mean=0.0350 s mean=0.5333 min=0.5211 max=0.5433 closed=0/512 open=0/512 | mean|s*read|=0.766251 | mean|g| ar=1.82e-5 ib=8.20e-6 z=5.79e-7 (n=50)
  [trace step 1250] block 0: fast=178 medium=201 slow=133 | mean_alpha=0.2154 | mean_|grad|=0.000013 (n=250)
  [trace step 1250] block 1: fast=178 medium=199 slow=135 | mean_alpha=0.2154 | mean_|grad|=0.000010 (n=250)
  [trace step 1250] block 2: fast=178 medium=200 slow=134 | mean_alpha=0.2154 | mean_|grad|=0.000011 (n=250)
  [trace step 1250] block 3: fast=179 medium=199 slow=134 | mean_alpha=0.2152 | mean_|grad|=0.000012 (n=250)
  [trace step 1250] block 4: fast=178 medium=200 slow=134 | mean_alpha=0.2152 | mean_|grad|=0.000027 (n=250)
  [r2c trace step 1250] block 0: z mean=0.0409 s mean=0.5347 min=0.5225 max=0.5503 closed=0/512 open=0/512 | mean|s*read|=0.199481 | mean|g| ar=1.42e-5 ib=1.20e-5 z=3.78e-6 (n=50)
  [r2c trace step 1250] block 1: z mean=0.0349 s mean=0.5333 min=0.5242 max=0.5452 closed=0/512 open=0/512 | mean|s*read|=0.413558 | mean|g| ar=1.57e-5 ib=1.29e-5 z=1.10e-6 (n=50)
  [r2c trace step 1250] block 2: z mean=0.0343 s mean=0.5331 min=0.5224 max=0.5436 closed=0/512 open=0/512 | mean|s*read|=0.506300 | mean|g| ar=1.60e-5 ib=1.01e-5 z=1.41e-6 (n=50)
  [r2c trace step 1250] block 3: z mean=0.0347 s mean=0.5332 min=0.5218 max=0.5446 closed=0/512 open=0/512 | mean|s*read|=0.626737 | mean|g| ar=1.72e-5 ib=9.01e-6 z=1.60e-6 (n=50)
  [r2c trace step 1250] block 4: z mean=0.0352 s mean=0.5334 min=0.5211 max=0.5432 closed=0/512 open=0/512 | mean|s*read|=0.854503 | mean|g| ar=1.65e-5 ib=6.84e-6 z=5.60e-7 (n=50)
step 1250/1800 | epoch 2 | loss 2.7779 | 1.2 steps/s
  validation: loss 2.8036 | 4.045 bits/byte
  [r2c trace step 1300] block 0: z mean=0.0414 s mean=0.5348 min=0.5225 max=0.5507 closed=0/512 open=0/512 | mean|s*read|=0.199750 | mean|g| ar=1.70e-5 ib=1.43e-5 z=4.24e-6 (n=50)
  [r2c trace step 1300] block 1: z mean=0.0355 s mean=0.5334 min=0.5243 max=0.5461 closed=0/512 open=0/512 | mean|s*read|=0.406884 | mean|g| ar=1.80e-5 ib=1.52e-5 z=1.09e-6 (n=50)
  [r2c trace step 1300] block 2: z mean=0.0348 s mean=0.5333 min=0.5225 max=0.5439 closed=0/512 open=0/512 | mean|s*read|=0.483817 | mean|g| ar=1.77e-5 ib=1.22e-5 z=1.22e-6 (n=50)
  [r2c trace step 1300] block 3: z mean=0.0351 s mean=0.5333 min=0.5218 max=0.5447 closed=0/512 open=0/512 | mean|s*read|=0.581001 | mean|g| ar=1.82e-5 ib=1.06e-5 z=1.57e-6 (n=50)
  [r2c trace step 1300] block 4: z mean=0.0356 s mean=0.5334 min=0.5211 max=0.5435 closed=0/512 open=0/512 | mean|s*read|=0.748007 | mean|g| ar=1.64e-5 ib=7.88e-6 z=6.33e-7 (n=50)
  [r2c trace step 1350] block 0: z mean=0.0420 s mean=0.5350 min=0.5224 max=0.5517 closed=0/512 open=0/512 | mean|s*read|=0.199292 | mean|g| ar=1.49e-5 ib=1.27e-5 z=4.02e-6 (n=50)
  [r2c trace step 1350] block 1: z mean=0.0363 s mean=0.5336 min=0.5242 max=0.5470 closed=0/512 open=0/512 | mean|s*read|=0.384256 | mean|g| ar=1.57e-5 ib=1.31e-5 z=5.83e-7 (n=50)
  [r2c trace step 1350] block 2: z mean=0.0354 s mean=0.5334 min=0.5225 max=0.5450 closed=0/512 open=0/512 | mean|s*read|=0.447020 | mean|g| ar=1.55e-5 ib=1.06e-5 z=9.41e-7 (n=50)
  [r2c trace step 1350] block 3: z mean=0.0357 s mean=0.5335 min=0.5218 max=0.5449 closed=0/512 open=0/512 | mean|s*read|=0.556296 | mean|g| ar=1.63e-5 ib=9.66e-6 z=1.22e-6 (n=50)
  [r2c trace step 1350] block 4: z mean=0.0359 s mean=0.5335 min=0.5210 max=0.5438 closed=0/512 open=0/512 | mean|s*read|=0.768816 | mean|g| ar=1.69e-5 ib=7.71e-6 z=4.91e-7 (n=50)
  [r2c trace step 1400] block 0: z mean=0.0426 s mean=0.5351 min=0.5224 max=0.5522 closed=0/512 open=0/512 | mean|s*read|=0.200107 | mean|g| ar=1.65e-5 ib=1.38e-5 z=4.25e-6 (n=50)
  [r2c trace step 1400] block 1: z mean=0.0370 s mean=0.5338 min=0.5242 max=0.5480 closed=0/512 open=0/512 | mean|s*read|=0.367380 | mean|g| ar=1.66e-5 ib=1.37e-5 z=1.10e-6 (n=50)
  [r2c trace step 1400] block 2: z mean=0.0360 s mean=0.5335 min=0.5226 max=0.5460 closed=0/512 open=0/512 | mean|s*read|=0.415106 | mean|g| ar=1.60e-5 ib=1.12e-5 z=9.36e-7 (n=50)
  [r2c trace step 1400] block 3: z mean=0.0362 s mean=0.5336 min=0.5218 max=0.5455 closed=0/512 open=0/512 | mean|s*read|=0.504561 | mean|g| ar=1.66e-5 ib=9.81e-6 z=8.28e-7 (n=50)
  [r2c trace step 1400] block 4: z mean=0.0362 s mean=0.5336 min=0.5210 max=0.5441 closed=0/512 open=0/512 | mean|s*read|=0.685590 | mean|g| ar=1.56e-5 ib=7.26e-6 z=4.59e-7 (n=50)
  [r2c trace step 1450] block 0: z mean=0.0430 s mean=0.5352 min=0.5222 max=0.5528 closed=0/512 open=0/512 | mean|s*read|=0.200603 | mean|g| ar=1.20e-5 ib=1.03e-5 z=3.14e-6 (n=50)
  [r2c trace step 1450] block 1: z mean=0.0374 s mean=0.5339 min=0.5242 max=0.5482 closed=0/512 open=0/512 | mean|s*read|=0.375265 | mean|g| ar=1.24e-5 ib=1.00e-5 z=6.12e-7 (n=50)
  [r2c trace step 1450] block 2: z mean=0.0364 s mean=0.5336 min=0.5226 max=0.5467 closed=0/512 open=0/512 | mean|s*read|=0.450678 | mean|g| ar=1.24e-5 ib=8.27e-6 z=3.83e-7 (n=50)
  [r2c trace step 1450] block 3: z mean=0.0365 s mean=0.5337 min=0.5217 max=0.5457 closed=0/512 open=0/512 | mean|s*read|=0.573509 | mean|g| ar=1.39e-5 ib=7.44e-6 z=7.36e-7 (n=50)
  [r2c trace step 1450] block 4: z mean=0.0364 s mean=0.5336 min=0.5210 max=0.5443 closed=0/512 open=0/512 | mean|s*read|=0.765222 | mean|g| ar=1.35e-5 ib=5.86e-6 z=2.92e-7 (n=50)
  [trace step 1500] block 0: fast=177 medium=202 slow=133 | mean_alpha=0.2155 | mean_|grad|=0.000014 (n=250)
  [trace step 1500] block 1: fast=178 medium=199 slow=135 | mean_alpha=0.2155 | mean_|grad|=0.000010 (n=250)
  [trace step 1500] block 2: fast=178 medium=200 slow=134 | mean_alpha=0.2154 | mean_|grad|=0.000011 (n=250)
  [trace step 1500] block 3: fast=179 medium=199 slow=134 | mean_alpha=0.2152 | mean_|grad|=0.000012 (n=250)
  [trace step 1500] block 4: fast=178 medium=200 slow=134 | mean_alpha=0.2152 | mean_|grad|=0.000026 (n=250)
  [r2c trace step 1500] block 0: z mean=0.0434 s mean=0.5353 min=0.5221 max=0.5530 closed=0/512 open=0/512 | mean|s*read|=0.201635 | mean|g| ar=1.38e-5 ib=1.15e-5 z=2.89e-6 (n=50)
  [r2c trace step 1500] block 1: z mean=0.0378 s mean=0.5340 min=0.5242 max=0.5490 closed=0/512 open=0/512 | mean|s*read|=0.383478 | mean|g| ar=1.35e-5 ib=1.13e-5 z=7.74e-7 (n=50)
  [r2c trace step 1500] block 2: z mean=0.0367 s mean=0.5337 min=0.5223 max=0.5472 closed=0/512 open=0/512 | mean|s*read|=0.471576 | mean|g| ar=1.40e-5 ib=9.36e-6 z=6.48e-7 (n=50)
  [r2c trace step 1500] block 3: z mean=0.0368 s mean=0.5337 min=0.5218 max=0.5461 closed=0/512 open=0/512 | mean|s*read|=0.589865 | mean|g| ar=1.54e-5 ib=8.35e-6 z=8.59e-7 (n=50)
  [r2c trace step 1500] block 4: z mean=0.0366 s mean=0.5337 min=0.5210 max=0.5445 closed=0/512 open=0/512 | mean|s*read|=0.784710 | mean|g| ar=1.42e-5 ib=5.82e-6 z=2.44e-7 (n=50)
step 1500/1800 | epoch 2 | loss 2.7774 | 1.1 steps/s
  [r2c trace step 1550] block 0: z mean=0.0437 s mean=0.5354 min=0.5220 max=0.5531 closed=0/512 open=0/512 | mean|s*read|=0.202163 | mean|g| ar=9.91e-6 ib=8.24e-6 z=2.58e-6 (n=50)
  [r2c trace step 1550] block 1: z mean=0.0380 s mean=0.5340 min=0.5242 max=0.5496 closed=0/512 open=0/512 | mean|s*read|=0.394803 | mean|g| ar=1.06e-5 ib=8.33e-6 z=4.18e-7 (n=50)
  [r2c trace step 1550] block 2: z mean=0.0370 s mean=0.5338 min=0.5223 max=0.5472 closed=0/512 open=0/512 | mean|s*read|=0.480502 | mean|g| ar=1.04e-5 ib=6.64e-6 z=5.65e-7 (n=50)
  [r2c trace step 1550] block 3: z mean=0.0370 s mean=0.5338 min=0.5218 max=0.5464 closed=0/512 open=0/512 | mean|s*read|=0.604599 | mean|g| ar=1.17e-5 ib=5.74e-6 z=7.38e-7 (n=50)
  [r2c trace step 1550] block 4: z mean=0.0366 s mean=0.5337 min=0.5210 max=0.5446 closed=0/512 open=0/512 | mean|s*read|=0.807166 | mean|g| ar=1.12e-5 ib=4.50e-6 z=3.33e-7 (n=50)
  [r2c trace step 1600] block 0: z mean=0.0442 s mean=0.5355 min=0.5220 max=0.5533 closed=0/512 open=0/512 | mean|s*read|=0.202465 | mean|g| ar=1.32e-5 ib=1.14e-5 z=3.39e-6 (n=50)
  [r2c trace step 1600] block 1: z mean=0.0385 s mean=0.5341 min=0.5242 max=0.5507 closed=0/512 open=0/512 | mean|s*read|=0.376708 | mean|g| ar=1.38e-5 ib=1.12e-5 z=5.60e-7 (n=50)
  [r2c trace step 1600] block 2: z mean=0.0374 s mean=0.5339 min=0.5223 max=0.5479 closed=0/512 open=0/512 | mean|s*read|=0.426768 | mean|g| ar=1.30e-5 ib=8.58e-6 z=5.17e-7 (n=50)
  [r2c trace step 1600] block 3: z mean=0.0374 s mean=0.5339 min=0.5220 max=0.5465 closed=0/512 open=0/512 | mean|s*read|=0.498917 | mean|g| ar=1.35e-5 ib=7.66e-6 z=1.03e-6 (n=50)
  [r2c trace step 1600] block 4: z mean=0.0369 s mean=0.5338 min=0.5208 max=0.5447 closed=0/512 open=0/512 | mean|s*read|=0.648146 | mean|g| ar=1.20e-5 ib=5.50e-6 z=4.84e-7 (n=50)
  [r2c trace step 1650] block 0: z mean=0.0446 s mean=0.5356 min=0.5220 max=0.5539 closed=0/512 open=0/512 | mean|s*read|=0.202544 | mean|g| ar=1.54e-5 ib=1.32e-5 z=5.42e-6 (n=50)
  [r2c trace step 1650] block 1: z mean=0.0391 s mean=0.5343 min=0.5244 max=0.5515 closed=0/512 open=0/512 | mean|s*read|=0.353688 | mean|g| ar=1.56e-5 ib=1.25e-5 z=8.12e-7 (n=50)
  [r2c trace step 1650] block 2: z mean=0.0379 s mean=0.5340 min=0.5225 max=0.5488 closed=0/512 open=0/512 | mean|s*read|=0.389354 | mean|g| ar=1.43e-5 ib=9.86e-6 z=6.22e-7 (n=50)
  [r2c trace step 1650] block 3: z mean=0.0378 s mean=0.5340 min=0.5220 max=0.5469 closed=0/512 open=0/512 | mean|s*read|=0.471636 | mean|g| ar=1.53e-5 ib=8.77e-6 z=1.03e-6 (n=50)
  [r2c trace step 1650] block 4: z mean=0.0371 s mean=0.5338 min=0.5207 max=0.5450 closed=0/512 open=0/512 | mean|s*read|=0.613895 | mean|g| ar=1.36e-5 ib=6.13e-6 z=5.71e-7 (n=50)
  [r2c trace step 1700] block 0: z mean=0.0451 s mean=0.5357 min=0.5220 max=0.5541 closed=0/512 open=0/512 | mean|s*read|=0.202602 | mean|g| ar=1.21e-5 ib=1.04e-5 z=3.39e-6 (n=50)
  [r2c trace step 1700] block 1: z mean=0.0396 s mean=0.5344 min=0.5245 max=0.5529 closed=0/512 open=0/512 | mean|s*read|=0.379347 | mean|g| ar=1.17e-5 ib=1.00e-5 z=7.99e-7 (n=50)
  [r2c trace step 1700] block 2: z mean=0.0384 s mean=0.5341 min=0.5224 max=0.5502 closed=0/512 open=0/512 | mean|s*read|=0.431516 | mean|g| ar=1.16e-5 ib=7.61e-6 z=6.18e-7 (n=50)
  [r2c trace step 1700] block 3: z mean=0.0383 s mean=0.5341 min=0.5222 max=0.5471 closed=0/512 open=0/512 | mean|s*read|=0.557714 | mean|g| ar=1.28e-5 ib=6.75e-6 z=9.38e-7 (n=50)
  [r2c trace step 1700] block 4: z mean=0.0372 s mean=0.5338 min=0.5208 max=0.5451 closed=0/512 open=0/512 | mean|s*read|=0.770459 | mean|g| ar=1.15e-5 ib=5.28e-6 z=3.36e-7 (n=50)
  [trace step 1750] block 0: fast=177 medium=202 slow=133 | mean_alpha=0.2156 | mean_|grad|=0.000014 (n=250)
  [trace step 1750] block 1: fast=178 medium=199 slow=135 | mean_alpha=0.2155 | mean_|grad|=0.000009 (n=250)
  [trace step 1750] block 2: fast=178 medium=200 slow=134 | mean_alpha=0.2154 | mean_|grad|=0.000010 (n=250)
  [trace step 1750] block 3: fast=179 medium=199 slow=134 | mean_alpha=0.2152 | mean_|grad|=0.000011 (n=250)
  [trace step 1750] block 4: fast=179 medium=199 slow=134 | mean_alpha=0.2152 | mean_|grad|=0.000023 (n=250)
  [r2c trace step 1750] block 0: z mean=0.0454 s mean=0.5358 min=0.5220 max=0.5544 closed=0/512 open=0/512 | mean|s*read|=0.203554 | mean|g| ar=1.19e-5 ib=1.02e-5 z=3.22e-6 (n=50)
  [r2c trace step 1750] block 1: z mean=0.0399 s mean=0.5345 min=0.5245 max=0.5534 closed=0/512 open=0/512 | mean|s*read|=0.376364 | mean|g| ar=1.19e-5 ib=9.76e-6 z=8.94e-7 (n=50)
  [r2c trace step 1750] block 2: z mean=0.0387 s mean=0.5342 min=0.5226 max=0.5507 closed=0/512 open=0/512 | mean|s*read|=0.422584 | mean|g| ar=1.18e-5 ib=7.68e-6 z=1.09e-6 (n=50)
  [r2c trace step 1750] block 3: z mean=0.0385 s mean=0.5341 min=0.5221 max=0.5476 closed=0/512 open=0/512 | mean|s*read|=0.526001 | mean|g| ar=1.32e-5 ib=6.94e-6 z=8.45e-7 (n=50)
  [r2c trace step 1750] block 4: z mean=0.0374 s mean=0.5339 min=0.5209 max=0.5452 closed=0/512 open=0/512 | mean|s*read|=0.667659 | mean|g| ar=1.19e-5 ib=4.82e-6 z=4.03e-7 (n=50)
step 1750/1800 | epoch 2 | loss 2.7778 | 1.2 steps/s
  [r2c trace step 1800] block 0: z mean=0.0458 s mean=0.5359 min=0.5223 max=0.5547 closed=0/512 open=0/512 | mean|s*read|=0.204198 | mean|g| ar=1.40e-5 ib=1.15e-5 z=3.84e-6 (n=50)
  [r2c trace step 1800] block 1: z mean=0.0403 s mean=0.5346 min=0.5247 max=0.5547 closed=0/512 open=0/512 | mean|s*read|=0.364816 | mean|g| ar=1.41e-5 ib=1.12e-5 z=8.99e-7 (n=50)
  [r2c trace step 1800] block 2: z mean=0.0391 s mean=0.5343 min=0.5224 max=0.5523 closed=0/512 open=0/512 | mean|s*read|=0.415471 | mean|g| ar=1.38e-5 ib=8.87e-6 z=9.59e-7 (n=50)
  [r2c trace step 1800] block 3: z mean=0.0388 s mean=0.5342 min=0.5221 max=0.5482 closed=0/512 open=0/512 | mean|s*read|=0.512473 | mean|g| ar=1.48e-5 ib=7.90e-6 z=1.18e-6 (n=50)
  [r2c trace step 1800] block 4: z mean=0.0375 s mean=0.5339 min=0.5209 max=0.5454 closed=0/512 open=0/512 | mean|s*read|=0.662810 | mean|g| ar=1.22e-5 ib=5.08e-6 z=5.75e-7 (n=50)
eva: process memory peak 459.9 MB

-- what holds the training memory --
  parameters                51.2 MB   (unavoidable)
  AdamW state              102.3 MB   (unavoidable today)
  GRAPH, own peak           15.0 MB
  live nodes, peak           119
  graph alive now            0.0 MB   (0 if everything was freed)
  GRADIENT MAP              51.2 MB   <- a new Vec per tensor, every step

-- who holds, accumulated over the whole training run --
  clockmem_inject_learn_gc   19056.0 MB in    9500 nodes     67%
  sigmoid             9518.6 MB in   19000 nodes     33%
  gather                 7.5 MB in    1900 nodes      0%
  ce                     7.4 MB in    1900 nodes      0%
  add                    2.8 MB in   66500 nodes      0%
  matmul                 1.6 MB in   68400 nodes      0%
  rms_norm               0.6 MB in   30400 nodes      0%
  mul                    0.4 MB in    9500 nodes      0%
  parameter copies from a shared Arc: 0  (has to be 0)
eva: FINAL VALIDATION loss 2.7942 | 4.031 bits/byte (100 windows, arch clock)
eva: rule 'all' | 1800 forward, 1800 backward (100% learned)
eva: training finished in 1421.5s, weights in 16m5b_N256_T1_win257_r2c.weights
