eva: dataset 512001 bytes, 1000 windows, 14063621 params
eva: 900 windows to train on, 100 to validate
eva: alpha/gradient TRACE ACTIVE (EVA_ALPHA_TRACE)
eva: wread TRACE ACTIVE (EVA_WREAD_TRACE)
[eva] matmul on GPU: NVIDIA GeForce GTX 1650
  [wread trace step 50] block 0: j0=0.002405 mean_taps=0.007535 max_taps=1.001230 | w[N-1]=1.001230 w[N]=0.330589 (rms/tap)
  [wread trace step 50] block 1: j0=0.002337 mean_taps=0.007530 max_taps=1.000704 | w[N-1]=1.000704 w[N]=0.330499 (rms/tap)
  [wread trace step 50] block 2: j0=0.002280 mean_taps=0.007525 max_taps=1.000310 | w[N-1]=1.000310 w[N]=0.330548 (rms/tap)
  [wread trace step 50] block 3: j0=0.002221 mean_taps=0.007506 max_taps=1.000136 | w[N-1]=1.000136 w[N]=0.330538 (rms/tap)
  [wread trace step 50] block 4: j0=0.002373 mean_taps=0.007498 max_taps=1.000037 | w[N-1]=1.000037 w[N]=0.330586 (rms/tap)
  [wread trace step 100] block 0: j0=0.003451 mean_taps=0.008426 max_taps=1.006558 | w[N-1]=1.006558 w[N]=0.330617 (rms/tap)
  [wread trace step 100] block 1: j0=0.003264 mean_taps=0.008396 max_taps=1.003912 | w[N-1]=1.003912 w[N]=0.330429 (rms/tap)
  [wread trace step 100] block 2: j0=0.003226 mean_taps=0.008403 max_taps=1.002761 | w[N-1]=1.002761 w[N]=0.330416 (rms/tap)
  [wread trace step 100] block 3: j0=0.003025 mean_taps=0.008384 max_taps=1.001875 | w[N-1]=1.001875 w[N]=0.330546 (rms/tap)
  [wread trace step 100] block 4: j0=0.003157 mean_taps=0.008353 max_taps=1.001557 | w[N-1]=1.001557 w[N]=0.330637 (rms/tap)
  [wread trace step 150] block 0: j0=0.004943 mean_taps=0.009259 max_taps=1.016905 | w[N-1]=1.016905 w[N]=0.330716 (rms/tap)
  [wread trace step 150] block 1: j0=0.004070 mean_taps=0.009128 max_taps=1.010047 | w[N-1]=1.010047 w[N]=0.330626 (rms/tap)
  [wread trace step 150] block 2: j0=0.004114 mean_taps=0.009131 max_taps=1.008020 | w[N-1]=1.008020 w[N]=0.330793 (rms/tap)
  [wread trace step 150] block 3: j0=0.003998 mean_taps=0.009180 max_taps=1.006785 | w[N-1]=1.006785 w[N]=0.331258 (rms/tap)
  [wread trace step 150] block 4: j0=0.004196 mean_taps=0.009330 max_taps=1.006350 | w[N-1]=1.006350 w[N]=0.331667 (rms/tap)
  [wread trace step 200] block 0: j0=0.006621 mean_taps=0.010362 max_taps=1.027629 | w[N-1]=1.027629 w[N]=0.330586 (rms/tap)
  [wread trace step 200] block 1: j0=0.005057 mean_taps=0.009791 max_taps=1.015533 | w[N-1]=1.015533 w[N]=0.330796 (rms/tap)
  [wread trace step 200] block 2: j0=0.005005 mean_taps=0.009723 max_taps=1.012536 | w[N-1]=1.012536 w[N]=0.330912 (rms/tap)
  [wread trace step 200] block 3: j0=0.005692 mean_taps=0.009768 max_taps=1.010127 | w[N-1]=1.010127 w[N]=0.331781 (rms/tap)
  [wread trace step 200] block 4: j0=0.005888 mean_taps=0.010217 max_taps=1.010034 | w[N-1]=1.010034 w[N]=0.333195 (rms/tap)
  [trace step 250] block 0: fast=179 medium=199 slow=134 | mean_alpha=0.2155 | mean_|grad|=0.000620 (n=250)
  [trace step 250] block 1: fast=180 medium=198 slow=134 | mean_alpha=0.2150 | mean_|grad|=0.000327 (n=250)
  [trace step 250] block 2: fast=180 medium=198 slow=134 | mean_alpha=0.2150 | mean_|grad|=0.000234 (n=250)
  [trace step 250] block 3: fast=180 medium=198 slow=134 | mean_alpha=0.2149 | mean_|grad|=0.000283 (n=250)
  [trace step 250] block 4: fast=180 medium=198 slow=134 | mean_alpha=0.2148 | mean_|grad|=0.001094 (n=250)
  [wread trace step 250] block 0: j0=0.008631 mean_taps=0.012069 max_taps=1.035292 | w[N-1]=1.035292 w[N]=0.330338 (rms/tap)
  [wread trace step 250] block 1: j0=0.006418 mean_taps=0.010743 max_taps=1.019943 | w[N-1]=1.019943 w[N]=0.330888 (rms/tap)
  [wread trace step 250] block 2: j0=0.005953 mean_taps=0.010462 max_taps=1.016293 | w[N-1]=1.016293 w[N]=0.331104 (rms/tap)
  [wread trace step 250] block 3: j0=0.007005 mean_taps=0.010203 max_taps=1.012620 | w[N-1]=1.012620 w[N]=0.332351 (rms/tap)
  [wread trace step 250] block 4: j0=0.007618 mean_taps=0.010579 max_taps=1.011414 | w[N-1]=1.011414 w[N]=0.334193 (rms/tap)
step 250/1800 | epoch 1 | loss 4.5281 | 1.4 steps/s
  [wread trace step 300] block 0: j0=0.010025 mean_taps=0.013095 max_taps=1.039708 | w[N-1]=1.039708 w[N]=0.330201 (rms/tap)
  [wread trace step 300] block 1: j0=0.007338 mean_taps=0.011470 max_taps=1.023076 | w[N-1]=1.023076 w[N]=0.330458 (rms/tap)
  [wread trace step 300] block 2: j0=0.006825 mean_taps=0.011186 max_taps=1.019438 | w[N-1]=1.019438 w[N]=0.330740 (rms/tap)
  [wread trace step 300] block 3: j0=0.007736 mean_taps=0.010723 max_taps=1.015553 | w[N-1]=1.015553 w[N]=0.332061 (rms/tap)
  [wread trace step 300] block 4: j0=0.009504 mean_taps=0.011025 max_taps=1.011549 | w[N-1]=1.011549 w[N]=0.335055 (rms/tap)
  [wread trace step 350] block 0: j0=0.010718 mean_taps=0.014104 max_taps=1.044137 | w[N-1]=1.044137 w[N]=0.329956 (rms/tap)
  [wread trace step 350] block 1: j0=0.008510 mean_taps=0.012639 max_taps=1.026098 | w[N-1]=1.026098 w[N]=0.330269 (rms/tap)
  [wread trace step 350] block 2: j0=0.007700 mean_taps=0.012227 max_taps=1.021574 | w[N-1]=1.021574 w[N]=0.330854 (rms/tap)
  [wread trace step 350] block 3: j0=0.008161 mean_taps=0.011589 max_taps=1.016741 | w[N-1]=1.016741 w[N]=0.331828 (rms/tap)
  [wread trace step 350] block 4: j0=0.010688 mean_taps=0.012136 max_taps=1.011692 | w[N-1]=1.011692 w[N]=0.335476 (rms/tap)
  [wread trace step 400] block 0: j0=0.010908 mean_taps=0.014184 max_taps=1.051720 | w[N-1]=1.051720 w[N]=0.329864 (rms/tap)
  [wread trace step 400] block 1: j0=0.008627 mean_taps=0.012683 max_taps=1.030239 | w[N-1]=1.030239 w[N]=0.330404 (rms/tap)
  [wread trace step 400] block 2: j0=0.007847 mean_taps=0.012326 max_taps=1.023060 | w[N-1]=1.023060 w[N]=0.331364 (rms/tap)
  [wread trace step 400] block 3: j0=0.008570 mean_taps=0.011795 max_taps=1.017085 | w[N-1]=1.017085 w[N]=0.332225 (rms/tap)
  [wread trace step 400] block 4: j0=0.014895 mean_taps=0.014292 max_taps=1.013268 | w[N-1]=1.013268 w[N]=0.335469 (rms/tap)
  [wread trace step 450] block 0: j0=0.011222 mean_taps=0.014111 max_taps=1.056354 | w[N-1]=1.056354 w[N]=0.329678 (rms/tap)
  [wread trace step 450] block 1: j0=0.008762 mean_taps=0.012636 max_taps=1.032438 | w[N-1]=1.032438 w[N]=0.330371 (rms/tap)
  [wread trace step 450] block 2: j0=0.007974 mean_taps=0.012334 max_taps=1.024128 | w[N-1]=1.024128 w[N]=0.331599 (rms/tap)
  [wread trace step 450] block 3: j0=0.009206 mean_taps=0.011954 max_taps=1.017610 | w[N-1]=1.017610 w[N]=0.332370 (rms/tap)
  [wread trace step 450] block 4: j0=0.018084 mean_taps=0.015920 max_taps=1.014065 | w[N-1]=1.014065 w[N]=0.335436 (rms/tap)
  [trace step 500] block 0: fast=180 medium=198 slow=134 | mean_alpha=0.2155 | mean_|grad|=0.001484 (n=250)
  [trace step 500] block 1: fast=181 medium=197 slow=134 | mean_alpha=0.2148 | mean_|grad|=0.000980 (n=250)
  [trace step 500] block 2: fast=180 medium=198 slow=134 | mean_alpha=0.2147 | mean_|grad|=0.000776 (n=250)
  [trace step 500] block 3: fast=180 medium=198 slow=134 | mean_alpha=0.2145 | mean_|grad|=0.000690 (n=250)
  [trace step 500] block 4: fast=180 medium=196 slow=136 | mean_alpha=0.2164 | mean_|grad|=0.001490 (n=250)
  [wread trace step 500] block 0: j0=0.011877 mean_taps=0.014060 max_taps=1.060858 | w[N-1]=1.060858 w[N]=0.329506 (rms/tap)
  [wread trace step 500] block 1: j0=0.008891 mean_taps=0.012632 max_taps=1.034220 | w[N-1]=1.034220 w[N]=0.330374 (rms/tap)
  [wread trace step 500] block 2: j0=0.008296 mean_taps=0.012357 max_taps=1.025118 | w[N-1]=1.025118 w[N]=0.331709 (rms/tap)
  [wread trace step 500] block 3: j0=0.010024 mean_taps=0.012073 max_taps=1.017850 | w[N-1]=1.017850 w[N]=0.332588 (rms/tap)
  [wread trace step 500] block 4: j0=0.020044 mean_taps=0.016919 max_taps=1.014361 | w[N-1]=1.014361 w[N]=0.335376 (rms/tap)
step 500/1800 | epoch 1 | loss 3.6536 | 1.4 steps/s
  [wread trace step 550] block 0: j0=0.013403 mean_taps=0.014053 max_taps=1.068118 | w[N-1]=1.068118 w[N]=0.329325 (rms/tap)
  [wread trace step 550] block 1: j0=0.009490 mean_taps=0.012723 max_taps=1.036624 | w[N-1]=1.036624 w[N]=0.330623 (rms/tap)
  [wread trace step 550] block 2: j0=0.008970 mean_taps=0.012483 max_taps=1.026844 | w[N-1]=1.026844 w[N]=0.331900 (rms/tap)
  [wread trace step 550] block 3: j0=0.011243 mean_taps=0.012495 max_taps=1.018658 | w[N-1]=1.018658 w[N]=0.332599 (rms/tap)
  [wread trace step 550] block 4: j0=0.021362 mean_taps=0.017629 max_taps=1.014411 | w[N-1]=1.014411 w[N]=0.335320 (rms/tap)
  [wread trace step 600] block 0: j0=0.016831 mean_taps=0.014599 max_taps=1.081280 | w[N-1]=1.081280 w[N]=0.328618 (rms/tap)
  [wread trace step 600] block 1: j0=0.011452 mean_taps=0.013175 max_taps=1.039544 | w[N-1]=1.039544 w[N]=0.330728 (rms/tap)
  [wread trace step 600] block 2: j0=0.010880 mean_taps=0.012917 max_taps=1.028847 | w[N-1]=1.028847 w[N]=0.332177 (rms/tap)
  [wread trace step 600] block 3: j0=0.013210 mean_taps=0.012818 max_taps=1.019408 | w[N-1]=1.019408 w[N]=0.332503 (rms/tap)
  [wread trace step 600] block 4: j0=0.022175 mean_taps=0.018135 max_taps=1.014344 | w[N-1]=1.014344 w[N]=0.335262 (rms/tap)
  [wread trace step 650] block 0: j0=0.016786 mean_taps=0.015679 max_taps=1.092552 | w[N-1]=1.092552 w[N]=0.328777 (rms/tap)
  [wread trace step 650] block 1: j0=0.012810 mean_taps=0.013578 max_taps=1.042003 | w[N-1]=1.042003 w[N]=0.330590 (rms/tap)
  [wread trace step 650] block 2: j0=0.012183 mean_taps=0.013378 max_taps=1.030181 | w[N-1]=1.030181 w[N]=0.332075 (rms/tap)
  [wread trace step 650] block 3: j0=0.014425 mean_taps=0.013087 max_taps=1.019627 | w[N-1]=1.019627 w[N]=0.332474 (rms/tap)
  [wread trace step 650] block 4: j0=0.022641 mean_taps=0.018484 max_taps=1.014293 | w[N-1]=1.014293 w[N]=0.335162 (rms/tap)
  [wread trace step 700] block 0: j0=0.017724 mean_taps=0.015656 max_taps=1.100420 | w[N-1]=1.100420 w[N]=0.328702 (rms/tap)
  [wread trace step 700] block 1: j0=0.014041 mean_taps=0.013730 max_taps=1.044336 | w[N-1]=1.044336 w[N]=0.330301 (rms/tap)
  [wread trace step 700] block 2: j0=0.012844 mean_taps=0.013676 max_taps=1.031265 | w[N-1]=1.031265 w[N]=0.331860 (rms/tap)
  [wread trace step 700] block 3: j0=0.014935 mean_taps=0.013283 max_taps=1.019775 | w[N-1]=1.019775 w[N]=0.332349 (rms/tap)
  [wread trace step 700] block 4: j0=0.022918 mean_taps=0.018674 max_taps=1.014194 | w[N-1]=1.014194 w[N]=0.335078 (rms/tap)
  [trace step 750] block 0: fast=179 medium=199 slow=134 | mean_alpha=0.2157 | mean_|grad|=0.004105 (n=250)
  [trace step 750] block 1: fast=180 medium=198 slow=134 | mean_alpha=0.2149 | mean_|grad|=0.004113 (n=250)
  [trace step 750] block 2: fast=179 medium=200 slow=133 | mean_alpha=0.2150 | mean_|grad|=0.001294 (n=250)
  [trace step 750] block 3: fast=179 medium=199 slow=134 | mean_alpha=0.2152 | mean_|grad|=0.001394 (n=250)
  [trace step 750] block 4: fast=180 medium=193 slow=139 | mean_alpha=0.2175 | mean_|grad|=0.000872 (n=250)
  [wread trace step 750] block 0: j0=0.018542 mean_taps=0.015905 max_taps=1.105463 | w[N-1]=1.105463 w[N]=0.328757 (rms/tap)
  [wread trace step 750] block 1: j0=0.014975 mean_taps=0.013992 max_taps=1.045664 | w[N-1]=1.045664 w[N]=0.330013 (rms/tap)
  [wread trace step 750] block 2: j0=0.013539 mean_taps=0.013854 max_taps=1.031562 | w[N-1]=1.031562 w[N]=0.331763 (rms/tap)
  [wread trace step 750] block 3: j0=0.015399 mean_taps=0.013383 max_taps=1.019748 | w[N-1]=1.019748 w[N]=0.332257 (rms/tap)
  [wread trace step 750] block 4: j0=0.023115 mean_taps=0.018796 max_taps=1.014116 | w[N-1]=1.014116 w[N]=0.335005 (rms/tap)
step 750/1800 | epoch 1 | loss 4.9255 | 1.4 steps/s
  [wread trace step 800] block 0: j0=0.018554 mean_taps=0.015893 max_taps=1.105578 | w[N-1]=1.105578 w[N]=0.328757 (rms/tap)
  [wread trace step 800] block 1: j0=0.015001 mean_taps=0.014001 max_taps=1.045533 | w[N-1]=1.045533 w[N]=0.329978 (rms/tap)
  [wread trace step 800] block 2: j0=0.013547 mean_taps=0.013863 max_taps=1.031436 | w[N-1]=1.031436 w[N]=0.331711 (rms/tap)
  [wread trace step 800] block 3: j0=0.015402 mean_taps=0.013388 max_taps=1.019603 | w[N-1]=1.019603 w[N]=0.332206 (rms/tap)
  [wread trace step 800] block 4: j0=0.023134 mean_taps=0.018797 max_taps=1.013964 | w[N-1]=1.013964 w[N]=0.334957 (rms/tap)
  [wread trace step 850] block 0: j0=0.018495 mean_taps=0.015835 max_taps=1.105762 | w[N-1]=1.105762 w[N]=0.328703 (rms/tap)
  [wread trace step 850] block 1: j0=0.014936 mean_taps=0.013978 max_taps=1.045460 | w[N-1]=1.045460 w[N]=0.329915 (rms/tap)
  [wread trace step 850] block 2: j0=0.013516 mean_taps=0.013853 max_taps=1.031319 | w[N-1]=1.031319 w[N]=0.331658 (rms/tap)
  [wread trace step 850] block 3: j0=0.015387 mean_taps=0.013384 max_taps=1.019459 | w[N-1]=1.019459 w[N]=0.332151 (rms/tap)
  [wread trace step 850] block 4: j0=0.023136 mean_taps=0.018795 max_taps=1.013814 | w[N-1]=1.013814 w[N]=0.334907 (rms/tap)
  [wread trace step 900] block 0: j0=0.018427 mean_taps=0.015765 max_taps=1.106853 | w[N-1]=1.106853 w[N]=0.328629 (rms/tap)
  [wread trace step 900] block 1: j0=0.014886 mean_taps=0.013899 max_taps=1.045373 | w[N-1]=1.045373 w[N]=0.329879 (rms/tap)
  [wread trace step 900] block 2: j0=0.013481 mean_taps=0.013831 max_taps=1.031200 | w[N-1]=1.031200 w[N]=0.331607 (rms/tap)
  [wread trace step 900] block 3: j0=0.015354 mean_taps=0.013376 max_taps=1.019317 | w[N-1]=1.019317 w[N]=0.332098 (rms/tap)
  [wread trace step 900] block 4: j0=0.023142 mean_taps=0.018795 max_taps=1.013660 | w[N-1]=1.013660 w[N]=0.334862 (rms/tap)
  [wread trace step 950] block 0: j0=0.018701 mean_taps=0.015938 max_taps=1.111893 | w[N-1]=1.111893 w[N]=0.328372 (rms/tap)
  [wread trace step 950] block 1: j0=0.015266 mean_taps=0.014068 max_taps=1.046842 | w[N-1]=1.046842 w[N]=0.329500 (rms/tap)
  [wread trace step 950] block 2: j0=0.013669 mean_taps=0.013967 max_taps=1.031615 | w[N-1]=1.031615 w[N]=0.331430 (rms/tap)
  [wread trace step 950] block 3: j0=0.015512 mean_taps=0.013513 max_taps=1.019357 | w[N-1]=1.019357 w[N]=0.331988 (rms/tap)
  [wread trace step 950] block 4: j0=0.023221 mean_taps=0.018899 max_taps=1.013440 | w[N-1]=1.013440 w[N]=0.334869 (rms/tap)
  [trace step 1000] block 0: fast=179 medium=199 slow=134 | mean_alpha=0.2158 | mean_|grad|=0.001011 (n=250)
  [trace step 1000] block 1: fast=180 medium=198 slow=134 | mean_alpha=0.2152 | mean_|grad|=0.000383 (n=250)
  [trace step 1000] block 2: fast=179 medium=199 slow=134 | mean_alpha=0.2152 | mean_|grad|=0.000256 (n=250)
  [trace step 1000] block 3: fast=179 medium=199 slow=134 | mean_alpha=0.2154 | mean_|grad|=0.000246 (n=250)
  [trace step 1000] block 4: fast=180 medium=193 slow=139 | mean_alpha=0.2177 | mean_|grad|=0.000232 (n=250)
  [wread trace step 1000] block 0: j0=0.019093 mean_taps=0.016177 max_taps=1.118688 | w[N-1]=1.118688 w[N]=0.327996 (rms/tap)
  [wread trace step 1000] block 1: j0=0.015879 mean_taps=0.014566 max_taps=1.048781 | w[N-1]=1.048781 w[N]=0.328958 (rms/tap)
  [wread trace step 1000] block 2: j0=0.014082 mean_taps=0.014257 max_taps=1.032285 | w[N-1]=1.032285 w[N]=0.331160 (rms/tap)
  [wread trace step 1000] block 3: j0=0.015749 mean_taps=0.013671 max_taps=1.019432 | w[N-1]=1.019432 w[N]=0.331859 (rms/tap)
  [wread trace step 1000] block 4: j0=0.023361 mean_taps=0.019019 max_taps=1.013275 | w[N-1]=1.013275 w[N]=0.334837 (rms/tap)
step 1000/1800 | epoch 2 | loss 5.4173 | 1.4 steps/s
  [wread trace step 1050] block 0: j0=0.019331 mean_taps=0.016411 max_taps=1.123936 | w[N-1]=1.123936 w[N]=0.327467 (rms/tap)
  [wread trace step 1050] block 1: j0=0.016440 mean_taps=0.014994 max_taps=1.050418 | w[N-1]=1.050418 w[N]=0.328481 (rms/tap)
  [wread trace step 1050] block 2: j0=0.014399 mean_taps=0.014489 max_taps=1.032797 | w[N-1]=1.032797 w[N]=0.330942 (rms/tap)
  [wread trace step 1050] block 3: j0=0.015992 mean_taps=0.013848 max_taps=1.019526 | w[N-1]=1.019526 w[N]=0.331730 (rms/tap)
  [wread trace step 1050] block 4: j0=0.023495 mean_taps=0.019111 max_taps=1.013126 | w[N-1]=1.013126 w[N]=0.334771 (rms/tap)
  [wread trace step 1100] block 0: j0=0.019337 mean_taps=0.016677 max_taps=1.129234 | w[N-1]=1.129234 w[N]=0.326818 (rms/tap)
  [wread trace step 1100] block 1: j0=0.016654 mean_taps=0.015385 max_taps=1.051961 | w[N-1]=1.051961 w[N]=0.327955 (rms/tap)
  [wread trace step 1100] block 2: j0=0.014549 mean_taps=0.014701 max_taps=1.033279 | w[N-1]=1.033279 w[N]=0.330741 (rms/tap)
  [wread trace step 1100] block 3: j0=0.016101 mean_taps=0.013978 max_taps=1.019585 | w[N-1]=1.019585 w[N]=0.331589 (rms/tap)
  [wread trace step 1100] block 4: j0=0.023457 mean_taps=0.019389 max_taps=1.012985 | w[N-1]=1.012985 w[N]=0.334683 (rms/tap)
  [wread trace step 1150] block 0: j0=0.019596 mean_taps=0.017006 max_taps=1.134492 | w[N-1]=1.134492 w[N]=0.326134 (rms/tap)
  [wread trace step 1150] block 1: j0=0.017659 mean_taps=0.015782 max_taps=1.053492 | w[N-1]=1.053492 w[N]=0.327370 (rms/tap)
  [wread trace step 1150] block 2: j0=0.014983 mean_taps=0.014954 max_taps=1.033700 | w[N-1]=1.033700 w[N]=0.330535 (rms/tap)
  [wread trace step 1150] block 3: j0=0.016400 mean_taps=0.014152 max_taps=1.019623 | w[N-1]=1.019623 w[N]=0.331458 (rms/tap)
  [wread trace step 1150] block 4: j0=0.023442 mean_taps=0.019693 max_taps=1.012782 | w[N-1]=1.012782 w[N]=0.334680 (rms/tap)
  [wread trace step 1200] block 0: j0=0.019887 mean_taps=0.017267 max_taps=1.139159 | w[N-1]=1.139159 w[N]=0.325429 (rms/tap)
  [wread trace step 1200] block 1: j0=0.018442 mean_taps=0.016084 max_taps=1.054509 | w[N-1]=1.054509 w[N]=0.326967 (rms/tap)
  [wread trace step 1200] block 2: j0=0.015279 mean_taps=0.015121 max_taps=1.033889 | w[N-1]=1.033889 w[N]=0.330404 (rms/tap)
  [wread trace step 1200] block 3: j0=0.016564 mean_taps=0.014269 max_taps=1.019624 | w[N-1]=1.019624 w[N]=0.331326 (rms/tap)
  [wread trace step 1200] block 4: j0=0.023358 mean_taps=0.020016 max_taps=1.012621 | w[N-1]=1.012621 w[N]=0.334684 (rms/tap)
  [trace step 1250] block 0: fast=178 medium=200 slow=134 | mean_alpha=0.2163 | mean_|grad|=0.001833 (n=250)
  [trace step 1250] block 1: fast=177 medium=199 slow=136 | mean_alpha=0.2167 | mean_|grad|=0.001281 (n=250)
  [trace step 1250] block 2: fast=179 medium=199 slow=134 | mean_alpha=0.2160 | mean_|grad|=0.000541 (n=250)
  [trace step 1250] block 3: fast=179 medium=198 slow=135 | mean_alpha=0.2160 | mean_|grad|=0.000499 (n=250)
  [trace step 1250] block 4: fast=180 medium=193 slow=139 | mean_alpha=0.2185 | mean_|grad|=0.000556 (n=250)
  [wread trace step 1250] block 0: j0=0.019947 mean_taps=0.017312 max_taps=1.143188 | w[N-1]=1.143188 w[N]=0.324830 (rms/tap)
  [wread trace step 1250] block 1: j0=0.018578 mean_taps=0.016292 max_taps=1.055055 | w[N-1]=1.055055 w[N]=0.326697 (rms/tap)
  [wread trace step 1250] block 2: j0=0.015400 mean_taps=0.015252 max_taps=1.033971 | w[N-1]=1.033971 w[N]=0.330297 (rms/tap)
  [wread trace step 1250] block 3: j0=0.016655 mean_taps=0.014386 max_taps=1.019574 | w[N-1]=1.019574 w[N]=0.331235 (rms/tap)
  [wread trace step 1250] block 4: j0=0.023327 mean_taps=0.020392 max_taps=1.012471 | w[N-1]=1.012471 w[N]=0.334658 (rms/tap)
step 1250/1800 | epoch 2 | loss 4.7251 | 1.4 steps/s
  validation: loss 4.0559 | 5.851 bits/byte
  [wread trace step 1300] block 0: j0=0.019986 mean_taps=0.017426 max_taps=1.146345 | w[N-1]=1.146345 w[N]=0.324732 (rms/tap)
  [wread trace step 1300] block 1: j0=0.018662 mean_taps=0.016456 max_taps=1.055406 | w[N-1]=1.055406 w[N]=0.326490 (rms/tap)
  [wread trace step 1300] block 2: j0=0.015521 mean_taps=0.015387 max_taps=1.034012 | w[N-1]=1.034012 w[N]=0.330185 (rms/tap)
  [wread trace step 1300] block 3: j0=0.016779 mean_taps=0.014510 max_taps=1.019506 | w[N-1]=1.019506 w[N]=0.331150 (rms/tap)
  [wread trace step 1300] block 4: j0=0.023340 mean_taps=0.020778 max_taps=1.012285 | w[N-1]=1.012285 w[N]=0.334648 (rms/tap)
  [wread trace step 1350] block 0: j0=0.020031 mean_taps=0.017451 max_taps=1.148640 | w[N-1]=1.148640 w[N]=0.324828 (rms/tap)
  [wread trace step 1350] block 1: j0=0.018706 mean_taps=0.016597 max_taps=1.055481 | w[N-1]=1.055481 w[N]=0.326393 (rms/tap)
  [wread trace step 1350] block 2: j0=0.015594 mean_taps=0.015506 max_taps=1.033986 | w[N-1]=1.033986 w[N]=0.330104 (rms/tap)
  [wread trace step 1350] block 3: j0=0.016930 mean_taps=0.014643 max_taps=1.019421 | w[N-1]=1.019421 w[N]=0.331061 (rms/tap)
  [wread trace step 1350] block 4: j0=0.023411 mean_taps=0.021120 max_taps=1.012089 | w[N-1]=1.012089 w[N]=0.334622 (rms/tap)
  [wread trace step 1400] block 0: j0=0.020144 mean_taps=0.017595 max_taps=1.151453 | w[N-1]=1.151453 w[N]=0.324912 (rms/tap)
  [wread trace step 1400] block 1: j0=0.018781 mean_taps=0.016645 max_taps=1.055525 | w[N-1]=1.055525 w[N]=0.326303 (rms/tap)
  [wread trace step 1400] block 2: j0=0.015657 mean_taps=0.015578 max_taps=1.033938 | w[N-1]=1.033938 w[N]=0.329994 (rms/tap)
  [wread trace step 1400] block 3: j0=0.017038 mean_taps=0.014752 max_taps=1.019349 | w[N-1]=1.019349 w[N]=0.330958 (rms/tap)
  [wread trace step 1400] block 4: j0=0.023447 mean_taps=0.021486 max_taps=1.011918 | w[N-1]=1.011918 w[N]=0.334604 (rms/tap)
  [wread trace step 1450] block 0: j0=0.020194 mean_taps=0.017604 max_taps=1.153496 | w[N-1]=1.153496 w[N]=0.324972 (rms/tap)
  [wread trace step 1450] block 1: j0=0.018780 mean_taps=0.016766 max_taps=1.055544 | w[N-1]=1.055544 w[N]=0.326223 (rms/tap)
  [wread trace step 1450] block 2: j0=0.015727 mean_taps=0.015709 max_taps=1.033921 | w[N-1]=1.033921 w[N]=0.329897 (rms/tap)
  [wread trace step 1450] block 3: j0=0.017215 mean_taps=0.014872 max_taps=1.019262 | w[N-1]=1.019262 w[N]=0.330863 (rms/tap)
  [wread trace step 1450] block 4: j0=0.023510 mean_taps=0.021823 max_taps=1.011763 | w[N-1]=1.011763 w[N]=0.334568 (rms/tap)
  [trace step 1500] block 0: fast=177 medium=201 slow=134 | mean_alpha=0.2164 | mean_|grad|=0.001133 (n=250)
  [trace step 1500] block 1: fast=177 medium=199 slow=136 | mean_alpha=0.2172 | mean_|grad|=0.000993 (n=250)
  [trace step 1500] block 2: fast=179 medium=199 slow=134 | mean_alpha=0.2163 | mean_|grad|=0.000479 (n=250)
  [trace step 1500] block 3: fast=177 medium=200 slow=135 | mean_alpha=0.2163 | mean_|grad|=0.000536 (n=250)
  [trace step 1500] block 4: fast=179 medium=194 slow=139 | mean_alpha=0.2194 | mean_|grad|=0.000620 (n=250)
  [wread trace step 1500] block 0: j0=0.020284 mean_taps=0.017731 max_taps=1.155683 | w[N-1]=1.155683 w[N]=0.324953 (rms/tap)
  [wread trace step 1500] block 1: j0=0.018820 mean_taps=0.016796 max_taps=1.055634 | w[N-1]=1.055634 w[N]=0.326096 (rms/tap)
  [wread trace step 1500] block 2: j0=0.015772 mean_taps=0.015774 max_taps=1.033902 | w[N-1]=1.033902 w[N]=0.329782 (rms/tap)
  [wread trace step 1500] block 3: j0=0.017275 mean_taps=0.014969 max_taps=1.019166 | w[N-1]=1.019166 w[N]=0.330762 (rms/tap)
  [wread trace step 1500] block 4: j0=0.023505 mean_taps=0.022207 max_taps=1.011587 | w[N-1]=1.011587 w[N]=0.334539 (rms/tap)
step 1500/1800 | epoch 2 | loss 3.6883 | 1.2 steps/s
  [wread trace step 1550] block 0: j0=0.020393 mean_taps=0.017789 max_taps=1.157269 | w[N-1]=1.157269 w[N]=0.324957 (rms/tap)
  [wread trace step 1550] block 1: j0=0.018852 mean_taps=0.016887 max_taps=1.055666 | w[N-1]=1.055666 w[N]=0.325990 (rms/tap)
  [wread trace step 1550] block 2: j0=0.015831 mean_taps=0.015855 max_taps=1.033861 | w[N-1]=1.033861 w[N]=0.329704 (rms/tap)
  [wread trace step 1550] block 3: j0=0.017350 mean_taps=0.015061 max_taps=1.019081 | w[N-1]=1.019081 w[N]=0.330653 (rms/tap)
  [wread trace step 1550] block 4: j0=0.023530 mean_taps=0.022499 max_taps=1.011425 | w[N-1]=1.011425 w[N]=0.334477 (rms/tap)
  [wread trace step 1600] block 0: j0=0.020482 mean_taps=0.017854 max_taps=1.158587 | w[N-1]=1.158587 w[N]=0.324997 (rms/tap)
  [wread trace step 1600] block 1: j0=0.018871 mean_taps=0.016908 max_taps=1.055600 | w[N-1]=1.055600 w[N]=0.325934 (rms/tap)
  [wread trace step 1600] block 2: j0=0.015886 mean_taps=0.015901 max_taps=1.033765 | w[N-1]=1.033765 w[N]=0.329627 (rms/tap)
  [wread trace step 1600] block 3: j0=0.017430 mean_taps=0.015125 max_taps=1.018971 | w[N-1]=1.018971 w[N]=0.330573 (rms/tap)
  [wread trace step 1600] block 4: j0=0.023523 mean_taps=0.022809 max_taps=1.011261 | w[N-1]=1.011261 w[N]=0.334454 (rms/tap)
  [wread trace step 1650] block 0: j0=0.020628 mean_taps=0.018029 max_taps=1.160286 | w[N-1]=1.160286 w[N]=0.325029 (rms/tap)
  [wread trace step 1650] block 1: j0=0.018915 mean_taps=0.016935 max_taps=1.055551 | w[N-1]=1.055551 w[N]=0.325872 (rms/tap)
  [wread trace step 1650] block 2: j0=0.015950 mean_taps=0.015955 max_taps=1.033653 | w[N-1]=1.033653 w[N]=0.329558 (rms/tap)
  [wread trace step 1650] block 3: j0=0.017470 mean_taps=0.015183 max_taps=1.018860 | w[N-1]=1.018860 w[N]=0.330490 (rms/tap)
  [wread trace step 1650] block 4: j0=0.023474 mean_taps=0.023126 max_taps=1.011108 | w[N-1]=1.011108 w[N]=0.334403 (rms/tap)
  [wread trace step 1700] block 0: j0=0.020696 mean_taps=0.018109 max_taps=1.161681 | w[N-1]=1.161681 w[N]=0.325033 (rms/tap)
  [wread trace step 1700] block 1: j0=0.018898 mean_taps=0.016980 max_taps=1.055483 | w[N-1]=1.055483 w[N]=0.325811 (rms/tap)
  [wread trace step 1700] block 2: j0=0.015981 mean_taps=0.016016 max_taps=1.033550 | w[N-1]=1.033550 w[N]=0.329486 (rms/tap)
  [wread trace step 1700] block 3: j0=0.017491 mean_taps=0.015245 max_taps=1.018736 | w[N-1]=1.018736 w[N]=0.330424 (rms/tap)
  [wread trace step 1700] block 4: j0=0.023442 mean_taps=0.023424 max_taps=1.010961 | w[N-1]=1.010961 w[N]=0.334346 (rms/tap)
  [trace step 1750] block 0: fast=177 medium=201 slow=134 | mean_alpha=0.2165 | mean_|grad|=0.000760 (n=250)
  [trace step 1750] block 1: fast=175 medium=201 slow=136 | mean_alpha=0.2176 | mean_|grad|=0.000654 (n=250)
  [trace step 1750] block 2: fast=178 medium=200 slow=134 | mean_alpha=0.2166 | mean_|grad|=0.000396 (n=250)
  [trace step 1750] block 3: fast=177 medium=200 slow=135 | mean_alpha=0.2165 | mean_|grad|=0.000502 (n=250)
  [trace step 1750] block 4: fast=178 medium=194 slow=140 | mean_alpha=0.2201 | mean_|grad|=0.000437 (n=250)
  [wread trace step 1750] block 0: j0=0.020854 mean_taps=0.018280 max_taps=1.163274 | w[N-1]=1.163274 w[N]=0.325029 (rms/tap)
  [wread trace step 1750] block 1: j0=0.018965 mean_taps=0.017011 max_taps=1.055417 | w[N-1]=1.055417 w[N]=0.325757 (rms/tap)
  [wread trace step 1750] block 2: j0=0.016046 mean_taps=0.016059 max_taps=1.033447 | w[N-1]=1.033447 w[N]=0.329435 (rms/tap)
  [wread trace step 1750] block 3: j0=0.017534 mean_taps=0.015302 max_taps=1.018622 | w[N-1]=1.018622 w[N]=0.330353 (rms/tap)
  [wread trace step 1750] block 4: j0=0.023427 mean_taps=0.023665 max_taps=1.010811 | w[N-1]=1.010811 w[N]=0.334306 (rms/tap)
step 1750/1800 | epoch 2 | loss 3.1768 | 1.4 steps/s
  [wread trace step 1800] block 0: j0=0.021002 mean_taps=0.018314 max_taps=1.164931 | w[N-1]=1.164931 w[N]=0.324981 (rms/tap)
  [wread trace step 1800] block 1: j0=0.018983 mean_taps=0.017066 max_taps=1.055407 | w[N-1]=1.055407 w[N]=0.325674 (rms/tap)
  [wread trace step 1800] block 2: j0=0.016074 mean_taps=0.016118 max_taps=1.033373 | w[N-1]=1.033373 w[N]=0.329360 (rms/tap)
  [wread trace step 1800] block 3: j0=0.017574 mean_taps=0.015388 max_taps=1.018521 | w[N-1]=1.018521 w[N]=0.330250 (rms/tap)
  [wread trace step 1800] block 4: j0=0.023413 mean_taps=0.023952 max_taps=1.010631 | w[N-1]=1.010631 w[N]=0.334279 (rms/tap)
eva: process memory peak 472.3 MB

-- what holds the training memory --
  parameters                53.6 MB   (unavoidable)
  AdamW state              107.3 MB   (unavoidable today)
  GRAPH, own peak           15.0 MB
  live nodes, peak           119
  graph alive now            0.0 MB   (0 if everything was freed)
  GRADIENT MAP              53.6 MB   <- a new Vec per tensor, every step

-- who holds, accumulated over the whole training run --
  clockmem_readwin_inj   19018.8 MB in    9500 nodes     67%
  sigmoid             9518.6 MB in   19000 nodes     33%
  gather                 7.5 MB in    1900 nodes      0%
  ce                     7.4 MB in    1900 nodes      0%
  add                    2.8 MB in   66500 nodes      0%
  matmul                 1.6 MB in   68400 nodes      0%
  rms_norm               0.6 MB in   30400 nodes      0%
  mul                    0.4 MB in    9500 nodes      0%
  parameter copies from a shared Arc: 0  (has to be 0)
eva: FINAL VALIDATION loss 3.1405 | 4.531 bits/byte (100 windows, arch clock)
eva: rule 'all' | 1800 forward, 1800 backward (100% learned)
eva: training finished in 1332.6s, weights in 16m5b_N256_T1_win257_r1a.weights
