eva: dataset 512001 bytes, 1000 windows, 13410821 params
eva: 900 windows to train on, 100 to validate
eva: alpha/gradient TRACE ACTIVE (EVA_ALPHA_TRACE)
eva: wread TRACE ACTIVE (EVA_WREAD_TRACE)
[eva] matmul on GPU: NVIDIA GeForce GTX 1650
  [r1c trace step 50] block 0: alpha_read mean=0.215470 |da|mean=0.002054 max=0.007884 | inv_beta mean=1.001182 |di|mean=0.002381 max=0.008997
  [r1c trace step 50] block 1: alpha_read mean=0.215515 |da|mean=0.002000 max=0.007546 | inv_beta mean=1.000664 |di|mean=0.002153 max=0.008162
  [r1c trace step 50] block 2: alpha_read mean=0.215441 |da|mean=0.002078 max=0.006987 | inv_beta mean=1.000226 |di|mean=0.002204 max=0.007605
  [r1c trace step 50] block 3: alpha_read mean=0.215411 |da|mean=0.001872 max=0.008739 | inv_beta mean=1.000148 |di|mean=0.002118 max=0.007908
  [r1c trace step 50] block 4: alpha_read mean=0.215492 |da|mean=0.001993 max=0.006980 | inv_beta mean=0.999884 |di|mean=0.001988 max=0.007330
  [r1c trace step 100] block 0: alpha_read mean=0.215517 |da|mean=0.002818 max=0.013083 | inv_beta mean=1.006248 |di|mean=0.006676 max=0.022824
  [r1c trace step 100] block 1: alpha_read mean=0.215411 |da|mean=0.002631 max=0.009707 | inv_beta mean=1.003729 |di|mean=0.004436 max=0.015605
  [r1c trace step 100] block 2: alpha_read mean=0.215440 |da|mean=0.002849 max=0.010329 | inv_beta mean=1.002422 |di|mean=0.003754 max=0.013221
  [r1c trace step 100] block 3: alpha_read mean=0.215368 |da|mean=0.002544 max=0.012957 | inv_beta mean=1.001420 |di|mean=0.003381 max=0.014858
  [r1c trace step 100] block 4: alpha_read mean=0.215509 |da|mean=0.002733 max=0.010455 | inv_beta mean=1.001104 |di|mean=0.003455 max=0.013799
  [r1c trace step 150] block 0: alpha_read mean=0.215281 |da|mean=0.003964 max=0.016439 | inv_beta mean=1.016233 |di|mean=0.016439 max=0.044451
  [r1c trace step 150] block 1: alpha_read mean=0.215276 |da|mean=0.003530 max=0.015046 | inv_beta mean=1.010949 |di|mean=0.011218 max=0.033671
  [r1c trace step 150] block 2: alpha_read mean=0.215667 |da|mean=0.003934 max=0.014960 | inv_beta mean=1.008509 |di|mean=0.009121 max=0.029954
  [r1c trace step 150] block 3: alpha_read mean=0.215923 |da|mean=0.003581 max=0.013620 | inv_beta mean=1.006437 |di|mean=0.007631 max=0.025408
  [r1c trace step 150] block 4: alpha_read mean=0.216373 |da|mean=0.003891 max=0.026198 | inv_beta mean=1.005873 |di|mean=0.007302 max=0.027254
  [r1c trace step 200] block 0: alpha_read mean=0.214814 |da|mean=0.005957 max=0.027898 | inv_beta mean=1.025399 |di|mean=0.025660 max=0.059920
  [r1c trace step 200] block 1: alpha_read mean=0.214655 |da|mean=0.005698 max=0.027613 | inv_beta mean=1.017985 |di|mean=0.018174 max=0.048828
  [r1c trace step 200] block 2: alpha_read mean=0.215943 |da|mean=0.005790 max=0.022943 | inv_beta mean=1.014782 |di|mean=0.015153 max=0.041371
  [r1c trace step 200] block 3: alpha_read mean=0.216774 |da|mean=0.005218 max=0.022644 | inv_beta mean=1.012390 |di|mean=0.013032 max=0.039178
  [r1c trace step 200] block 4: alpha_read mean=0.217804 |da|mean=0.005472 max=0.025740 | inv_beta mean=1.011841 |di|mean=0.012428 max=0.040498
  [trace step 250] block 0: fast=178 medium=200 slow=134 | mean_alpha=0.2153 | mean_|grad|=0.000048 (n=250)
  [trace step 250] block 1: fast=180 medium=197 slow=135 | mean_alpha=0.2154 | mean_|grad|=0.000034 (n=250)
  [trace step 250] block 2: fast=180 medium=198 slow=134 | mean_alpha=0.2153 | mean_|grad|=0.000031 (n=250)
  [trace step 250] block 3: fast=180 medium=198 slow=134 | mean_alpha=0.2153 | mean_|grad|=0.000029 (n=250)
  [trace step 250] block 4: fast=178 medium=200 slow=134 | mean_alpha=0.2153 | mean_|grad|=0.000036 (n=250)
  [r1c trace step 250] block 0: alpha_read mean=0.214644 |da|mean=0.006548 max=0.033264 | inv_beta mean=1.027314 |di|mean=0.027589 max=0.062938
  [r1c trace step 250] block 1: alpha_read mean=0.214369 |da|mean=0.006382 max=0.030301 | inv_beta mean=1.019085 |di|mean=0.019257 max=0.049755
  [r1c trace step 250] block 2: alpha_read mean=0.215921 |da|mean=0.006280 max=0.023849 | inv_beta mean=1.015844 |di|mean=0.016171 max=0.042148
  [r1c trace step 250] block 3: alpha_read mean=0.216759 |da|mean=0.005622 max=0.027546 | inv_beta mean=1.013410 |di|mean=0.013970 max=0.040395
  [r1c trace step 250] block 4: alpha_read mean=0.217947 |da|mean=0.005719 max=0.026326 | inv_beta mean=1.012815 |di|mean=0.013362 max=0.040675
step 250/1800 | epoch 1 | loss 4.4805 | 1.5 steps/s
  [r1c trace step 300] block 0: alpha_read mean=0.214515 |da|mean=0.006783 max=0.035562 | inv_beta mean=1.027921 |di|mean=0.028204 max=0.064031
  [r1c trace step 300] block 1: alpha_read mean=0.214214 |da|mean=0.006637 max=0.033080 | inv_beta mean=1.019402 |di|mean=0.019572 max=0.049093
  [r1c trace step 300] block 2: alpha_read mean=0.215897 |da|mean=0.006474 max=0.024001 | inv_beta mean=1.016123 |di|mean=0.016442 max=0.042573
  [r1c trace step 300] block 3: alpha_read mean=0.216714 |da|mean=0.005800 max=0.029082 | inv_beta mean=1.013702 |di|mean=0.014251 max=0.040434
  [r1c trace step 300] block 4: alpha_read mean=0.217963 |da|mean=0.005772 max=0.026290 | inv_beta mean=1.013122 |di|mean=0.013687 max=0.041072
  [r1c trace step 350] block 0: alpha_read mean=0.214451 |da|mean=0.006977 max=0.037336 | inv_beta mean=1.028290 |di|mean=0.028582 max=0.064543
  [r1c trace step 350] block 1: alpha_read mean=0.214106 |da|mean=0.006820 max=0.035320 | inv_beta mean=1.019588 |di|mean=0.019759 max=0.050657
  [r1c trace step 350] block 2: alpha_read mean=0.215879 |da|mean=0.006596 max=0.024674 | inv_beta mean=1.016302 |di|mean=0.016623 max=0.042926
  [r1c trace step 350] block 3: alpha_read mean=0.216679 |da|mean=0.005880 max=0.030545 | inv_beta mean=1.013878 |di|mean=0.014421 max=0.041096
  [r1c trace step 350] block 4: alpha_read mean=0.217975 |da|mean=0.005818 max=0.025776 | inv_beta mean=1.013297 |di|mean=0.013887 max=0.041483
  [r1c trace step 400] block 0: alpha_read mean=0.214363 |da|mean=0.007121 max=0.038792 | inv_beta mean=1.028534 |di|mean=0.028833 max=0.065400
  [r1c trace step 400] block 1: alpha_read mean=0.214000 |da|mean=0.006991 max=0.037525 | inv_beta mean=1.019681 |di|mean=0.019855 max=0.049819
  [r1c trace step 400] block 2: alpha_read mean=0.215829 |da|mean=0.006687 max=0.024999 | inv_beta mean=1.016404 |di|mean=0.016733 max=0.043301
  [r1c trace step 400] block 3: alpha_read mean=0.216634 |da|mean=0.005968 max=0.030752 | inv_beta mean=1.014004 |di|mean=0.014556 max=0.041389
  [r1c trace step 400] block 4: alpha_read mean=0.217989 |da|mean=0.005860 max=0.025387 | inv_beta mean=1.013392 |di|mean=0.014016 max=0.041663
  [r1c trace step 450] block 0: alpha_read mean=0.214304 |da|mean=0.007243 max=0.040149 | inv_beta mean=1.028732 |di|mean=0.029038 max=0.065424
  [r1c trace step 450] block 1: alpha_read mean=0.213900 |da|mean=0.007143 max=0.038693 | inv_beta mean=1.019759 |di|mean=0.019935 max=0.051029
  [r1c trace step 450] block 2: alpha_read mean=0.215832 |da|mean=0.006782 max=0.025358 | inv_beta mean=1.016483 |di|mean=0.016814 max=0.043825
  [r1c trace step 450] block 3: alpha_read mean=0.216656 |da|mean=0.006056 max=0.032054 | inv_beta mean=1.014083 |di|mean=0.014639 max=0.041686
  [r1c trace step 450] block 4: alpha_read mean=0.218013 |da|mean=0.005911 max=0.025116 | inv_beta mean=1.013459 |di|mean=0.014119 max=0.042155
  [trace step 500] block 0: fast=178 medium=200 slow=134 | mean_alpha=0.2153 | mean_|grad|=0.000005 (n=250)
  [trace step 500] block 1: fast=179 medium=198 slow=135 | mean_alpha=0.2155 | mean_|grad|=0.000005 (n=250)
  [trace step 500] block 2: fast=179 medium=199 slow=134 | mean_alpha=0.2154 | mean_|grad|=0.000005 (n=250)
  [trace step 500] block 3: fast=180 medium=198 slow=134 | mean_alpha=0.2153 | mean_|grad|=0.000006 (n=250)
  [trace step 500] block 4: fast=178 medium=200 slow=134 | mean_alpha=0.2153 | mean_|grad|=0.000027 (n=250)
  [r1c trace step 500] block 0: alpha_read mean=0.214236 |da|mean=0.007359 max=0.041398 | inv_beta mean=1.028891 |di|mean=0.029202 max=0.065591
  [r1c trace step 500] block 1: alpha_read mean=0.213840 |da|mean=0.007239 max=0.040076 | inv_beta mean=1.019794 |di|mean=0.019975 max=0.051508
  [r1c trace step 500] block 2: alpha_read mean=0.215813 |da|mean=0.006866 max=0.025886 | inv_beta mean=1.016520 |di|mean=0.016861 max=0.043620
  [r1c trace step 500] block 3: alpha_read mean=0.216668 |da|mean=0.006123 max=0.031911 | inv_beta mean=1.014128 |di|mean=0.014697 max=0.041731
  [r1c trace step 500] block 4: alpha_read mean=0.218011 |da|mean=0.005951 max=0.025408 | inv_beta mean=1.013473 |di|mean=0.014182 max=0.042604
step 500/1800 | epoch 1 | loss 2.8003 | 1.5 steps/s
  [r1c trace step 550] block 0: alpha_read mean=0.214172 |da|mean=0.007451 max=0.042485 | inv_beta mean=1.028968 |di|mean=0.029288 max=0.065729
  [r1c trace step 550] block 1: alpha_read mean=0.213791 |da|mean=0.007323 max=0.040496 | inv_beta mean=1.019773 |di|mean=0.019958 max=0.051819
  [r1c trace step 550] block 2: alpha_read mean=0.215781 |da|mean=0.006933 max=0.026509 | inv_beta mean=1.016511 |di|mean=0.016861 max=0.043545
  [r1c trace step 550] block 3: alpha_read mean=0.216632 |da|mean=0.006164 max=0.032238 | inv_beta mean=1.014124 |di|mean=0.014705 max=0.041680
  [r1c trace step 550] block 4: alpha_read mean=0.217973 |da|mean=0.005992 max=0.025733 | inv_beta mean=1.013484 |di|mean=0.014238 max=0.042499
  [r1c trace step 600] block 0: alpha_read mean=0.214113 |da|mean=0.007539 max=0.043374 | inv_beta mean=1.029023 |di|mean=0.029352 max=0.066148
  [r1c trace step 600] block 1: alpha_read mean=0.213735 |da|mean=0.007410 max=0.040843 | inv_beta mean=1.019738 |di|mean=0.019934 max=0.051706
  [r1c trace step 600] block 2: alpha_read mean=0.215742 |da|mean=0.006995 max=0.026567 | inv_beta mean=1.016483 |di|mean=0.016844 max=0.043848
  [r1c trace step 600] block 3: alpha_read mean=0.216574 |da|mean=0.006201 max=0.032321 | inv_beta mean=1.014109 |di|mean=0.014695 max=0.041717
  [r1c trace step 600] block 4: alpha_read mean=0.217964 |da|mean=0.006019 max=0.025997 | inv_beta mean=1.013479 |di|mean=0.014270 max=0.041898
  [r1c trace step 650] block 0: alpha_read mean=0.214059 |da|mean=0.007625 max=0.044062 | inv_beta mean=1.029062 |di|mean=0.029401 max=0.066366
  [r1c trace step 650] block 1: alpha_read mean=0.213665 |da|mean=0.007485 max=0.040849 | inv_beta mean=1.019709 |di|mean=0.019908 max=0.052470
  [r1c trace step 650] block 2: alpha_read mean=0.215703 |da|mean=0.007057 max=0.027084 | inv_beta mean=1.016459 |di|mean=0.016829 max=0.044108
  [r1c trace step 650] block 3: alpha_read mean=0.216533 |da|mean=0.006247 max=0.032450 | inv_beta mean=1.014081 |di|mean=0.014678 max=0.041517
  [r1c trace step 650] block 4: alpha_read mean=0.217952 |da|mean=0.006038 max=0.025841 | inv_beta mean=1.013453 |di|mean=0.014290 max=0.042187
  [r1c trace step 700] block 0: alpha_read mean=0.214010 |da|mean=0.007700 max=0.044769 | inv_beta mean=1.029082 |di|mean=0.029430 max=0.066560
  [r1c trace step 700] block 1: alpha_read mean=0.213631 |da|mean=0.007551 max=0.041432 | inv_beta mean=1.019652 |di|mean=0.019859 max=0.051819
  [r1c trace step 700] block 2: alpha_read mean=0.215672 |da|mean=0.007124 max=0.027314 | inv_beta mean=1.016420 |di|mean=0.016800 max=0.043963
  [r1c trace step 700] block 3: alpha_read mean=0.216523 |da|mean=0.006285 max=0.032228 | inv_beta mean=1.014032 |di|mean=0.014641 max=0.041342
  [r1c trace step 700] block 4: alpha_read mean=0.217936 |da|mean=0.006072 max=0.027805 | inv_beta mean=1.013427 |di|mean=0.014311 max=0.042387
  [trace step 750] block 0: fast=178 medium=200 slow=134 | mean_alpha=0.2153 | mean_|grad|=0.000003 (n=250)
  [trace step 750] block 1: fast=179 medium=198 slow=135 | mean_alpha=0.2155 | mean_|grad|=0.000002 (n=250)
  [trace step 750] block 2: fast=179 medium=199 slow=134 | mean_alpha=0.2154 | mean_|grad|=0.000003 (n=250)
  [trace step 750] block 3: fast=179 medium=199 slow=134 | mean_alpha=0.2154 | mean_|grad|=0.000003 (n=250)
  [trace step 750] block 4: fast=178 medium=200 slow=134 | mean_alpha=0.2153 | mean_|grad|=0.000021 (n=250)
  [r1c trace step 750] block 0: alpha_read mean=0.213969 |da|mean=0.007749 max=0.045391 | inv_beta mean=1.029075 |di|mean=0.029432 max=0.066733
  [r1c trace step 750] block 1: alpha_read mean=0.213573 |da|mean=0.007622 max=0.041609 | inv_beta mean=1.019590 |di|mean=0.019802 max=0.052258
  [r1c trace step 750] block 2: alpha_read mean=0.215636 |da|mean=0.007165 max=0.027542 | inv_beta mean=1.016364 |di|mean=0.016754 max=0.043951
  [r1c trace step 750] block 3: alpha_read mean=0.216488 |da|mean=0.006327 max=0.032401 | inv_beta mean=1.013975 |di|mean=0.014594 max=0.041305
  [r1c trace step 750] block 4: alpha_read mean=0.217926 |da|mean=0.006094 max=0.030309 | inv_beta mean=1.013386 |di|mean=0.014327 max=0.042527
step 750/1800 | epoch 1 | loss 2.7902 | 1.5 steps/s
  [r1c trace step 800] block 0: alpha_read mean=0.213916 |da|mean=0.007801 max=0.046009 | inv_beta mean=1.029070 |di|mean=0.029436 max=0.066923
  [r1c trace step 800] block 1: alpha_read mean=0.213522 |da|mean=0.007708 max=0.042241 | inv_beta mean=1.019510 |di|mean=0.019732 max=0.051913
  [r1c trace step 800] block 2: alpha_read mean=0.215594 |da|mean=0.007204 max=0.027738 | inv_beta mean=1.016295 |di|mean=0.016697 max=0.043949
  [r1c trace step 800] block 3: alpha_read mean=0.216451 |da|mean=0.006353 max=0.032727 | inv_beta mean=1.013913 |di|mean=0.014548 max=0.041202
  [r1c trace step 800] block 4: alpha_read mean=0.217901 |da|mean=0.006104 max=0.031130 | inv_beta mean=1.013348 |di|mean=0.014330 max=0.042955
  [r1c trace step 850] block 0: alpha_read mean=0.213873 |da|mean=0.007863 max=0.046658 | inv_beta mean=1.029037 |di|mean=0.029413 max=0.067141
  [r1c trace step 850] block 1: alpha_read mean=0.213462 |da|mean=0.007779 max=0.043198 | inv_beta mean=1.019433 |di|mean=0.019663 max=0.052258
  [r1c trace step 850] block 2: alpha_read mean=0.215555 |da|mean=0.007243 max=0.028172 | inv_beta mean=1.016222 |di|mean=0.016635 max=0.043952
  [r1c trace step 850] block 3: alpha_read mean=0.216414 |da|mean=0.006388 max=0.032935 | inv_beta mean=1.013863 |di|mean=0.014515 max=0.041189
  [r1c trace step 850] block 4: alpha_read mean=0.217874 |da|mean=0.006142 max=0.033995 | inv_beta mean=1.013298 |di|mean=0.014334 max=0.043069
  [r1c trace step 900] block 0: alpha_read mean=0.213826 |da|mean=0.007917 max=0.047188 | inv_beta mean=1.029014 |di|mean=0.029400 max=0.067086
  [r1c trace step 900] block 1: alpha_read mean=0.213419 |da|mean=0.007849 max=0.043981 | inv_beta mean=1.019360 |di|mean=0.019598 max=0.052374
  [r1c trace step 900] block 2: alpha_read mean=0.215532 |da|mean=0.007287 max=0.027995 | inv_beta mean=1.016144 |di|mean=0.016571 max=0.043639
  [r1c trace step 900] block 3: alpha_read mean=0.216395 |da|mean=0.006407 max=0.033147 | inv_beta mean=1.013792 |di|mean=0.014459 max=0.040948
  [r1c trace step 900] block 4: alpha_read mean=0.217857 |da|mean=0.006150 max=0.035047 | inv_beta mean=1.013241 |di|mean=0.014315 max=0.043960
  [r1c trace step 950] block 0: alpha_read mean=0.213812 |da|mean=0.007989 max=0.047985 | inv_beta mean=1.029069 |di|mean=0.029461 max=0.067500
  [r1c trace step 950] block 1: alpha_read mean=0.213646 |da|mean=0.007791 max=0.040610 | inv_beta mean=1.019216 |di|mean=0.019497 max=0.051020
  [r1c trace step 950] block 2: alpha_read mean=0.215523 |da|mean=0.007312 max=0.028845 | inv_beta mean=1.016133 |di|mean=0.016577 max=0.043994
  [r1c trace step 950] block 3: alpha_read mean=0.216285 |da|mean=0.006433 max=0.033869 | inv_beta mean=1.013805 |di|mean=0.014489 max=0.041297
  [r1c trace step 950] block 4: alpha_read mean=0.217730 |da|mean=0.006122 max=0.029865 | inv_beta mean=1.013263 |di|mean=0.014300 max=0.044157
  [trace step 1000] block 0: fast=178 medium=200 slow=134 | mean_alpha=0.2154 | mean_|grad|=0.000005 (n=250)
  [trace step 1000] block 1: fast=179 medium=198 slow=135 | mean_alpha=0.2156 | mean_|grad|=0.000005 (n=250)
  [trace step 1000] block 2: fast=178 medium=200 slow=134 | mean_alpha=0.2155 | mean_|grad|=0.000005 (n=250)
  [trace step 1000] block 3: fast=178 medium=199 slow=135 | mean_alpha=0.2155 | mean_|grad|=0.000005 (n=250)
  [trace step 1000] block 4: fast=178 medium=200 slow=134 | mean_alpha=0.2154 | mean_|grad|=0.000020 (n=250)
  [r1c trace step 1000] block 0: alpha_read mean=0.213719 |da|mean=0.008148 max=0.048463 | inv_beta mean=1.029215 |di|mean=0.029621 max=0.067349
  [r1c trace step 1000] block 1: alpha_read mean=0.213627 |da|mean=0.007927 max=0.039311 | inv_beta mean=1.019312 |di|mean=0.019612 max=0.051200
  [r1c trace step 1000] block 2: alpha_read mean=0.215505 |da|mean=0.007436 max=0.029207 | inv_beta mean=1.016195 |di|mean=0.016652 max=0.044144
  [r1c trace step 1000] block 3: alpha_read mean=0.216252 |da|mean=0.006513 max=0.033150 | inv_beta mean=1.013821 |di|mean=0.014533 max=0.042183
  [r1c trace step 1000] block 4: alpha_read mean=0.217731 |da|mean=0.006174 max=0.028808 | inv_beta mean=1.013224 |di|mean=0.014280 max=0.043406
step 1000/1800 | epoch 2 | loss 2.7827 | 1.5 steps/s
  [r1c trace step 1050] block 0: alpha_read mean=0.213649 |da|mean=0.008304 max=0.049043 | inv_beta mean=1.029436 |di|mean=0.029859 max=0.068093
  [r1c trace step 1050] block 1: alpha_read mean=0.213383 |da|mean=0.008193 max=0.040309 | inv_beta mean=1.019642 |di|mean=0.019939 max=0.053112
  [r1c trace step 1050] block 2: alpha_read mean=0.215396 |da|mean=0.007648 max=0.029995 | inv_beta mean=1.016431 |di|mean=0.016901 max=0.045199
  [r1c trace step 1050] block 3: alpha_read mean=0.216229 |da|mean=0.006632 max=0.032253 | inv_beta mean=1.013899 |di|mean=0.014648 max=0.043298
  [r1c trace step 1050] block 4: alpha_read mean=0.217786 |da|mean=0.006282 max=0.029010 | inv_beta mean=1.013079 |di|mean=0.014186 max=0.043714
  [r1c trace step 1100] block 0: alpha_read mean=0.213587 |da|mean=0.008515 max=0.049523 | inv_beta mean=1.029641 |di|mean=0.030077 max=0.069903
  [r1c trace step 1100] block 1: alpha_read mean=0.213160 |da|mean=0.008464 max=0.043265 | inv_beta mean=1.019914 |di|mean=0.020221 max=0.055849
  [r1c trace step 1100] block 2: alpha_read mean=0.215308 |da|mean=0.007780 max=0.029489 | inv_beta mean=1.016644 |di|mean=0.017138 max=0.046189
  [r1c trace step 1100] block 3: alpha_read mean=0.216156 |da|mean=0.006751 max=0.031990 | inv_beta mean=1.013974 |di|mean=0.014755 max=0.043592
  [r1c trace step 1100] block 4: alpha_read mean=0.217818 |da|mean=0.006382 max=0.029284 | inv_beta mean=1.012930 |di|mean=0.014093 max=0.044316
  [r1c trace step 1150] block 0: alpha_read mean=0.213536 |da|mean=0.008682 max=0.049987 | inv_beta mean=1.029875 |di|mean=0.030317 max=0.070332
  [r1c trace step 1150] block 1: alpha_read mean=0.213031 |da|mean=0.008714 max=0.045591 | inv_beta mean=1.020159 |di|mean=0.020485 max=0.058259
  [r1c trace step 1150] block 2: alpha_read mean=0.215161 |da|mean=0.007910 max=0.031186 | inv_beta mean=1.016881 |di|mean=0.017391 max=0.047229
  [r1c trace step 1150] block 3: alpha_read mean=0.216080 |da|mean=0.006885 max=0.033401 | inv_beta mean=1.014058 |di|mean=0.014885 max=0.044603
  [r1c trace step 1150] block 4: alpha_read mean=0.217760 |da|mean=0.006411 max=0.028999 | inv_beta mean=1.012863 |di|mean=0.014057 max=0.044795
  [r1c trace step 1200] block 0: alpha_read mean=0.213523 |da|mean=0.008852 max=0.050256 | inv_beta mean=1.030167 |di|mean=0.030628 max=0.071525
  [r1c trace step 1200] block 1: alpha_read mean=0.212897 |da|mean=0.008996 max=0.047299 | inv_beta mean=1.020555 |di|mean=0.020884 max=0.060685
  [r1c trace step 1200] block 2: alpha_read mean=0.215104 |da|mean=0.008023 max=0.031236 | inv_beta mean=1.017200 |di|mean=0.017716 max=0.049323
  [r1c trace step 1200] block 3: alpha_read mean=0.216076 |da|mean=0.006998 max=0.034663 | inv_beta mean=1.014174 |di|mean=0.015042 max=0.046485
  [r1c trace step 1200] block 4: alpha_read mean=0.217687 |da|mean=0.006500 max=0.029105 | inv_beta mean=1.012868 |di|mean=0.014104 max=0.044816
  [trace step 1250] block 0: fast=178 medium=200 slow=134 | mean_alpha=0.2155 | mean_|grad|=0.000014 (n=250)
  [trace step 1250] block 1: fast=178 medium=199 slow=135 | mean_alpha=0.2156 | mean_|grad|=0.000011 (n=250)
  [trace step 1250] block 2: fast=178 medium=200 slow=134 | mean_alpha=0.2155 | mean_|grad|=0.000012 (n=250)
  [trace step 1250] block 3: fast=179 medium=198 slow=135 | mean_alpha=0.2155 | mean_|grad|=0.000011 (n=250)
  [trace step 1250] block 4: fast=179 medium=199 slow=134 | mean_alpha=0.2154 | mean_|grad|=0.000028 (n=250)
  [r1c trace step 1250] block 0: alpha_read mean=0.213472 |da|mean=0.009028 max=0.051063 | inv_beta mean=1.030446 |di|mean=0.030924 max=0.072980
  [r1c trace step 1250] block 1: alpha_read mean=0.212704 |da|mean=0.009270 max=0.048446 | inv_beta mean=1.020901 |di|mean=0.021244 max=0.064455
  [r1c trace step 1250] block 2: alpha_read mean=0.214996 |da|mean=0.008166 max=0.031734 | inv_beta mean=1.017395 |di|mean=0.017926 max=0.051128
  [r1c trace step 1250] block 3: alpha_read mean=0.216010 |da|mean=0.007085 max=0.034618 | inv_beta mean=1.014266 |di|mean=0.015168 max=0.046782
  [r1c trace step 1250] block 4: alpha_read mean=0.217625 |da|mean=0.006567 max=0.029522 | inv_beta mean=1.012796 |di|mean=0.014078 max=0.044942
step 1250/1800 | epoch 2 | loss 2.7765 | 1.5 steps/s
  validation: loss 2.8009 | 4.041 bits/byte
  [r1c trace step 1300] block 0: alpha_read mean=0.213349 |da|mean=0.009191 max=0.051328 | inv_beta mean=1.030697 |di|mean=0.031167 max=0.073995
  [r1c trace step 1300] block 1: alpha_read mean=0.212583 |da|mean=0.009503 max=0.050454 | inv_beta mean=1.021144 |di|mean=0.021499 max=0.065266
  [r1c trace step 1300] block 2: alpha_read mean=0.214881 |da|mean=0.008328 max=0.032788 | inv_beta mean=1.017563 |di|mean=0.018115 max=0.052387
  [r1c trace step 1300] block 3: alpha_read mean=0.215990 |da|mean=0.007178 max=0.034170 | inv_beta mean=1.014279 |di|mean=0.015212 max=0.047288
  [r1c trace step 1300] block 4: alpha_read mean=0.217522 |da|mean=0.006617 max=0.029309 | inv_beta mean=1.012773 |di|mean=0.014070 max=0.046276
  [r1c trace step 1350] block 0: alpha_read mean=0.213271 |da|mean=0.009447 max=0.051945 | inv_beta mean=1.031074 |di|mean=0.031566 max=0.074980
  [r1c trace step 1350] block 1: alpha_read mean=0.212339 |da|mean=0.009837 max=0.053450 | inv_beta mean=1.021650 |di|mean=0.022021 max=0.068691
  [r1c trace step 1350] block 2: alpha_read mean=0.214734 |da|mean=0.008491 max=0.033439 | inv_beta mean=1.017854 |di|mean=0.018435 max=0.055315
  [r1c trace step 1350] block 3: alpha_read mean=0.215892 |da|mean=0.007331 max=0.035049 | inv_beta mean=1.014410 |di|mean=0.015408 max=0.048375
  [r1c trace step 1350] block 4: alpha_read mean=0.217602 |da|mean=0.006690 max=0.029734 | inv_beta mean=1.012642 |di|mean=0.014016 max=0.047200
  [r1c trace step 1400] block 0: alpha_read mean=0.213188 |da|mean=0.009646 max=0.052359 | inv_beta mean=1.031392 |di|mean=0.031889 max=0.077038
  [r1c trace step 1400] block 1: alpha_read mean=0.212257 |da|mean=0.010062 max=0.054795 | inv_beta mean=1.022050 |di|mean=0.022431 max=0.072846
  [r1c trace step 1400] block 2: alpha_read mean=0.214652 |da|mean=0.008604 max=0.034325 | inv_beta mean=1.018095 |di|mean=0.018714 max=0.056251
  [r1c trace step 1400] block 3: alpha_read mean=0.215845 |da|mean=0.007485 max=0.034347 | inv_beta mean=1.014519 |di|mean=0.015566 max=0.051213
  [r1c trace step 1400] block 4: alpha_read mean=0.217577 |da|mean=0.006769 max=0.030684 | inv_beta mean=1.012627 |di|mean=0.014054 max=0.048380
  [r1c trace step 1450] block 0: alpha_read mean=0.213079 |da|mean=0.009788 max=0.052852 | inv_beta mean=1.031639 |di|mean=0.032139 max=0.079814
  [r1c trace step 1450] block 1: alpha_read mean=0.212106 |da|mean=0.010297 max=0.056482 | inv_beta mean=1.022280 |di|mean=0.022684 max=0.074913
  [r1c trace step 1450] block 2: alpha_read mean=0.214581 |da|mean=0.008730 max=0.036148 | inv_beta mean=1.018246 |di|mean=0.018897 max=0.058764
  [r1c trace step 1450] block 3: alpha_read mean=0.215802 |da|mean=0.007571 max=0.033868 | inv_beta mean=1.014574 |di|mean=0.015653 max=0.053584
  [r1c trace step 1450] block 4: alpha_read mean=0.217506 |da|mean=0.006785 max=0.031403 | inv_beta mean=1.012581 |di|mean=0.014059 max=0.049529
  [trace step 1500] block 0: fast=178 medium=200 slow=134 | mean_alpha=0.2156 | mean_|grad|=0.000014 (n=250)
  [trace step 1500] block 1: fast=178 medium=199 slow=135 | mean_alpha=0.2157 | mean_|grad|=0.000011 (n=250)
  [trace step 1500] block 2: fast=178 medium=200 slow=134 | mean_alpha=0.2155 | mean_|grad|=0.000011 (n=250)
  [trace step 1500] block 3: fast=177 medium=200 slow=135 | mean_alpha=0.2155 | mean_|grad|=0.000010 (n=250)
  [trace step 1500] block 4: fast=179 medium=199 slow=134 | mean_alpha=0.2154 | mean_|grad|=0.000026 (n=250)
  [r1c trace step 1500] block 0: alpha_read mean=0.213007 |da|mean=0.009971 max=0.054122 | inv_beta mean=1.031837 |di|mean=0.032348 max=0.081637
  [r1c trace step 1500] block 1: alpha_read mean=0.211979 |da|mean=0.010548 max=0.057469 | inv_beta mean=1.022489 |di|mean=0.022916 max=0.076635
  [r1c trace step 1500] block 2: alpha_read mean=0.214501 |da|mean=0.008876 max=0.037234 | inv_beta mean=1.018343 |di|mean=0.019026 max=0.060645
  [r1c trace step 1500] block 3: alpha_read mean=0.215760 |da|mean=0.007655 max=0.035572 | inv_beta mean=1.014568 |di|mean=0.015685 max=0.055511
  [r1c trace step 1500] block 4: alpha_read mean=0.217499 |da|mean=0.006851 max=0.031292 | inv_beta mean=1.012484 |di|mean=0.014049 max=0.050739
step 1500/1800 | epoch 2 | loss 2.7773 | 1.4 steps/s
  [r1c trace step 1550] block 0: alpha_read mean=0.212906 |da|mean=0.010150 max=0.055548 | inv_beta mean=1.032008 |di|mean=0.032527 max=0.083862
  [r1c trace step 1550] block 1: alpha_read mean=0.211823 |da|mean=0.010760 max=0.061129 | inv_beta mean=1.022625 |di|mean=0.023071 max=0.077923
  [r1c trace step 1550] block 2: alpha_read mean=0.214449 |da|mean=0.008977 max=0.037431 | inv_beta mean=1.018443 |di|mean=0.019139 max=0.062225
  [r1c trace step 1550] block 3: alpha_read mean=0.215724 |da|mean=0.007707 max=0.035671 | inv_beta mean=1.014562 |di|mean=0.015725 max=0.056629
  [r1c trace step 1550] block 4: alpha_read mean=0.217428 |da|mean=0.006884 max=0.030858 | inv_beta mean=1.012398 |di|mean=0.014037 max=0.051384
  [r1c trace step 1600] block 0: alpha_read mean=0.212755 |da|mean=0.010417 max=0.056909 | inv_beta mean=1.032166 |di|mean=0.032705 max=0.086908
  [r1c trace step 1600] block 1: alpha_read mean=0.211724 |da|mean=0.010966 max=0.062815 | inv_beta mean=1.022812 |di|mean=0.023283 max=0.081843
  [r1c trace step 1600] block 2: alpha_read mean=0.214351 |da|mean=0.009165 max=0.038658 | inv_beta mean=1.018599 |di|mean=0.019307 max=0.063927
  [r1c trace step 1600] block 3: alpha_read mean=0.215672 |da|mean=0.007808 max=0.034992 | inv_beta mean=1.014625 |di|mean=0.015841 max=0.058263
  [r1c trace step 1600] block 4: alpha_read mean=0.217355 |da|mean=0.006940 max=0.031491 | inv_beta mean=1.012371 |di|mean=0.014035 max=0.051896
  [r1c trace step 1650] block 0: alpha_read mean=0.212753 |da|mean=0.010589 max=0.056836 | inv_beta mean=1.032384 |di|mean=0.032924 max=0.088646
  [r1c trace step 1650] block 1: alpha_read mean=0.211520 |da|mean=0.011244 max=0.065228 | inv_beta mean=1.023096 |di|mean=0.023573 max=0.087143
  [r1c trace step 1650] block 2: alpha_read mean=0.214319 |da|mean=0.009240 max=0.039283 | inv_beta mean=1.018768 |di|mean=0.019509 max=0.065096
  [r1c trace step 1650] block 3: alpha_read mean=0.215645 |da|mean=0.007941 max=0.035272 | inv_beta mean=1.014678 |di|mean=0.015962 max=0.059949
  [r1c trace step 1650] block 4: alpha_read mean=0.217380 |da|mean=0.007033 max=0.030675 | inv_beta mean=1.012259 |di|mean=0.014024 max=0.052383
  [r1c trace step 1700] block 0: alpha_read mean=0.212658 |da|mean=0.010831 max=0.057331 | inv_beta mean=1.032667 |di|mean=0.033223 max=0.091816
  [r1c trace step 1700] block 1: alpha_read mean=0.211292 |da|mean=0.011507 max=0.070981 | inv_beta mean=1.023393 |di|mean=0.023895 max=0.091195
  [r1c trace step 1700] block 2: alpha_read mean=0.214193 |da|mean=0.009391 max=0.039856 | inv_beta mean=1.018937 |di|mean=0.019734 max=0.067820
  [r1c trace step 1700] block 3: alpha_read mean=0.215533 |da|mean=0.008062 max=0.037296 | inv_beta mean=1.014750 |di|mean=0.016095 max=0.059264
  [r1c trace step 1700] block 4: alpha_read mean=0.217355 |da|mean=0.007104 max=0.034014 | inv_beta mean=1.012121 |di|mean=0.013991 max=0.051931
  [trace step 1750] block 0: fast=178 medium=200 slow=134 | mean_alpha=0.2157 | mean_|grad|=0.000014 (n=250)
  [trace step 1750] block 1: fast=178 medium=199 slow=135 | mean_alpha=0.2158 | mean_|grad|=0.000010 (n=250)
  [trace step 1750] block 2: fast=178 medium=200 slow=134 | mean_alpha=0.2156 | mean_|grad|=0.000010 (n=250)
  [trace step 1750] block 3: fast=179 medium=198 slow=135 | mean_alpha=0.2156 | mean_|grad|=0.000009 (n=250)
  [trace step 1750] block 4: fast=179 medium=199 slow=134 | mean_alpha=0.2154 | mean_|grad|=0.000023 (n=250)
  [r1c trace step 1750] block 0: alpha_read mean=0.212539 |da|mean=0.011099 max=0.057332 | inv_beta mean=1.032838 |di|mean=0.033400 max=0.092065
  [r1c trace step 1750] block 1: alpha_read mean=0.211228 |da|mean=0.011635 max=0.071226 | inv_beta mean=1.023629 |di|mean=0.024158 max=0.092325
  [r1c trace step 1750] block 2: alpha_read mean=0.214141 |da|mean=0.009523 max=0.039951 | inv_beta mean=1.018988 |di|mean=0.019816 max=0.070552
  [r1c trace step 1750] block 3: alpha_read mean=0.215456 |da|mean=0.008152 max=0.037507 | inv_beta mean=1.014718 |di|mean=0.016138 max=0.059610
  [r1c trace step 1750] block 4: alpha_read mean=0.217260 |da|mean=0.007118 max=0.035084 | inv_beta mean=1.012045 |di|mean=0.013972 max=0.052917
step 1750/1800 | epoch 2 | loss 2.7777 | 1.5 steps/s
  [r1c trace step 1800] block 0: alpha_read mean=0.212478 |da|mean=0.011327 max=0.057762 | inv_beta mean=1.032977 |di|mean=0.033554 max=0.093138
  [r1c trace step 1800] block 1: alpha_read mean=0.211194 |da|mean=0.011749 max=0.071361 | inv_beta mean=1.023763 |di|mean=0.024298 max=0.094376
  [r1c trace step 1800] block 2: alpha_read mean=0.214108 |da|mean=0.009607 max=0.039270 | inv_beta mean=1.019019 |di|mean=0.019889 max=0.072902
  [r1c trace step 1800] block 3: alpha_read mean=0.215381 |da|mean=0.008195 max=0.037947 | inv_beta mean=1.014649 |di|mean=0.016123 max=0.060309
  [r1c trace step 1800] block 4: alpha_read mean=0.217217 |da|mean=0.007183 max=0.035147 | inv_beta mean=1.011916 |di|mean=0.013913 max=0.052770
eva: process memory peak 455.6 MB

-- what holds the training memory --
  parameters                51.2 MB   (unavoidable)
  AdamW state              102.3 MB   (unavoidable today)
  GRAPH, own peak           10.0 MB
  live nodes, peak           119
  graph alive now            0.0 MB   (0 if everything was freed)
  GRADIENT MAP              51.2 MB   <- a new Vec per tensor, every step

-- who holds, accumulated over the whole training run --
  clockmem_inject_learn    9518.8 MB in    9500 nodes     50%
  sigmoid             9518.6 MB in   19000 nodes     50%
  gather                 7.5 MB in    1900 nodes      0%
  ce                     7.4 MB in    1900 nodes      0%
  add                    2.8 MB in   66500 nodes      0%
  matmul                 1.6 MB in   68400 nodes      0%
  rms_norm               0.6 MB in   30400 nodes      0%
  mul                    0.4 MB in    9500 nodes      0%
  parameter copies from a shared Arc: 0  (has to be 0)
eva: FINAL VALIDATION loss 2.7927 | 4.029 bits/byte (100 windows, arch clock)
eva: rule 'all' | 1800 forward, 1800 backward (100% learned)
eva: training finished in 1221.7s, weights in 16m5b_N256_T1_win257_r1c.weights
