eva: dataset 512001 bytes, 1000 windows, 13410826 params
eva: 900 windows to train on, 100 to validate
eva: alpha/gradient TRACE ACTIVE (EVA_ALPHA_TRACE)
eva: wread TRACE ACTIVE (EVA_WREAD_TRACE)
[eva] matmul on GPU: NVIDIA GeForce GTX 1650
  [r2 trace step 50] block 0: z=0.0145 s=0.5284 mean|s*read|=0.112888 | mean|g| ar=2.03e-4 ib=1.79e-4 z=5.16e-3 (n=50)
  [r2 trace step 50] block 1: z=0.0108 s=0.5276 mean|s*read|=0.112789 | mean|g| ar=1.40e-4 ib=1.21e-4 z=2.45e-3 (n=50)
  [r2 trace step 50] block 2: z=0.0059 s=0.5264 mean|s*read|=0.111639 | mean|g| ar=1.14e-4 ib=9.74e-5 z=1.43e-3 (n=50)
  [r2 trace step 50] block 3: z=0.0067 s=0.5266 mean|s*read|=0.112499 | mean|g| ar=9.84e-5 ib=8.36e-5 z=1.13e-3 (n=50)
  [r2 trace step 50] block 4: z=0.0037 s=0.5259 mean|s*read|=0.111820 | mean|g| ar=8.66e-5 ib=7.44e-5 z=9.71e-4 (n=50)
  [r2 trace step 100] block 0: z=0.0364 s=0.5336 mean|s*read|=0.118455 | mean|g| ar=2.05e-4 ib=1.91e-4 z=1.59e-2 (n=50)
  [r2 trace step 100] block 1: z=0.0320 s=0.5326 mean|s*read|=0.117613 | mean|g| ar=1.46e-4 ib=1.26e-4 z=6.84e-3 (n=50)
  [r2 trace step 100] block 2: z=0.0261 s=0.5312 mean|s*read|=0.115220 | mean|g| ar=1.14e-4 ib=9.51e-5 z=4.13e-3 (n=50)
  [r2 trace step 100] block 3: z=0.0254 s=0.5310 mean|s*read|=0.115704 | mean|g| ar=9.72e-5 ib=8.24e-5 z=2.78e-3 (n=50)
  [r2 trace step 100] block 4: z=0.0232 s=0.5305 mean|s*read|=0.115172 | mean|g| ar=8.58e-5 ib=7.33e-5 z=2.65e-3 (n=50)
  [r2 trace step 150] block 0: z=0.0612 s=0.5395 mean|s*read|=0.128133 | mean|g| ar=2.05e-4 ib=2.17e-4 z=3.05e-2 (n=50)
  [r2 trace step 150] block 1: z=0.0574 s=0.5386 mean|s*read|=0.126881 | mean|g| ar=1.45e-4 ib=1.36e-4 z=1.47e-2 (n=50)
  [r2 trace step 150] block 2: z=0.0519 s=0.5373 mean|s*read|=0.125609 | mean|g| ar=1.22e-4 ib=1.06e-4 z=9.92e-3 (n=50)
  [r2 trace step 150] block 3: z=0.0525 s=0.5375 mean|s*read|=0.128900 | mean|g| ar=1.04e-4 ib=9.08e-5 z=8.27e-3 (n=50)
  [r2 trace step 150] block 4: z=0.0504 s=0.5370 mean|s*read|=0.130476 | mean|g| ar=9.66e-5 ib=8.33e-5 z=7.55e-3 (n=50)
  [r2 trace step 200] block 0: z=0.0889 s=0.5461 mean|s*read|=0.145469 | mean|g| ar=2.14e-4 ib=2.91e-4 z=5.65e-2 (n=50)
  [r2 trace step 200] block 1: z=0.0880 s=0.5459 mean|s*read|=0.177392 | mean|g| ar=1.97e-4 ib=2.13e-4 z=3.52e-2 (n=50)
  [r2 trace step 200] block 2: z=0.0855 s=0.5453 mean|s*read|=0.225733 | mean|g| ar=2.03e-4 ib=2.07e-4 z=3.24e-2 (n=50)
  [r2 trace step 200] block 3: z=0.0872 s=0.5457 mean|s*read|=0.276287 | mean|g| ar=2.15e-4 ib=2.06e-4 z=3.06e-2 (n=50)
  [r2 trace step 200] block 4: z=0.0858 s=0.5454 mean|s*read|=0.291855 | mean|g| ar=2.18e-4 ib=1.99e-4 z=3.07e-2 (n=50)
  [trace step 250] block 0: fast=178 medium=201 slow=133 | mean_alpha=0.2153 | mean_|grad|=0.000055 (n=250)
  [trace step 250] block 1: fast=178 medium=199 slow=135 | mean_alpha=0.2153 | mean_|grad|=0.000037 (n=250)
  [trace step 250] block 2: fast=179 medium=199 slow=134 | mean_alpha=0.2152 | mean_|grad|=0.000032 (n=250)
  [trace step 250] block 3: fast=179 medium=199 slow=134 | mean_alpha=0.2151 | mean_|grad|=0.000031 (n=250)
  [trace step 250] block 4: fast=178 medium=200 slow=134 | mean_alpha=0.2152 | mean_|grad|=0.000036 (n=250)
  [r2 trace step 250] block 0: z=0.1086 s=0.5508 mean|s*read|=0.176650 | mean|g| ar=1.38e-4 ib=1.96e-4 z=4.14e-2 (n=50)
  [r2 trace step 250] block 1: z=0.1096 s=0.5510 mean|s*read|=0.378452 | mean|g| ar=1.95e-4 ib=1.84e-4 z=2.81e-2 (n=50)
  [r2 trace step 250] block 2: z=0.1086 s=0.5508 mean|s*read|=0.621650 | mean|g| ar=2.71e-4 ib=2.42e-4 z=2.84e-2 (n=50)
  [r2 trace step 250] block 3: z=0.1116 s=0.5515 mean|s*read|=0.794062 | mean|g| ar=3.17e-4 ib=2.74e-4 z=3.01e-2 (n=50)
  [r2 trace step 250] block 4: z=0.1100 s=0.5511 mean|s*read|=1.025470 | mean|g| ar=3.88e-4 ib=3.23e-4 z=3.00e-2 (n=50)
step 250/1800 | epoch 1 | loss 5.0416 | 1.5 steps/s
  [r2 trace step 300] block 0: z=0.1124 s=0.5517 mean|s*read|=0.194090 | mean|g| ar=2.92e-5 ib=3.33e-5 z=6.09e-3 (n=50)
  [r2 trace step 300] block 1: z=0.1130 s=0.5518 mean|s*read|=0.530825 | mean|g| ar=4.46e-5 ib=3.72e-5 z=3.33e-3 (n=50)
  [r2 trace step 300] block 2: z=0.1123 s=0.5516 mean|s*read|=0.847768 | mean|g| ar=6.15e-5 ib=4.83e-5 z=3.69e-3 (n=50)
  [r2 trace step 300] block 3: z=0.1153 s=0.5523 mean|s*read|=1.085084 | mean|g| ar=7.50e-5 ib=5.47e-5 z=3.59e-3 (n=50)
  [r2 trace step 300] block 4: z=0.1129 s=0.5518 mean|s*read|=1.505870 | mean|g| ar=1.03e-4 ib=7.03e-5 z=2.60e-3 (n=50)
  [r2 trace step 350] block 0: z=0.1138 s=0.5520 mean|s*read|=0.197298 | mean|g| ar=2.17e-5 ib=2.00e-5 z=2.76e-3 (n=50)
  [r2 trace step 350] block 1: z=0.1142 s=0.5521 mean|s*read|=0.576783 | mean|g| ar=2.97e-5 ib=2.50e-5 z=1.47e-3 (n=50)
  [r2 trace step 350] block 2: z=0.1136 s=0.5520 mean|s*read|=0.888427 | mean|g| ar=3.96e-5 ib=2.84e-5 z=1.60e-3 (n=50)
  [r2 trace step 350] block 3: z=0.1167 s=0.5527 mean|s*read|=1.140520 | mean|g| ar=4.78e-5 ib=3.07e-5 z=1.71e-3 (n=50)
  [r2 trace step 350] block 4: z=0.1141 s=0.5521 mean|s*read|=1.636549 | mean|g| ar=6.68e-5 ib=3.80e-5 z=1.90e-3 (n=50)
  [r2 trace step 400] block 0: z=0.1147 s=0.5522 mean|s*read|=0.198468 | mean|g| ar=1.75e-5 ib=1.59e-5 z=1.77e-3 (n=50)
  [r2 trace step 400] block 1: z=0.1150 s=0.5523 mean|s*read|=0.598205 | mean|g| ar=2.55e-5 ib=2.02e-5 z=9.27e-4 (n=50)
  [r2 trace step 400] block 2: z=0.1145 s=0.5522 mean|s*read|=0.905457 | mean|g| ar=3.36e-5 ib=2.16e-5 z=8.94e-4 (n=50)
  [r2 trace step 400] block 3: z=0.1177 s=0.5529 mean|s*read|=1.163644 | mean|g| ar=3.96e-5 ib=2.23e-5 z=1.01e-3 (n=50)
  [r2 trace step 400] block 4: z=0.1149 s=0.5523 mean|s*read|=1.684663 | mean|g| ar=5.39e-5 ib=2.66e-5 z=1.00e-3 (n=50)
  [r2 trace step 450] block 0: z=0.1155 s=0.5524 mean|s*read|=0.199453 | mean|g| ar=1.41e-5 ib=1.27e-5 z=1.36e-3 (n=50)
  [r2 trace step 450] block 1: z=0.1157 s=0.5525 mean|s*read|=0.620894 | mean|g| ar=2.03e-5 ib=1.64e-5 z=7.90e-4 (n=50)
  [r2 trace step 450] block 2: z=0.1152 s=0.5523 mean|s*read|=0.927308 | mean|g| ar=2.57e-5 ib=1.74e-5 z=7.57e-4 (n=50)
  [r2 trace step 450] block 3: z=0.1184 s=0.5531 mean|s*read|=1.198981 | mean|g| ar=3.06e-5 ib=1.76e-5 z=8.40e-4 (n=50)
  [r2 trace step 450] block 4: z=0.1153 s=0.5524 mean|s*read|=1.753679 | mean|g| ar=4.11e-5 ib=2.06e-5 z=9.14e-4 (n=50)
  [trace step 500] block 0: fast=178 medium=201 slow=133 | mean_alpha=0.2152 | mean_|grad|=0.000007 (n=250)
  [trace step 500] block 1: fast=178 medium=199 slow=135 | mean_alpha=0.2153 | mean_|grad|=0.000006 (n=250)
  [trace step 500] block 2: fast=179 medium=199 slow=134 | mean_alpha=0.2152 | mean_|grad|=0.000007 (n=250)
  [trace step 500] block 3: fast=179 medium=199 slow=134 | mean_alpha=0.2151 | mean_|grad|=0.000008 (n=250)
  [trace step 500] block 4: fast=178 medium=200 slow=134 | mean_alpha=0.2151 | mean_|grad|=0.000024 (n=250)
  [r2 trace step 500] block 0: z=0.1161 s=0.5525 mean|s*read|=0.199953 | mean|g| ar=8.97e-6 ib=8.29e-6 z=1.03e-3 (n=50)
  [r2 trace step 500] block 1: z=0.1162 s=0.5526 mean|s*read|=0.637941 | mean|g| ar=1.35e-5 ib=1.07e-5 z=5.34e-4 (n=50)
  [r2 trace step 500] block 2: z=0.1157 s=0.5525 mean|s*read|=0.938999 | mean|g| ar=1.72e-5 ib=1.14e-5 z=5.92e-4 (n=50)
  [r2 trace step 500] block 3: z=0.1190 s=0.5532 mean|s*read|=1.223468 | mean|g| ar=2.09e-5 ib=1.22e-5 z=5.99e-4 (n=50)
  [r2 trace step 500] block 4: z=0.1156 s=0.5524 mean|s*read|=1.794208 | mean|g| ar=2.83e-5 ib=1.58e-5 z=5.75e-4 (n=50)
step 500/1800 | epoch 1 | loss 2.8088 | 1.5 steps/s
  [r2 trace step 550] block 0: z=0.1166 s=0.5527 mean|s*read|=0.200653 | mean|g| ar=6.51e-6 ib=6.11e-6 z=7.75e-4 (n=50)
  [r2 trace step 550] block 1: z=0.1166 s=0.5527 mean|s*read|=0.648100 | mean|g| ar=1.04e-5 ib=8.30e-6 z=3.63e-4 (n=50)
  [r2 trace step 550] block 2: z=0.1162 s=0.5526 mean|s*read|=0.950759 | mean|g| ar=1.33e-5 ib=8.60e-6 z=3.84e-4 (n=50)
  [r2 trace step 550] block 3: z=0.1194 s=0.5533 mean|s*read|=1.243647 | mean|g| ar=1.66e-5 ib=9.72e-6 z=4.28e-4 (n=50)
  [r2 trace step 550] block 4: z=0.1159 s=0.5525 mean|s*read|=1.803576 | mean|g| ar=2.35e-5 ib=1.35e-5 z=5.84e-4 (n=50)
  [r2 trace step 600] block 0: z=0.1170 s=0.5528 mean|s*read|=0.201321 | mean|g| ar=5.33e-6 ib=4.76e-6 z=5.76e-4 (n=50)
  [r2 trace step 600] block 1: z=0.1168 s=0.5527 mean|s*read|=0.653719 | mean|g| ar=8.59e-6 ib=6.69e-6 z=2.85e-4 (n=50)
  [r2 trace step 600] block 2: z=0.1165 s=0.5526 mean|s*read|=0.947688 | mean|g| ar=1.13e-5 ib=7.30e-6 z=3.03e-4 (n=50)
  [r2 trace step 600] block 3: z=0.1198 s=0.5534 mean|s*read|=1.234604 | mean|g| ar=1.37e-5 ib=7.86e-6 z=3.87e-4 (n=50)
  [r2 trace step 600] block 4: z=0.1160 s=0.5525 mean|s*read|=1.806944 | mean|g| ar=2.10e-5 ib=1.15e-5 z=5.82e-4 (n=50)
  [r2 trace step 650] block 0: z=0.1174 s=0.5528 mean|s*read|=0.201672 | mean|g| ar=5.70e-6 ib=5.11e-6 z=5.50e-4 (n=50)
  [r2 trace step 650] block 1: z=0.1172 s=0.5528 mean|s*read|=0.661764 | mean|g| ar=8.36e-6 ib=6.67e-6 z=2.96e-4 (n=50)
  [r2 trace step 650] block 2: z=0.1168 s=0.5527 mean|s*read|=0.958351 | mean|g| ar=1.08e-5 ib=7.07e-6 z=3.07e-4 (n=50)
  [r2 trace step 650] block 3: z=0.1201 s=0.5535 mean|s*read|=1.250268 | mean|g| ar=1.31e-5 ib=7.28e-6 z=3.70e-4 (n=50)
  [r2 trace step 650] block 4: z=0.1162 s=0.5526 mean|s*read|=1.826695 | mean|g| ar=1.70e-5 ib=8.83e-6 z=3.64e-4 (n=50)
  [r2 trace step 700] block 0: z=0.1177 s=0.5529 mean|s*read|=0.202038 | mean|g| ar=4.59e-6 ib=4.10e-6 z=4.36e-4 (n=50)
  [r2 trace step 700] block 1: z=0.1174 s=0.5529 mean|s*read|=0.665406 | mean|g| ar=7.33e-6 ib=5.85e-6 z=2.29e-4 (n=50)
  [r2 trace step 700] block 2: z=0.1171 s=0.5528 mean|s*read|=0.961411 | mean|g| ar=9.44e-6 ib=5.97e-6 z=2.44e-4 (n=50)
  [r2 trace step 700] block 3: z=0.1204 s=0.5536 mean|s*read|=1.255227 | mean|g| ar=1.16e-5 ib=6.38e-6 z=2.90e-4 (n=50)
  [r2 trace step 700] block 4: z=0.1163 s=0.5526 mean|s*read|=1.841443 | mean|g| ar=1.65e-5 ib=9.01e-6 z=3.76e-4 (n=50)
  [trace step 750] block 0: fast=178 medium=201 slow=133 | mean_alpha=0.2152 | mean_|grad|=0.000003 (n=250)
  [trace step 750] block 1: fast=178 medium=199 slow=135 | mean_alpha=0.2154 | mean_|grad|=0.000002 (n=250)
  [trace step 750] block 2: fast=178 medium=200 slow=134 | mean_alpha=0.2153 | mean_|grad|=0.000003 (n=250)
  [trace step 750] block 3: fast=179 medium=199 slow=134 | mean_alpha=0.2152 | mean_|grad|=0.000003 (n=250)
  [trace step 750] block 4: fast=178 medium=200 slow=134 | mean_alpha=0.2152 | mean_|grad|=0.000015 (n=250)
  [r2 trace step 750] block 0: z=0.1179 s=0.5530 mean|s*read|=0.202008 | mean|g| ar=3.49e-6 ib=3.12e-6 z=3.52e-4 (n=50)
  [r2 trace step 750] block 1: z=0.1176 s=0.5529 mean|s*read|=0.675483 | mean|g| ar=5.52e-6 ib=4.41e-6 z=1.68e-4 (n=50)
  [r2 trace step 750] block 2: z=0.1173 s=0.5528 mean|s*read|=0.977885 | mean|g| ar=7.28e-6 ib=4.56e-6 z=1.75e-4 (n=50)
  [r2 trace step 750] block 3: z=0.1206 s=0.5536 mean|s*read|=1.297027 | mean|g| ar=9.15e-6 ib=4.89e-6 z=2.02e-4 (n=50)
  [r2 trace step 750] block 4: z=0.1164 s=0.5526 mean|s*read|=1.894086 | mean|g| ar=1.25e-5 ib=6.64e-6 z=2.15e-4 (n=50)
step 750/1800 | epoch 1 | loss 2.7902 | 1.5 steps/s
  [r2 trace step 800] block 0: z=0.1182 s=0.5530 mean|s*read|=0.202568 | mean|g| ar=3.92e-6 ib=3.36e-6 z=3.41e-4 (n=50)
  [r2 trace step 800] block 1: z=0.1178 s=0.5529 mean|s*read|=0.688745 | mean|g| ar=6.02e-6 ib=4.75e-6 z=1.61e-4 (n=50)
  [r2 trace step 800] block 2: z=0.1175 s=0.5529 mean|s*read|=0.975957 | mean|g| ar=7.64e-6 ib=4.71e-6 z=1.92e-4 (n=50)
  [r2 trace step 800] block 3: z=0.1209 s=0.5537 mean|s*read|=1.307125 | mean|g| ar=9.55e-6 ib=5.13e-6 z=2.40e-4 (n=50)
  [r2 trace step 800] block 4: z=0.1166 s=0.5527 mean|s*read|=1.927375 | mean|g| ar=1.29e-5 ib=6.43e-6 z=1.94e-4 (n=50)
  [r2 trace step 850] block 0: z=0.1184 s=0.5531 mean|s*read|=0.202749 | mean|g| ar=4.01e-6 ib=3.58e-6 z=3.27e-4 (n=50)
  [r2 trace step 850] block 1: z=0.1180 s=0.5530 mean|s*read|=0.688056 | mean|g| ar=5.95e-6 ib=4.69e-6 z=1.94e-4 (n=50)
  [r2 trace step 850] block 2: z=0.1177 s=0.5529 mean|s*read|=0.963342 | mean|g| ar=7.79e-6 ib=4.61e-6 z=1.68e-4 (n=50)
  [r2 trace step 850] block 3: z=0.1211 s=0.5537 mean|s*read|=1.290578 | mean|g| ar=9.35e-6 ib=4.72e-6 z=2.19e-4 (n=50)
  [r2 trace step 850] block 4: z=0.1166 s=0.5527 mean|s*read|=1.898723 | mean|g| ar=1.26e-5 ib=6.07e-6 z=1.74e-4 (n=50)
  [r2 trace step 900] block 0: z=0.1187 s=0.5532 mean|s*read|=0.203112 | mean|g| ar=3.07e-6 ib=2.58e-6 z=2.58e-4 (n=50)
  [r2 trace step 900] block 1: z=0.1181 s=0.5530 mean|s*read|=0.688542 | mean|g| ar=4.92e-6 ib=3.83e-6 z=1.25e-4 (n=50)
  [r2 trace step 900] block 2: z=0.1179 s=0.5530 mean|s*read|=0.949220 | mean|g| ar=6.20e-6 ib=3.79e-6 z=1.24e-4 (n=50)
  [r2 trace step 900] block 3: z=0.1214 s=0.5538 mean|s*read|=1.261022 | mean|g| ar=7.78e-6 ib=3.94e-6 z=1.36e-4 (n=50)
  [r2 trace step 900] block 4: z=0.1167 s=0.5527 mean|s*read|=1.869366 | mean|g| ar=1.02e-5 ib=4.87e-6 z=1.77e-4 (n=50)
  [r2 trace step 950] block 0: z=0.1190 s=0.5532 mean|s*read|=0.203293 | mean|g| ar=6.27e-6 ib=5.33e-6 z=3.56e-4 (n=50)
  [r2 trace step 950] block 1: z=0.1180 s=0.5530 mean|s*read|=0.652247 | mean|g| ar=1.12e-5 ib=8.13e-6 z=2.11e-4 (n=50)
  [r2 trace step 950] block 2: z=0.1180 s=0.5530 mean|s*read|=0.799211 | mean|g| ar=1.11e-5 ib=6.61e-6 z=1.04e-4 (n=50)
  [r2 trace step 950] block 3: z=0.1218 s=0.5539 mean|s*read|=0.961338 | mean|g| ar=1.22e-5 ib=6.00e-6 z=3.25e-4 (n=50)
  [r2 trace step 950] block 4: z=0.1179 s=0.5530 mean|s*read|=1.369155 | mean|g| ar=1.55e-5 ib=6.70e-6 z=8.79e-4 (n=50)
  [trace step 1000] block 0: fast=178 medium=201 slow=133 | mean_alpha=0.2153 | mean_|grad|=0.000005 (n=250)
  [trace step 1000] block 1: fast=178 medium=199 slow=135 | mean_alpha=0.2154 | mean_|grad|=0.000004 (n=250)
  [trace step 1000] block 2: fast=178 medium=200 slow=134 | mean_alpha=0.2153 | mean_|grad|=0.000005 (n=250)
  [trace step 1000] block 3: fast=179 medium=199 slow=134 | mean_alpha=0.2152 | mean_|grad|=0.000005 (n=250)
  [trace step 1000] block 4: fast=178 medium=200 slow=134 | mean_alpha=0.2152 | mean_|grad|=0.000016 (n=250)
  [r2 trace step 1000] block 0: z=0.1194 s=0.5533 mean|s*read|=0.203719 | mean|g| ar=1.30e-5 ib=1.11e-5 z=5.45e-4 (n=50)
  [r2 trace step 1000] block 1: z=0.1184 s=0.5531 mean|s*read|=0.547712 | mean|g| ar=1.82e-5 ib=1.41e-5 z=4.50e-4 (n=50)
  [r2 trace step 1000] block 2: z=0.1186 s=0.5531 mean|s*read|=0.626737 | mean|g| ar=1.81e-5 ib=1.17e-5 z=4.83e-4 (n=50)
  [r2 trace step 1000] block 3: z=0.1224 s=0.5540 mean|s*read|=0.731206 | mean|g| ar=1.88e-5 ib=9.92e-6 z=4.69e-4 (n=50)
  [r2 trace step 1000] block 4: z=0.1188 s=0.5532 mean|s*read|=0.919930 | mean|g| ar=1.94e-5 ib=8.00e-6 z=6.46e-4 (n=50)
step 1000/1800 | epoch 2 | loss 2.7834 | 1.5 steps/s
  [r2 trace step 1050] block 0: z=0.1202 s=0.5535 mean|s*read|=0.203731 | mean|g| ar=1.63e-5 ib=1.38e-5 z=7.74e-4 (n=50)
  [r2 trace step 1050] block 1: z=0.1195 s=0.5534 mean|s*read|=0.487003 | mean|g| ar=1.94e-5 ib=1.60e-5 z=7.67e-4 (n=50)
  [r2 trace step 1050] block 2: z=0.1198 s=0.5534 mean|s*read|=0.576421 | mean|g| ar=2.01e-5 ib=1.33e-5 z=7.80e-4 (n=50)
  [r2 trace step 1050] block 3: z=0.1235 s=0.5543 mean|s*read|=0.681509 | mean|g| ar=2.01e-5 ib=1.15e-5 z=7.18e-4 (n=50)
  [r2 trace step 1050] block 4: z=0.1192 s=0.5533 mean|s*read|=0.906936 | mean|g| ar=2.14e-5 ib=9.32e-6 z=4.77e-4 (n=50)
  [r2 trace step 1100] block 0: z=0.1209 s=0.5537 mean|s*read|=0.204672 | mean|g| ar=1.52e-5 ib=1.28e-5 z=7.46e-4 (n=50)
  [r2 trace step 1100] block 1: z=0.1208 s=0.5536 mean|s*read|=0.454117 | mean|g| ar=1.72e-5 ib=1.41e-5 z=7.47e-4 (n=50)
  [r2 trace step 1100] block 2: z=0.1211 s=0.5537 mean|s*read|=0.552621 | mean|g| ar=1.77e-5 ib=1.21e-5 z=7.27e-4 (n=50)
  [r2 trace step 1100] block 3: z=0.1246 s=0.5546 mean|s*read|=0.669993 | mean|g| ar=1.89e-5 ib=1.03e-5 z=7.04e-4 (n=50)
  [r2 trace step 1100] block 4: z=0.1196 s=0.5534 mean|s*read|=0.914131 | mean|g| ar=1.98e-5 ib=8.08e-6 z=4.14e-4 (n=50)
  [r2 trace step 1150] block 0: z=0.1216 s=0.5538 mean|s*read|=0.205651 | mean|g| ar=1.59e-5 ib=1.38e-5 z=6.80e-4 (n=50)
  [r2 trace step 1150] block 1: z=0.1220 s=0.5539 mean|s*read|=0.445374 | mean|g| ar=1.81e-5 ib=1.45e-5 z=7.90e-4 (n=50)
  [r2 trace step 1150] block 2: z=0.1224 s=0.5540 mean|s*read|=0.530237 | mean|g| ar=1.85e-5 ib=1.24e-5 z=8.06e-4 (n=50)
  [r2 trace step 1150] block 3: z=0.1258 s=0.5548 mean|s*read|=0.625053 | mean|g| ar=1.86e-5 ib=1.07e-5 z=7.59e-4 (n=50)
  [r2 trace step 1150] block 4: z=0.1203 s=0.5535 mean|s*read|=0.845697 | mean|g| ar=1.85e-5 ib=7.83e-6 z=4.67e-4 (n=50)
  [r2 trace step 1200] block 0: z=0.1225 s=0.5541 mean|s*read|=0.205941 | mean|g| ar=1.88e-5 ib=1.56e-5 z=8.60e-4 (n=50)
  [r2 trace step 1200] block 1: z=0.1237 s=0.5544 mean|s*read|=0.416604 | mean|g| ar=1.90e-5 ib=1.59e-5 z=1.03e-3 (n=50)
  [r2 trace step 1200] block 2: z=0.1242 s=0.5545 mean|s*read|=0.484330 | mean|g| ar=1.83e-5 ib=1.32e-5 z=9.65e-4 (n=50)
  [r2 trace step 1200] block 3: z=0.1272 s=0.5552 mean|s*read|=0.568650 | mean|g| ar=1.87e-5 ib=1.13e-5 z=8.63e-4 (n=50)
  [r2 trace step 1200] block 4: z=0.1213 s=0.5538 mean|s*read|=0.776062 | mean|g| ar=1.81e-5 ib=8.36e-6 z=5.83e-4 (n=50)
  [trace step 1250] block 0: fast=177 medium=202 slow=133 | mean_alpha=0.2154 | mean_|grad|=0.000013 (n=250)
  [trace step 1250] block 1: fast=178 medium=199 slow=135 | mean_alpha=0.2154 | mean_|grad|=0.000010 (n=250)
  [trace step 1250] block 2: fast=178 medium=200 slow=134 | mean_alpha=0.2153 | mean_|grad|=0.000011 (n=250)
  [trace step 1250] block 3: fast=179 medium=199 slow=134 | mean_alpha=0.2152 | mean_|grad|=0.000012 (n=250)
  [trace step 1250] block 4: fast=178 medium=200 slow=134 | mean_alpha=0.2152 | mean_|grad|=0.000027 (n=250)
  [r2 trace step 1250] block 0: z=0.1233 s=0.5542 mean|s*read|=0.207154 | mean|g| ar=1.32e-5 ib=1.12e-5 z=5.97e-4 (n=50)
  [r2 trace step 1250] block 1: z=0.1252 s=0.5547 mean|s*read|=0.433897 | mean|g| ar=1.41e-5 ib=1.17e-5 z=6.57e-4 (n=50)
  [r2 trace step 1250] block 2: z=0.1253 s=0.5547 mean|s*read|=0.525351 | mean|g| ar=1.46e-5 ib=9.53e-6 z=5.21e-4 (n=50)
  [r2 trace step 1250] block 3: z=0.1283 s=0.5554 mean|s*read|=0.643283 | mean|g| ar=1.56e-5 ib=8.48e-6 z=4.54e-4 (n=50)
  [r2 trace step 1250] block 4: z=0.1218 s=0.5539 mean|s*read|=0.871934 | mean|g| ar=1.54e-5 ib=6.67e-6 z=3.52e-4 (n=50)
step 1250/1800 | epoch 2 | loss 2.7778 | 1.5 steps/s
  validation: loss 2.8038 | 4.045 bits/byte
  [r2 trace step 1300] block 0: z=0.1242 s=0.5544 mean|s*read|=0.207694 | mean|g| ar=1.76e-5 ib=1.47e-5 z=8.94e-4 (n=50)
  [r2 trace step 1300] block 1: z=0.1265 s=0.5550 mean|s*read|=0.420402 | mean|g| ar=1.75e-5 ib=1.51e-5 z=8.72e-4 (n=50)
  [r2 trace step 1300] block 2: z=0.1267 s=0.5551 mean|s*read|=0.497182 | mean|g| ar=1.71e-5 ib=1.23e-5 z=8.65e-4 (n=50)
  [r2 trace step 1300] block 3: z=0.1295 s=0.5557 mean|s*read|=0.589903 | mean|g| ar=1.75e-5 ib=1.04e-5 z=8.85e-4 (n=50)
  [r2 trace step 1300] block 4: z=0.1228 s=0.5541 mean|s*read|=0.752557 | mean|g| ar=1.64e-5 ib=7.79e-6 z=6.49e-4 (n=50)
  [r2 trace step 1350] block 0: z=0.1253 s=0.5547 mean|s*read|=0.207209 | mean|g| ar=1.63e-5 ib=1.38e-5 z=8.68e-4 (n=50)
  [r2 trace step 1350] block 1: z=0.1286 s=0.5555 mean|s*read|=0.400100 | mean|g| ar=1.65e-5 ib=1.39e-5 z=1.01e-3 (n=50)
  [r2 trace step 1350] block 2: z=0.1285 s=0.5555 mean|s*read|=0.462063 | mean|g| ar=1.60e-5 ib=1.14e-5 z=7.83e-4 (n=50)
  [r2 trace step 1350] block 3: z=0.1311 s=0.5561 mean|s*read|=0.560971 | mean|g| ar=1.62e-5 ib=1.00e-5 z=7.20e-4 (n=50)
  [r2 trace step 1350] block 4: z=0.1236 s=0.5543 mean|s*read|=0.768378 | mean|g| ar=1.71e-5 ib=8.01e-6 z=4.41e-4 (n=50)
  [r2 trace step 1400] block 0: z=0.1263 s=0.5550 mean|s*read|=0.208244 | mean|g| ar=1.66e-5 ib=1.42e-5 z=7.93e-4 (n=50)
  [r2 trace step 1400] block 1: z=0.1304 s=0.5559 mean|s*read|=0.384725 | mean|g| ar=1.66e-5 ib=1.40e-5 z=8.75e-4 (n=50)
  [r2 trace step 1400] block 2: z=0.1301 s=0.5559 mean|s*read|=0.436395 | mean|g| ar=1.61e-5 ib=1.12e-5 z=7.46e-4 (n=50)
  [r2 trace step 1400] block 3: z=0.1325 s=0.5564 mean|s*read|=0.526152 | mean|g| ar=1.64e-5 ib=9.75e-6 z=6.31e-4 (n=50)
  [r2 trace step 1400] block 4: z=0.1246 s=0.5545 mean|s*read|=0.699760 | mean|g| ar=1.59e-5 ib=7.29e-6 z=4.30e-4 (n=50)
  [r2 trace step 1450] block 0: z=0.1272 s=0.5552 mean|s*read|=0.208619 | mean|g| ar=1.28e-5 ib=1.10e-5 z=6.23e-4 (n=50)
  [r2 trace step 1450] block 1: z=0.1317 s=0.5562 mean|s*read|=0.395715 | mean|g| ar=1.34e-5 ib=1.08e-5 z=5.85e-4 (n=50)
  [r2 trace step 1450] block 2: z=0.1312 s=0.5561 mean|s*read|=0.479115 | mean|g| ar=1.32e-5 ib=9.00e-6 z=4.95e-4 (n=50)
  [r2 trace step 1450] block 3: z=0.1334 s=0.5566 mean|s*read|=0.602554 | mean|g| ar=1.46e-5 ib=8.04e-6 z=3.75e-4 (n=50)
  [r2 trace step 1450] block 4: z=0.1251 s=0.5547 mean|s*read|=0.782127 | mean|g| ar=1.34e-5 ib=5.96e-6 z=2.60e-4 (n=50)
  [trace step 1500] block 0: fast=177 medium=202 slow=133 | mean_alpha=0.2155 | mean_|grad|=0.000014 (n=250)
  [trace step 1500] block 1: fast=178 medium=199 slow=135 | mean_alpha=0.2154 | mean_|grad|=0.000010 (n=250)
  [trace step 1500] block 2: fast=178 medium=200 slow=134 | mean_alpha=0.2153 | mean_|grad|=0.000011 (n=250)
  [trace step 1500] block 3: fast=179 medium=199 slow=134 | mean_alpha=0.2152 | mean_|grad|=0.000012 (n=250)
  [trace step 1500] block 4: fast=178 medium=200 slow=134 | mean_alpha=0.2152 | mean_|grad|=0.000026 (n=250)
  [r2 trace step 1500] block 0: z=0.1279 s=0.5553 mean|s*read|=0.209673 | mean|g| ar=1.32e-5 ib=1.09e-5 z=5.38e-4 (n=50)
  [r2 trace step 1500] block 1: z=0.1327 s=0.5565 mean|s*read|=0.407582 | mean|g| ar=1.29e-5 ib=1.06e-5 z=4.71e-4 (n=50)
  [r2 trace step 1500] block 2: z=0.1322 s=0.5563 mean|s*read|=0.498446 | mean|g| ar=1.30e-5 ib=8.71e-6 z=4.17e-4 (n=50)
  [r2 trace step 1500] block 3: z=0.1340 s=0.5568 mean|s*read|=0.615190 | mean|g| ar=1.40e-5 ib=7.75e-6 z=3.39e-4 (n=50)
  [r2 trace step 1500] block 4: z=0.1254 s=0.5548 mean|s*read|=0.804603 | mean|g| ar=1.32e-5 ib=5.45e-6 z=1.96e-4 (n=50)
step 1500/1800 | epoch 2 | loss 2.7775 | 1.4 steps/s
  [r2 trace step 1550] block 0: z=0.1284 s=0.5555 mean|s*read|=0.210277 | mean|g| ar=9.74e-6 ib=8.04e-6 z=3.69e-4 (n=50)
  [r2 trace step 1550] block 1: z=0.1336 s=0.5567 mean|s*read|=0.417166 | mean|g| ar=1.04e-5 ib=8.13e-6 z=3.65e-4 (n=50)
  [r2 trace step 1550] block 2: z=0.1329 s=0.5565 mean|s*read|=0.500334 | mean|g| ar=1.02e-5 ib=6.50e-6 z=3.17e-4 (n=50)
  [r2 trace step 1550] block 3: z=0.1344 s=0.5569 mean|s*read|=0.620217 | mean|g| ar=1.11e-5 ib=5.67e-6 z=2.09e-4 (n=50)
  [r2 trace step 1550] block 4: z=0.1257 s=0.5548 mean|s*read|=0.809115 | mean|g| ar=1.07e-5 ib=4.51e-6 z=1.83e-4 (n=50)
  [r2 trace step 1600] block 0: z=0.1292 s=0.5556 mean|s*read|=0.210237 | mean|g| ar=1.38e-5 ib=1.19e-5 z=5.62e-4 (n=50)
  [r2 trace step 1600] block 1: z=0.1348 s=0.5570 mean|s*read|=0.393113 | mean|g| ar=1.43e-5 ib=1.17e-5 z=6.16e-4 (n=50)
  [r2 trace step 1600] block 2: z=0.1341 s=0.5568 mean|s*read|=0.443184 | mean|g| ar=1.34e-5 ib=8.96e-6 z=5.31e-4 (n=50)
  [r2 trace step 1600] block 3: z=0.1356 s=0.5572 mean|s*read|=0.517948 | mean|g| ar=1.39e-5 ib=7.89e-6 z=5.41e-4 (n=50)
  [r2 trace step 1600] block 4: z=0.1264 s=0.5550 mean|s*read|=0.661764 | mean|g| ar=1.23e-5 ib=5.61e-6 z=3.54e-4 (n=50)
  [r2 trace step 1650] block 0: z=0.1300 s=0.5558 mean|s*read|=0.210139 | mean|g| ar=1.58e-5 ib=1.34e-5 z=6.07e-4 (n=50)
  [r2 trace step 1650] block 1: z=0.1364 s=0.5573 mean|s*read|=0.367228 | mean|g| ar=1.56e-5 ib=1.25e-5 z=7.66e-4 (n=50)
  [r2 trace step 1650] block 2: z=0.1355 s=0.5571 mean|s*read|=0.407442 | mean|g| ar=1.44e-5 ib=9.80e-6 z=6.47e-4 (n=50)
  [r2 trace step 1650] block 3: z=0.1368 s=0.5574 mean|s*read|=0.485721 | mean|g| ar=1.50e-5 ib=8.53e-6 z=5.62e-4 (n=50)
  [r2 trace step 1650] block 4: z=0.1273 s=0.5552 mean|s*read|=0.617182 | mean|g| ar=1.39e-5 ib=6.24e-6 z=3.72e-4 (n=50)
  [r2 trace step 1700] block 0: z=0.1309 s=0.5560 mean|s*read|=0.210637 | mean|g| ar=1.34e-5 ib=1.15e-5 z=5.51e-4 (n=50)
  [r2 trace step 1700] block 1: z=0.1381 s=0.5577 mean|s*read|=0.391605 | mean|g| ar=1.26e-5 ib=1.08e-5 z=5.91e-4 (n=50)
  [r2 trace step 1700] block 2: z=0.1368 s=0.5574 mean|s*read|=0.455125 | mean|g| ar=1.23e-5 ib=8.28e-6 z=4.33e-4 (n=50)
  [r2 trace step 1700] block 3: z=0.1379 s=0.5577 mean|s*read|=0.572421 | mean|g| ar=1.32e-5 ib=7.25e-6 z=3.68e-4 (n=50)
  [r2 trace step 1700] block 4: z=0.1275 s=0.5552 mean|s*read|=0.765955 | mean|g| ar=1.26e-5 ib=5.85e-6 z=2.17e-4 (n=50)
  [trace step 1750] block 0: fast=177 medium=202 slow=133 | mean_alpha=0.2156 | mean_|grad|=0.000014 (n=250)
  [trace step 1750] block 1: fast=178 medium=199 slow=135 | mean_alpha=0.2155 | mean_|grad|=0.000009 (n=250)
  [trace step 1750] block 2: fast=178 medium=200 slow=134 | mean_alpha=0.2154 | mean_|grad|=0.000010 (n=250)
  [trace step 1750] block 3: fast=179 medium=199 slow=134 | mean_alpha=0.2152 | mean_|grad|=0.000011 (n=250)
  [trace step 1750] block 4: fast=179 medium=199 slow=134 | mean_alpha=0.2152 | mean_|grad|=0.000023 (n=250)
  [r2 trace step 1750] block 0: z=0.1315 s=0.5562 mean|s*read|=0.211616 | mean|g| ar=1.36e-5 ib=1.13e-5 z=4.18e-4 (n=50)
  [r2 trace step 1750] block 1: z=0.1390 s=0.5580 mean|s*read|=0.391097 | mean|g| ar=1.27e-5 ib=1.05e-5 z=4.02e-4 (n=50)
  [r2 trace step 1750] block 2: z=0.1377 s=0.5576 mean|s*read|=0.447124 | mean|g| ar=1.26e-5 ib=8.48e-6 z=3.62e-4 (n=50)
  [r2 trace step 1750] block 3: z=0.1387 s=0.5579 mean|s*read|=0.546094 | mean|g| ar=1.36e-5 ib=7.55e-6 z=3.04e-4 (n=50)
  [r2 trace step 1750] block 4: z=0.1281 s=0.5554 mean|s*read|=0.672741 | mean|g| ar=1.21e-5 ib=5.16e-6 z=2.64e-4 (n=50)
step 1750/1800 | epoch 2 | loss 2.7776 | 1.5 steps/s
  [r2 trace step 1800] block 0: z=0.1322 s=0.5563 mean|s*read|=0.212338 | mean|g| ar=1.26e-5 ib=1.04e-5 z=4.61e-4 (n=50)
  [r2 trace step 1800] block 1: z=0.1400 s=0.5582 mean|s*read|=0.385565 | mean|g| ar=1.20e-5 ib=9.80e-6 z=4.27e-4 (n=50)
  [r2 trace step 1800] block 2: z=0.1385 s=0.5578 mean|s*read|=0.443757 | mean|g| ar=1.20e-5 ib=7.79e-6 z=3.32e-4 (n=50)
  [r2 trace step 1800] block 3: z=0.1394 s=0.5580 mean|s*read|=0.537671 | mean|g| ar=1.25e-5 ib=6.72e-6 z=2.86e-4 (n=50)
  [r2 trace step 1800] block 4: z=0.1284 s=0.5555 mean|s*read|=0.684509 | mean|g| ar=1.11e-5 ib=4.80e-6 z=1.35e-4 (n=50)
eva: process memory peak 459.8 MB

-- what holds the training memory --
  parameters                51.2 MB   (unavoidable)
  AdamW state              102.3 MB   (unavoidable today)
  GRAPH, own peak           15.0 MB
  live nodes, peak           119
  graph alive now            0.0 MB   (0 if everything was freed)
  GRADIENT MAP              51.2 MB   <- a new Vec per tensor, every step

-- who holds, accumulated over the whole training run --
  clockmem_inject_learn_g   19018.9 MB in    9500 nodes     67%
  sigmoid             9518.6 MB in   19000 nodes     33%
  gather                 7.5 MB in    1900 nodes      0%
  ce                     7.4 MB in    1900 nodes      0%
  add                    2.8 MB in   66500 nodes      0%
  matmul                 1.6 MB in   68400 nodes      0%
  rms_norm               0.6 MB in   30400 nodes      0%
  mul                    0.4 MB in    9500 nodes      0%
  parameter copies from a shared Arc: 0  (has to be 0)
eva: FINAL VALIDATION loss 2.7939 | 4.031 bits/byte (100 windows, arch clock)
eva: rule 'all' | 1800 forward, 1800 backward (100% learned)
eva: training finished in 1213.8s, weights in 16m5b_N256_T1_win257_r2.weights
