eva: dataset 512000 bytes, 999 windows, 13405701 params
eva: 899 windows to train on, 100 to validate
[eva] matmul on GPU: NVIDIA GeForce GTX 1650
step 500/1798 | epoch 1 | loss 5.3850 | 1.6 steps/s
step 1000/1798 | epoch 2 | loss 5.2302 | 1.7 steps/s
step 1500/1798 | epoch 2 | loss 5.1997 | 1.7 steps/s
eva: process memory peak 455.4 MB

-- what holds the training memory --
  parameters                51.1 MB   (unavoidable)
  AdamW state              102.3 MB   (unavoidable today)
  GRAPH, own peak           10.0 MB
  live nodes, peak           119
  graph alive now            0.0 MB   (0 if everything was freed)
  GRADIENT MAP              51.1 MB   <- a new Vec per tensor, every step

-- who holds, accumulated over the whole training run --
  clockmem            9007.7 MB in    8990 nodes     50%
  sigmoid             9007.6 MB in   17980 nodes     50%
  gather                 7.1 MB in    1798 nodes      0%
  ce                     7.0 MB in    1798 nodes      0%
  add                    2.6 MB in   62930 nodes      0%
  matmul                 1.5 MB in   64728 nodes      0%
  rms_norm               0.5 MB in   28768 nodes      0%
  mul                    0.4 MB in    8990 nodes      0%
  parameter copies from a shared Arc: 0  (has to be 0)
eva: FINAL VALIDATION loss 5.2247 | 7.538 bits/byte (100 windows, arch clock)
eva: rule 'all' | 1798 forward, 1798 backward (100% learned)
eva: training finished in 1109.9s, weights in 16m5b_assoc_clock.weights
