eva: dataset 768000 bytes, 1499 windows, 13665280 params
eva: 1349 windows to train on, 150 to validate
[eva] matmul on GPU: NVIDIA GeForce GTX 1650
step 500/2698 | epoch 1 | loss 5.2508 | 1.5 steps/s
step 1000/2698 | epoch 1 | loss 5.1786 | 1.6 steps/s
step 1500/2698 | epoch 2 | loss 5.1760 | 1.6 steps/s
step 2000/2698 | epoch 2 | loss 5.1688 | 1.6 steps/s
step 2500/2698 | epoch 2 | loss 5.1633 | 1.0 steps/s
  validation: loss 5.1609 | 7.446 bits/byte
eva: process memory peak 466.9 MB

-- what holds the training memory --
  parameters                52.1 MB   (unavoidable)
  AdamW state              104.3 MB   (unavoidable today)
  GRAPH, own peak            5.0 MB
  live nodes, peak           131
  graph alive now            0.0 MB   (0 if everything was freed)
  GRADIENT MAP              52.1 MB   <- a new Vec per tensor, every step

-- who holds, accumulated over the whole training run --
  softmax_causal     14240.1 MB in   14240 nodes    100%
  gather                11.2 MB in    2848 nodes      0%
  ce                    11.1 MB in    2848 nodes      0%
  add                    4.3 MB in  102528 nodes      0%
  matmul                 3.0 MB in  131008 nodes      0%
  rms_norm               0.9 MB in   45568 nodes      0%
  mul                    0.7 MB in   14240 nodes      0%
  conv1d                 0.3 MB in   14240 nodes      0%
  parameter copies from a shared Arc: 0  (has to be 0)
eva: FINAL VALIDATION loss 5.1628 | 7.448 bits/byte (150 windows, arch attn)
eva: rule 'all' | 2698 forward, 2698 backward (100% learned)
eva: training finished in 2081.8s, weights in 16m5b_assoc_k2_big_attn_Cristina.weights
