eva: dataset 153600 bytes, 299 windows, 13405701 params
eva: 269 windows to train on, 30 to validate
[eva] matmul on GPU: NVIDIA GeForce GTX 1650
step 250/2152 | epoch 1 | loss 5.3482 | 1.4 steps/s
step 500/2152 | epoch 2 | loss 5.1378 | 1.4 steps/s
step 750/2152 | epoch 3 | loss 4.4526 | 1.4 steps/s
step 1000/2152 | epoch 4 | loss 2.1917 | 1.4 steps/s
step 1250/2152 | epoch 5 | loss 0.6957 | 1.4 steps/s
  validation: loss 7.6536 | 11.042 bits/byte
step 1500/2152 | epoch 6 | loss 0.1887 | 1.3 steps/s
step 1750/2152 | epoch 7 | loss 0.1585 | 1.4 steps/s
step 2000/2152 | epoch 8 | loss 0.1482 | 1.4 steps/s
eva: process memory peak 452.7 MB

-- what holds the training memory --
  parameters                51.1 MB   (unavoidable)
  AdamW state              102.3 MB   (unavoidable today)
  GRAPH, own peak           10.0 MB
  live nodes, peak           119
  graph alive now            0.0 MB   (0 if everything was freed)
  GRADIENT MAP              51.1 MB   <- a new Vec per tensor, every step

-- who holds, accumulated over the whole training run --
  clockmem           10931.5 MB in   10910 nodes     50%
  sigmoid            10931.3 MB in   21820 nodes     50%
  gather                 8.6 MB in    2182 nodes      0%
  ce                     8.5 MB in    2182 nodes      0%
  add                    3.2 MB in   76370 nodes      0%
  matmul                 1.8 MB in   78552 nodes      0%
  rms_norm               0.7 MB in   34912 nodes      0%
  mul                    0.5 MB in   10910 nodes      0%
  parameter copies from a shared Arc: 0  (has to be 0)
eva: FINAL VALIDATION loss 8.0710 | 11.644 bits/byte (30 windows, arch clock)
eva: rule 'all' | 2152 forward, 2152 backward (100% learned)
eva: training finished in 1567.5s, weights in 16m5b_assoc_k2_clock.weights
