eva: dataset 512001 bytes, 1000 windows, 13413381 params
eva: 900 windows to train on, 100 to validate
eva: alpha/gradient TRACE ACTIVE (EVA_ALPHA_TRACE)
eva: wread TRACE ACTIVE (EVA_WREAD_TRACE)
[eva] matmul on GPU: NVIDIA GeForce GTX 1650
  [r2c trace step 50] block 0: z mean=0.0015 s mean=0.5254 min=0.5232 max=0.5273 closed=0/512 open=0/512 | mean|s*read|=0.112974 | mean|g| ar=3.24e-4 ib=2.86e-4 z=1.83e-4 (n=50)
  [r2c trace step 50] block 1: z mean=0.0011 s mean=0.5253 min=0.5232 max=0.5272 closed=0/512 open=0/512 | mean|s*read|=0.113092 | mean|g| ar=2.28e-4 ib=1.72e-4 z=1.29e-4 (n=50)
  [r2c trace step 50] block 2: z mean=0.0008 s mean=0.5252 min=0.5231 max=0.5275 closed=0/512 open=0/512 | mean|s*read|=0.113240 | mean|g| ar=1.65e-4 ib=1.34e-4 z=8.48e-5 (n=50)
  [r2c trace step 50] block 3: z mean=0.0006 s mean=0.5251 min=0.5233 max=0.5267 closed=0/512 open=0/512 | mean|s*read|=0.112406 | mean|g| ar=1.43e-4 ib=1.14e-4 z=6.70e-5 (n=50)
  [r2c trace step 50] block 4: z mean=0.0005 s mean=0.5251 min=0.5236 max=0.5268 closed=0/512 open=0/512 | mean|s*read|=0.112905 | mean|g| ar=1.22e-4 ib=1.00e-4 z=3.98e-5 (n=50)
  [r2c trace step 100] block 0: z mean=0.0078 s mean=0.5268 min=0.5234 max=0.5316 closed=0/512 open=0/512 | mean|s*read|=0.120517 | mean|g| ar=3.29e-4 ib=3.55e-4 z=1.37e-4 (n=50)
  [r2c trace step 100] block 1: z mean=0.0058 s mean=0.5264 min=0.5239 max=0.5298 closed=0/512 open=0/512 | mean|s*read|=0.119118 | mean|g| ar=2.29e-4 ib=1.96e-4 z=9.15e-5 (n=50)
  [r2c trace step 100] block 2: z mean=0.0048 s mean=0.5261 min=0.5229 max=0.5298 closed=0/512 open=0/512 | mean|s*read|=0.119443 | mean|g| ar=1.73e-4 ib=1.52e-4 z=6.53e-5 (n=50)
  [r2c trace step 100] block 3: z mean=0.0044 s mean=0.5260 min=0.5232 max=0.5296 closed=0/512 open=0/512 | mean|s*read|=0.119191 | mean|g| ar=1.44e-4 ib=1.30e-4 z=5.31e-5 (n=50)
  [r2c trace step 100] block 4: z mean=0.0039 s mean=0.5259 min=0.5230 max=0.5292 closed=0/512 open=0/512 | mean|s*read|=0.118401 | mean|g| ar=1.32e-4 ib=1.14e-4 z=2.94e-5 (n=50)
  [r2c trace step 150] block 0: z mean=0.0194 s mean=0.5296 min=0.5229 max=0.5378 closed=0/512 open=0/512 | mean|s*read|=0.140643 | mean|g| ar=4.18e-4 ib=5.66e-4 z=1.09e-4 (n=50)
  [r2c trace step 150] block 1: z mean=0.0170 s mean=0.5290 min=0.5237 max=0.5354 closed=0/512 open=0/512 | mean|s*read|=0.170325 | mean|g| ar=3.34e-4 ib=3.53e-4 z=8.68e-5 (n=50)
  [r2c trace step 150] block 2: z mean=0.0166 s mean=0.5289 min=0.5232 max=0.5352 closed=0/512 open=0/512 | mean|s*read|=0.220175 | mean|g| ar=3.47e-4 ib=3.47e-4 z=4.33e-5 (n=50)
  [r2c trace step 150] block 3: z mean=0.0169 s mean=0.5290 min=0.5230 max=0.5356 closed=0/512 open=0/512 | mean|s*read|=0.259744 | mean|g| ar=3.41e-4 ib=3.53e-4 z=3.40e-5 (n=50)
  [r2c trace step 150] block 4: z mean=0.0175 s mean=0.5292 min=0.5236 max=0.5356 closed=0/512 open=0/512 | mean|s*read|=0.245876 | mean|g| ar=2.67e-4 ib=2.97e-4 z=2.78e-5 (n=50)
  [r2c trace step 200] block 0: z mean=0.0252 s mean=0.5310 min=0.5227 max=0.5405 closed=0/512 open=0/512 | mean|s*read|=0.183063 | mean|g| ar=2.67e-4 ib=2.84e-4 z=3.67e-5 (n=50)
  [r2c trace step 200] block 1: z mean=0.0232 s mean=0.5305 min=0.5238 max=0.5378 closed=0/512 open=0/512 | mean|s*read|=0.378736 | mean|g| ar=3.58e-4 ib=2.92e-4 z=3.42e-5 (n=50)
  [r2c trace step 200] block 2: z mean=0.0228 s mean=0.5304 min=0.5233 max=0.5380 closed=0/512 open=0/512 | mean|s*read|=0.544004 | mean|g| ar=4.34e-4 ib=3.44e-4 z=2.19e-5 (n=50)
  [r2c trace step 200] block 3: z mean=0.0229 s mean=0.5304 min=0.5230 max=0.5370 closed=0/512 open=0/512 | mean|s*read|=0.693069 | mean|g| ar=4.73e-4 ib=3.77e-4 z=1.05e-5 (n=50)
  [r2c trace step 200] block 4: z mean=0.0250 s mean=0.5309 min=0.5233 max=0.5378 closed=0/512 open=0/512 | mean|s*read|=0.800809 | mean|g| ar=4.53e-4 ib=2.92e-4 z=2.50e-5 (n=50)
  [trace step 250] block 0: fast=179 medium=200 slow=133 | mean_alpha=0.2154 | mean_|grad|=0.000052 (n=250)
  [trace step 250] block 1: fast=179 medium=199 slow=134 | mean_alpha=0.2152 | mean_|grad|=0.000038 (n=250)
  [trace step 250] block 2: fast=180 medium=198 slow=134 | mean_alpha=0.2151 | mean_|grad|=0.000036 (n=250)
  [trace step 250] block 3: fast=179 medium=199 slow=134 | mean_alpha=0.2151 | mean_|grad|=0.000034 (n=250)
  [trace step 250] block 4: fast=179 medium=200 slow=133 | mean_alpha=0.2151 | mean_|grad|=0.000035 (n=250)
  [r2c trace step 250] block 0: z mean=0.0255 s mean=0.5310 min=0.5227 max=0.5406 closed=0/512 open=0/512 | mean|s*read|=0.196480 | mean|g| ar=5.68e-5 ib=5.39e-5 z=5.99e-6 (n=50)
  [r2c trace step 250] block 1: z mean=0.0238 s mean=0.5307 min=0.5238 max=0.5382 closed=0/512 open=0/512 | mean|s*read|=0.452715 | mean|g| ar=7.32e-5 ib=5.70e-5 z=2.73e-6 (n=50)
  [r2c trace step 250] block 2: z mean=0.0235 s mean=0.5306 min=0.5232 max=0.5383 closed=0/512 open=0/512 | mean|s*read|=0.659722 | mean|g| ar=8.15e-5 ib=6.23e-5 z=1.50e-6 (n=50)
  [r2c trace step 250] block 3: z mean=0.0236 s mean=0.5306 min=0.5230 max=0.5371 closed=0/512 open=0/512 | mean|s*read|=0.839302 | mean|g| ar=8.27e-5 ib=6.38e-5 z=9.19e-7 (n=50)
  [r2c trace step 250] block 4: z mean=0.0255 s mean=0.5311 min=0.5232 max=0.5379 closed=0/512 open=0/512 | mean|s*read|=0.975313 | mean|g| ar=8.00e-5 ib=5.72e-5 z=1.68e-6 (n=50)
step 250/1800 | epoch 1 | loss 3.3658 | 1.2 steps/s
  [r2c trace step 300] block 0: z mean=0.0255 s mean=0.5311 min=0.5226 max=0.5406 closed=0/512 open=0/512 | mean|s*read|=0.198774 | mean|g| ar=4.39e-5 ib=3.99e-5 z=4.37e-6 (n=50)
  [r2c trace step 300] block 1: z mean=0.0242 s mean=0.5307 min=0.5238 max=0.5384 closed=0/512 open=0/512 | mean|s*read|=0.471980 | mean|g| ar=5.51e-5 ib=4.31e-5 z=1.77e-6 (n=50)
  [r2c trace step 300] block 2: z mean=0.0239 s mean=0.5307 min=0.5232 max=0.5386 closed=0/512 open=0/512 | mean|s*read|=0.691473 | mean|g| ar=6.07e-5 ib=4.58e-5 z=1.07e-6 (n=50)
  [r2c trace step 300] block 3: z mean=0.0239 s mean=0.5307 min=0.5230 max=0.5370 closed=0/512 open=0/512 | mean|s*read|=0.883157 | mean|g| ar=6.07e-5 ib=4.67e-5 z=7.41e-7 (n=50)
  [r2c trace step 300] block 4: z mean=0.0257 s mean=0.5311 min=0.5232 max=0.5381 closed=0/512 open=0/512 | mean|s*read|=1.023496 | mean|g| ar=5.71e-5 ib=4.13e-5 z=9.06e-7 (n=50)
  [r2c trace step 350] block 0: z mean=0.0256 s mean=0.5311 min=0.5226 max=0.5407 closed=0/512 open=0/512 | mean|s*read|=0.200116 | mean|g| ar=3.81e-5 ib=3.49e-5 z=4.92e-6 (n=50)
  [r2c trace step 350] block 1: z mean=0.0244 s mean=0.5308 min=0.5239 max=0.5386 closed=0/512 open=0/512 | mean|s*read|=0.483022 | mean|g| ar=4.99e-5 ib=3.84e-5 z=1.63e-6 (n=50)
  [r2c trace step 350] block 2: z mean=0.0241 s mean=0.5307 min=0.5232 max=0.5388 closed=0/512 open=0/512 | mean|s*read|=0.706656 | mean|g| ar=5.53e-5 ib=4.18e-5 z=8.01e-7 (n=50)
  [r2c trace step 350] block 3: z mean=0.0242 s mean=0.5307 min=0.5230 max=0.5371 closed=0/512 open=0/512 | mean|s*read|=0.896580 | mean|g| ar=5.47e-5 ib=4.16e-5 z=7.26e-7 (n=50)
  [r2c trace step 350] block 4: z mean=0.0258 s mean=0.5311 min=0.5232 max=0.5382 closed=0/512 open=0/512 | mean|s*read|=1.032671 | mean|g| ar=4.98e-5 ib=3.62e-5 z=8.95e-7 (n=50)
  [r2c trace step 400] block 0: z mean=0.0256 s mean=0.5311 min=0.5226 max=0.5408 closed=0/512 open=0/512 | mean|s*read|=0.200829 | mean|g| ar=3.86e-5 ib=3.36e-5 z=4.96e-6 (n=50)
  [r2c trace step 400] block 1: z mean=0.0246 s mean=0.5308 min=0.5239 max=0.5387 closed=0/512 open=0/512 | mean|s*read|=0.488947 | mean|g| ar=5.14e-5 ib=3.90e-5 z=2.05e-6 (n=50)
  [r2c trace step 400] block 2: z mean=0.0244 s mean=0.5308 min=0.5232 max=0.5388 closed=0/512 open=0/512 | mean|s*read|=0.710003 | mean|g| ar=5.65e-5 ib=4.22e-5 z=1.12e-6 (n=50)
  [r2c trace step 400] block 3: z mean=0.0244 s mean=0.5308 min=0.5230 max=0.5370 closed=0/512 open=0/512 | mean|s*read|=0.901863 | mean|g| ar=5.54e-5 ib=4.23e-5 z=5.77e-7 (n=50)
  [r2c trace step 400] block 4: z mean=0.0259 s mean=0.5311 min=0.5232 max=0.5382 closed=0/512 open=0/512 | mean|s*read|=1.023620 | mean|g| ar=5.12e-5 ib=3.58e-5 z=9.58e-7 (n=50)
  [r2c trace step 450] block 0: z mean=0.0257 s mean=0.5311 min=0.5226 max=0.5408 closed=0/512 open=0/512 | mean|s*read|=0.201061 | mean|g| ar=3.80e-5 ib=3.35e-5 z=3.89e-6 (n=50)
  [r2c trace step 450] block 1: z mean=0.0248 s mean=0.5309 min=0.5239 max=0.5387 closed=0/512 open=0/512 | mean|s*read|=0.490440 | mean|g| ar=5.04e-5 ib=3.84e-5 z=2.63e-6 (n=50)
  [r2c trace step 450] block 2: z mean=0.0246 s mean=0.5308 min=0.5231 max=0.5389 closed=0/512 open=0/512 | mean|s*read|=0.717151 | mean|g| ar=5.51e-5 ib=4.17e-5 z=1.09e-6 (n=50)
  [r2c trace step 450] block 3: z mean=0.0245 s mean=0.5308 min=0.5229 max=0.5370 closed=0/512 open=0/512 | mean|s*read|=0.902902 | mean|g| ar=5.21e-5 ib=4.04e-5 z=6.99e-7 (n=50)
  [r2c trace step 450] block 4: z mean=0.0259 s mean=0.5312 min=0.5232 max=0.5382 closed=0/512 open=0/512 | mean|s*read|=1.008271 | mean|g| ar=4.79e-5 ib=3.44e-5 z=1.03e-6 (n=50)
  [trace step 500] block 0: fast=179 medium=200 slow=133 | mean_alpha=0.2154 | mean_|grad|=0.000008 (n=250)
  [trace step 500] block 1: fast=179 medium=199 slow=134 | mean_alpha=0.2152 | mean_|grad|=0.000007 (n=250)
  [trace step 500] block 2: fast=180 medium=198 slow=134 | mean_alpha=0.2151 | mean_|grad|=0.000008 (n=250)
  [trace step 500] block 3: fast=178 medium=200 slow=134 | mean_alpha=0.2151 | mean_|grad|=0.000008 (n=250)
  [trace step 500] block 4: fast=178 medium=201 slow=133 | mean_alpha=0.2151 | mean_|grad|=0.000013 (n=250)
  [r2c trace step 500] block 0: z mean=0.0257 s mean=0.5311 min=0.5225 max=0.5409 closed=0/512 open=0/512 | mean|s*read|=0.201359 | mean|g| ar=3.97e-5 ib=3.43e-5 z=4.78e-6 (n=50)
  [r2c trace step 500] block 1: z mean=0.0249 s mean=0.5309 min=0.5239 max=0.5386 closed=0/512 open=0/512 | mean|s*read|=0.492661 | mean|g| ar=5.19e-5 ib=3.96e-5 z=2.49e-6 (n=50)
  [r2c trace step 500] block 2: z mean=0.0247 s mean=0.5309 min=0.5231 max=0.5389 closed=0/512 open=0/512 | mean|s*read|=0.722729 | mean|g| ar=5.64e-5 ib=4.26e-5 z=1.29e-6 (n=50)
  [r2c trace step 500] block 3: z mean=0.0246 s mean=0.5309 min=0.5229 max=0.5371 closed=0/512 open=0/512 | mean|s*read|=0.894386 | mean|g| ar=5.32e-5 ib=4.13e-5 z=8.32e-7 (n=50)
  [r2c trace step 500] block 4: z mean=0.0260 s mean=0.5312 min=0.5232 max=0.5383 closed=0/512 open=0/512 | mean|s*read|=0.992604 | mean|g| ar=4.68e-5 ib=3.43e-5 z=1.01e-6 (n=50)
step 500/1800 | epoch 1 | loss 0.3880 | 1.2 steps/s
  [r2c trace step 550] block 0: z mean=0.0257 s mean=0.5311 min=0.5225 max=0.5410 closed=0/512 open=0/512 | mean|s*read|=0.201386 | mean|g| ar=3.86e-5 ib=3.43e-5 z=4.16e-6 (n=50)
  [r2c trace step 550] block 1: z mean=0.0251 s mean=0.5310 min=0.5239 max=0.5387 closed=0/512 open=0/512 | mean|s*read|=0.491723 | mean|g| ar=5.04e-5 ib=3.89e-5 z=1.99e-6 (n=50)
  [r2c trace step 550] block 2: z mean=0.0249 s mean=0.5309 min=0.5232 max=0.5389 closed=0/512 open=0/512 | mean|s*read|=0.717030 | mean|g| ar=5.45e-5 ib=4.15e-5 z=7.97e-7 (n=50)
  [r2c trace step 550] block 3: z mean=0.0247 s mean=0.5309 min=0.5229 max=0.5370 closed=0/512 open=0/512 | mean|s*read|=0.887718 | mean|g| ar=5.17e-5 ib=3.99e-5 z=6.39e-7 (n=50)
  [r2c trace step 550] block 4: z mean=0.0260 s mean=0.5312 min=0.5232 max=0.5386 closed=0/512 open=0/512 | mean|s*read|=0.981436 | mean|g| ar=4.61e-5 ib=3.30e-5 z=9.25e-7 (n=50)
  [r2c trace step 600] block 0: z mean=0.0257 s mean=0.5311 min=0.5224 max=0.5410 closed=0/512 open=0/512 | mean|s*read|=0.201586 | mean|g| ar=3.84e-5 ib=3.34e-5 z=4.11e-6 (n=50)
  [r2c trace step 600] block 1: z mean=0.0252 s mean=0.5310 min=0.5240 max=0.5389 closed=0/512 open=0/512 | mean|s*read|=0.489468 | mean|g| ar=5.01e-5 ib=3.82e-5 z=1.54e-6 (n=50)
  [r2c trace step 600] block 2: z mean=0.0250 s mean=0.5309 min=0.5231 max=0.5390 closed=0/512 open=0/512 | mean|s*read|=0.705555 | mean|g| ar=5.43e-5 ib=4.06e-5 z=1.23e-6 (n=50)
  [r2c trace step 600] block 3: z mean=0.0248 s mean=0.5309 min=0.5229 max=0.5372 closed=0/512 open=0/512 | mean|s*read|=0.870366 | mean|g| ar=5.01e-5 ib=3.91e-5 z=6.18e-7 (n=50)
  [r2c trace step 600] block 4: z mean=0.0261 s mean=0.5312 min=0.5231 max=0.5386 closed=0/512 open=0/512 | mean|s*read|=0.945881 | mean|g| ar=4.39e-5 ib=3.13e-5 z=5.15e-7 (n=50)
  [r2c trace step 650] block 0: z mean=0.0258 s mean=0.5311 min=0.5225 max=0.5411 closed=0/512 open=0/512 | mean|s*read|=0.202211 | mean|g| ar=3.84e-5 ib=3.34e-5 z=4.70e-6 (n=50)
  [r2c trace step 650] block 1: z mean=0.0253 s mean=0.5310 min=0.5240 max=0.5389 closed=0/512 open=0/512 | mean|s*read|=0.489351 | mean|g| ar=4.85e-5 ib=3.77e-5 z=1.72e-6 (n=50)
  [r2c trace step 650] block 2: z mean=0.0251 s mean=0.5309 min=0.5231 max=0.5392 closed=0/512 open=0/512 | mean|s*read|=0.699640 | mean|g| ar=5.29e-5 ib=3.95e-5 z=7.42e-7 (n=50)
  [r2c trace step 650] block 3: z mean=0.0250 s mean=0.5309 min=0.5229 max=0.5372 closed=0/512 open=0/512 | mean|s*read|=0.860730 | mean|g| ar=4.93e-5 ib=3.82e-5 z=8.36e-7 (n=50)
  [r2c trace step 650] block 4: z mean=0.0260 s mean=0.5312 min=0.5232 max=0.5386 closed=0/512 open=0/512 | mean|s*read|=0.922972 | mean|g| ar=4.24e-5 ib=3.06e-5 z=7.86e-7 (n=50)
  [r2c trace step 700] block 0: z mean=0.0258 s mean=0.5311 min=0.5225 max=0.5412 closed=0/512 open=0/512 | mean|s*read|=0.202562 | mean|g| ar=3.82e-5 ib=3.30e-5 z=4.41e-6 (n=50)
  [r2c trace step 700] block 1: z mean=0.0255 s mean=0.5310 min=0.5241 max=0.5389 closed=0/512 open=0/512 | mean|s*read|=0.489650 | mean|g| ar=4.75e-5 ib=3.74e-5 z=1.68e-6 (n=50)
  [r2c trace step 700] block 2: z mean=0.0252 s mean=0.5310 min=0.5230 max=0.5392 closed=0/512 open=0/512 | mean|s*read|=0.690916 | mean|g| ar=5.05e-5 ib=3.83e-5 z=1.21e-6 (n=50)
  [r2c trace step 700] block 3: z mean=0.0251 s mean=0.5310 min=0.5229 max=0.5373 closed=0/512 open=0/512 | mean|s*read|=0.846932 | mean|g| ar=4.73e-5 ib=3.64e-5 z=6.91e-7 (n=50)
  [r2c trace step 700] block 4: z mean=0.0261 s mean=0.5312 min=0.5231 max=0.5387 closed=0/512 open=0/512 | mean|s*read|=0.898308 | mean|g| ar=4.03e-5 ib=2.88e-5 z=7.93e-7 (n=50)
  [trace step 750] block 0: fast=177 medium=201 slow=134 | mean_alpha=0.2154 | mean_|grad|=0.000007 (n=250)
  [trace step 750] block 1: fast=179 medium=199 slow=134 | mean_alpha=0.2153 | mean_|grad|=0.000006 (n=250)
  [trace step 750] block 2: fast=180 medium=198 slow=134 | mean_alpha=0.2152 | mean_|grad|=0.000007 (n=250)
  [trace step 750] block 3: fast=178 medium=200 slow=134 | mean_alpha=0.2151 | mean_|grad|=0.000006 (n=250)
  [trace step 750] block 4: fast=178 medium=201 slow=133 | mean_alpha=0.2151 | mean_|grad|=0.000011 (n=250)
  [r2c trace step 750] block 0: z mean=0.0258 s mean=0.5311 min=0.5224 max=0.5411 closed=0/512 open=0/512 | mean|s*read|=0.202695 | mean|g| ar=3.78e-5 ib=3.24e-5 z=3.84e-6 (n=50)
  [r2c trace step 750] block 1: z mean=0.0256 s mean=0.5311 min=0.5241 max=0.5390 closed=0/512 open=0/512 | mean|s*read|=0.486823 | mean|g| ar=4.75e-5 ib=3.61e-5 z=1.52e-6 (n=50)
  [r2c trace step 750] block 2: z mean=0.0253 s mean=0.5310 min=0.5230 max=0.5391 closed=0/512 open=0/512 | mean|s*read|=0.688806 | mean|g| ar=5.04e-5 ib=3.81e-5 z=1.05e-6 (n=50)
  [r2c trace step 750] block 3: z mean=0.0252 s mean=0.5310 min=0.5229 max=0.5372 closed=0/512 open=0/512 | mean|s*read|=0.843645 | mean|g| ar=4.68e-5 ib=3.64e-5 z=6.29e-7 (n=50)
  [r2c trace step 750] block 4: z mean=0.0261 s mean=0.5312 min=0.5231 max=0.5387 closed=0/512 open=0/512 | mean|s*read|=0.897211 | mean|g| ar=3.97e-5 ib=2.85e-5 z=7.11e-7 (n=50)
step 750/1800 | epoch 1 | loss 0.3780 | 1.2 steps/s
  [r2c trace step 800] block 0: z mean=0.0258 s mean=0.5311 min=0.5223 max=0.5411 closed=0/512 open=0/512 | mean|s*read|=0.203046 | mean|g| ar=3.83e-5 ib=3.36e-5 z=4.70e-6 (n=50)
  [r2c trace step 800] block 1: z mean=0.0256 s mean=0.5311 min=0.5241 max=0.5391 closed=0/512 open=0/512 | mean|s*read|=0.477470 | mean|g| ar=4.79e-5 ib=3.69e-5 z=2.18e-6 (n=50)
  [r2c trace step 800] block 2: z mean=0.0253 s mean=0.5310 min=0.5230 max=0.5390 closed=0/512 open=0/512 | mean|s*read|=0.672990 | mean|g| ar=5.04e-5 ib=3.82e-5 z=1.08e-6 (n=50)
  [r2c trace step 800] block 3: z mean=0.0252 s mean=0.5310 min=0.5229 max=0.5371 closed=0/512 open=0/512 | mean|s*read|=0.812157 | mean|g| ar=4.65e-5 ib=3.59e-5 z=6.96e-7 (n=50)
  [r2c trace step 800] block 4: z mean=0.0261 s mean=0.5312 min=0.5231 max=0.5387 closed=0/512 open=0/512 | mean|s*read|=0.840637 | mean|g| ar=3.84e-5 ib=2.80e-5 z=6.96e-7 (n=50)
  [r2c trace step 850] block 0: z mean=0.0258 s mean=0.5311 min=0.5223 max=0.5411 closed=0/512 open=0/512 | mean|s*read|=0.202708 | mean|g| ar=3.64e-5 ib=3.16e-5 z=4.67e-6 (n=50)
  [r2c trace step 850] block 1: z mean=0.0257 s mean=0.5311 min=0.5242 max=0.5393 closed=0/512 open=0/512 | mean|s*read|=0.471963 | mean|g| ar=4.45e-5 ib=3.47e-5 z=1.82e-6 (n=50)
  [r2c trace step 850] block 2: z mean=0.0254 s mean=0.5310 min=0.5230 max=0.5390 closed=0/512 open=0/512 | mean|s*read|=0.658519 | mean|g| ar=4.62e-5 ib=3.51e-5 z=1.53e-6 (n=50)
  [r2c trace step 850] block 3: z mean=0.0253 s mean=0.5310 min=0.5230 max=0.5372 closed=0/512 open=0/512 | mean|s*read|=0.789039 | mean|g| ar=4.22e-5 ib=3.26e-5 z=7.21e-7 (n=50)
  [r2c trace step 850] block 4: z mean=0.0261 s mean=0.5312 min=0.5231 max=0.5388 closed=0/512 open=0/512 | mean|s*read|=0.807514 | mean|g| ar=3.50e-5 ib=2.54e-5 z=1.22e-6 (n=50)
  [r2c trace step 900] block 0: z mean=0.0258 s mean=0.5311 min=0.5223 max=0.5414 closed=0/512 open=0/512 | mean|s*read|=0.202340 | mean|g| ar=3.76e-5 ib=3.23e-5 z=5.33e-6 (n=50)
  [r2c trace step 900] block 1: z mean=0.0258 s mean=0.5311 min=0.5242 max=0.5392 closed=0/512 open=0/512 | mean|s*read|=0.474360 | mean|g| ar=4.52e-5 ib=3.53e-5 z=1.65e-6 (n=50)
  [r2c trace step 900] block 2: z mean=0.0255 s mean=0.5311 min=0.5230 max=0.5393 closed=0/512 open=0/512 | mean|s*read|=0.656277 | mean|g| ar=4.55e-5 ib=3.51e-5 z=1.56e-6 (n=50)
  [r2c trace step 900] block 3: z mean=0.0254 s mean=0.5310 min=0.5230 max=0.5373 closed=0/512 open=0/512 | mean|s*read|=0.784554 | mean|g| ar=4.26e-5 ib=3.30e-5 z=8.38e-7 (n=50)
  [r2c trace step 900] block 4: z mean=0.0261 s mean=0.5312 min=0.5230 max=0.5388 closed=0/512 open=0/512 | mean|s*read|=0.796342 | mean|g| ar=3.46e-5 ib=2.51e-5 z=1.12e-6 (n=50)
  [r2c trace step 950] block 0: z mean=0.0259 s mean=0.5312 min=0.5223 max=0.5414 closed=0/512 open=0/512 | mean|s*read|=0.202218 | mean|g| ar=3.79e-5 ib=3.35e-5 z=3.79e-6 (n=50)
  [r2c trace step 950] block 1: z mean=0.0259 s mean=0.5311 min=0.5242 max=0.5390 closed=0/512 open=0/512 | mean|s*read|=0.457628 | mean|g| ar=4.41e-5 ib=3.47e-5 z=2.50e-6 (n=50)
  [r2c trace step 950] block 2: z mean=0.0255 s mean=0.5311 min=0.5230 max=0.5393 closed=0/512 open=0/512 | mean|s*read|=0.626473 | mean|g| ar=4.43e-5 ib=3.43e-5 z=1.05e-6 (n=50)
  [r2c trace step 950] block 3: z mean=0.0254 s mean=0.5310 min=0.5230 max=0.5373 closed=0/512 open=0/512 | mean|s*read|=0.730368 | mean|g| ar=3.83e-5 ib=3.05e-5 z=8.59e-7 (n=50)
  [r2c trace step 950] block 4: z mean=0.0262 s mean=0.5312 min=0.5230 max=0.5389 closed=0/512 open=0/512 | mean|s*read|=0.737299 | mean|g| ar=3.09e-5 ib=2.28e-5 z=1.06e-6 (n=50)
  [trace step 1000] block 0: fast=177 medium=201 slow=134 | mean_alpha=0.2155 | mean_|grad|=0.000008 (n=250)
  [trace step 1000] block 1: fast=178 medium=200 slow=134 | mean_alpha=0.2153 | mean_|grad|=0.000007 (n=250)
  [trace step 1000] block 2: fast=180 medium=198 slow=134 | mean_alpha=0.2152 | mean_|grad|=0.000007 (n=250)
  [trace step 1000] block 3: fast=178 medium=200 slow=134 | mean_alpha=0.2152 | mean_|grad|=0.000006 (n=250)
  [trace step 1000] block 4: fast=178 medium=201 slow=133 | mean_alpha=0.2151 | mean_|grad|=0.000010 (n=250)
  [r2c trace step 1000] block 0: z mean=0.0260 s mean=0.5312 min=0.5226 max=0.5414 closed=0/512 open=0/512 | mean|s*read|=0.201333 | mean|g| ar=4.00e-5 ib=3.54e-5 z=5.25e-6 (n=50)
  [r2c trace step 1000] block 1: z mean=0.0260 s mean=0.5312 min=0.5243 max=0.5391 closed=0/512 open=0/512 | mean|s*read|=0.422002 | mean|g| ar=4.31e-5 ib=3.43e-5 z=2.96e-6 (n=50)
  [r2c trace step 1000] block 2: z mean=0.0255 s mean=0.5311 min=0.5230 max=0.5393 closed=0/512 open=0/512 | mean|s*read|=0.548096 | mean|g| ar=3.95e-5 ib=3.23e-5 z=1.81e-6 (n=50)
  [r2c trace step 1000] block 3: z mean=0.0254 s mean=0.5310 min=0.5230 max=0.5373 closed=0/512 open=0/512 | mean|s*read|=0.624644 | mean|g| ar=3.43e-5 ib=2.74e-5 z=9.55e-7 (n=50)
  [r2c trace step 1000] block 4: z mean=0.0262 s mean=0.5312 min=0.5230 max=0.5390 closed=0/512 open=0/512 | mean|s*read|=0.623359 | mean|g| ar=2.75e-5 ib=2.02e-5 z=7.97e-7 (n=50)
step 1000/1800 | epoch 2 | loss 0.3679 | 1.2 steps/s
  [r2c trace step 1050] block 0: z mean=0.0260 s mean=0.5312 min=0.5225 max=0.5416 closed=0/512 open=0/512 | mean|s*read|=0.200814 | mean|g| ar=4.22e-5 ib=3.71e-5 z=5.89e-6 (n=50)
  [r2c trace step 1050] block 1: z mean=0.0261 s mean=0.5312 min=0.5243 max=0.5391 closed=0/512 open=0/512 | mean|s*read|=0.403944 | mean|g| ar=4.24e-5 ib=3.45e-5 z=2.72e-6 (n=50)
  [r2c trace step 1050] block 2: z mean=0.0257 s mean=0.5311 min=0.5229 max=0.5394 closed=0/512 open=0/512 | mean|s*read|=0.541486 | mean|g| ar=4.08e-5 ib=3.24e-5 z=1.05e-6 (n=50)
  [r2c trace step 1050] block 3: z mean=0.0256 s mean=0.5311 min=0.5229 max=0.5374 closed=0/512 open=0/512 | mean|s*read|=0.624305 | mean|g| ar=3.49e-5 ib=2.83e-5 z=1.26e-6 (n=50)
  [r2c trace step 1050] block 4: z mean=0.0264 s mean=0.5313 min=0.5230 max=0.5392 closed=0/512 open=0/512 | mean|s*read|=0.629267 | mean|g| ar=2.81e-5 ib=2.14e-5 z=5.79e-7 (n=50)
  [r2c trace step 1100] block 0: z mean=0.0261 s mean=0.5312 min=0.5225 max=0.5417 closed=0/512 open=0/512 | mean|s*read|=0.201414 | mean|g| ar=4.33e-5 ib=3.86e-5 z=4.23e-6 (n=50)
  [r2c trace step 1100] block 1: z mean=0.0263 s mean=0.5312 min=0.5242 max=0.5393 closed=0/512 open=0/512 | mean|s*read|=0.394860 | mean|g| ar=4.36e-5 ib=3.58e-5 z=2.45e-6 (n=50)
  [r2c trace step 1100] block 2: z mean=0.0258 s mean=0.5311 min=0.5229 max=0.5395 closed=0/512 open=0/512 | mean|s*read|=0.538337 | mean|g| ar=4.14e-5 ib=3.34e-5 z=2.07e-6 (n=50)
  [r2c trace step 1100] block 3: z mean=0.0257 s mean=0.5311 min=0.5229 max=0.5375 closed=0/512 open=0/512 | mean|s*read|=0.636284 | mean|g| ar=3.69e-5 ib=2.94e-5 z=1.24e-6 (n=50)
  [r2c trace step 1100] block 4: z mean=0.0265 s mean=0.5313 min=0.5230 max=0.5393 closed=0/512 open=0/512 | mean|s*read|=0.664549 | mean|g| ar=3.04e-5 ib=2.23e-5 z=9.54e-7 (n=50)
  [r2c trace step 1150] block 0: z mean=0.0263 s mean=0.5312 min=0.5225 max=0.5421 closed=0/512 open=0/512 | mean|s*read|=0.201462 | mean|g| ar=4.58e-5 ib=3.97e-5 z=6.35e-6 (n=50)
  [r2c trace step 1150] block 1: z mean=0.0265 s mean=0.5313 min=0.5240 max=0.5396 closed=0/512 open=0/512 | mean|s*read|=0.391797 | mean|g| ar=4.48e-5 ib=3.65e-5 z=3.04e-6 (n=50)
  [r2c trace step 1150] block 2: z mean=0.0259 s mean=0.5311 min=0.5229 max=0.5398 closed=0/512 open=0/512 | mean|s*read|=0.524150 | mean|g| ar=4.24e-5 ib=3.36e-5 z=1.75e-6 (n=50)
  [r2c trace step 1150] block 3: z mean=0.0258 s mean=0.5311 min=0.5229 max=0.5375 closed=0/512 open=0/512 | mean|s*read|=0.610720 | mean|g| ar=3.70e-5 ib=2.99e-5 z=1.21e-6 (n=50)
  [r2c trace step 1150] block 4: z mean=0.0266 s mean=0.5313 min=0.5229 max=0.5392 closed=0/512 open=0/512 | mean|s*read|=0.636775 | mean|g| ar=3.05e-5 ib=2.26e-5 z=1.02e-6 (n=50)
  [r2c trace step 1200] block 0: z mean=0.0265 s mean=0.5313 min=0.5226 max=0.5420 closed=0/512 open=0/512 | mean|s*read|=0.201654 | mean|g| ar=4.79e-5 ib=4.20e-5 z=6.48e-6 (n=50)
  [r2c trace step 1200] block 1: z mean=0.0267 s mean=0.5313 min=0.5242 max=0.5399 closed=0/512 open=0/512 | mean|s*read|=0.389392 | mean|g| ar=4.59e-5 ib=3.81e-5 z=3.25e-6 (n=50)
  [r2c trace step 1200] block 2: z mean=0.0261 s mean=0.5312 min=0.5228 max=0.5398 closed=0/512 open=0/512 | mean|s*read|=0.512019 | mean|g| ar=4.30e-5 ib=3.45e-5 z=1.95e-6 (n=50)
  [r2c trace step 1200] block 3: z mean=0.0260 s mean=0.5312 min=0.5229 max=0.5376 closed=0/512 open=0/512 | mean|s*read|=0.601897 | mean|g| ar=3.81e-5 ib=3.05e-5 z=1.26e-6 (n=50)
  [r2c trace step 1200] block 4: z mean=0.0268 s mean=0.5314 min=0.5229 max=0.5394 closed=0/512 open=0/512 | mean|s*read|=0.635359 | mean|g| ar=3.18e-5 ib=2.32e-5 z=9.88e-7 (n=50)
  [trace step 1250] block 0: fast=177 medium=201 slow=134 | mean_alpha=0.2157 | mean_|grad|=0.000012 (n=250)
  [trace step 1250] block 1: fast=178 medium=200 slow=134 | mean_alpha=0.2153 | mean_|grad|=0.000009 (n=250)
  [trace step 1250] block 2: fast=179 medium=199 slow=134 | mean_alpha=0.2152 | mean_|grad|=0.000009 (n=250)
  [trace step 1250] block 3: fast=178 medium=200 slow=134 | mean_alpha=0.2152 | mean_|grad|=0.000008 (n=250)
  [trace step 1250] block 4: fast=178 medium=200 slow=134 | mean_alpha=0.2152 | mean_|grad|=0.000013 (n=250)
  [r2c trace step 1250] block 0: z mean=0.0267 s mean=0.5313 min=0.5224 max=0.5423 closed=0/512 open=0/512 | mean|s*read|=0.202199 | mean|g| ar=4.84e-5 ib=4.21e-5 z=6.53e-6 (n=50)
  [r2c trace step 1250] block 1: z mean=0.0270 s mean=0.5314 min=0.5245 max=0.5397 closed=0/512 open=0/512 | mean|s*read|=0.396244 | mean|g| ar=4.79e-5 ib=3.92e-5 z=4.40e-6 (n=50)
  [r2c trace step 1250] block 2: z mean=0.0263 s mean=0.5313 min=0.5226 max=0.5401 closed=0/512 open=0/512 | mean|s*read|=0.531219 | mean|g| ar=4.46e-5 ib=3.60e-5 z=1.77e-6 (n=50)
  [r2c trace step 1250] block 3: z mean=0.0262 s mean=0.5312 min=0.5229 max=0.5376 closed=0/512 open=0/512 | mean|s*read|=0.629052 | mean|g| ar=3.99e-5 ib=3.22e-5 z=1.49e-6 (n=50)
  [r2c trace step 1250] block 4: z mean=0.0268 s mean=0.5314 min=0.5229 max=0.5397 closed=0/512 open=0/512 | mean|s*read|=0.671704 | mean|g| ar=3.41e-5 ib=2.45e-5 z=5.83e-7 (n=50)
step 1250/1800 | epoch 2 | loss 0.3585 | 1.2 steps/s
  validation: loss 0.3905 | 0.563 bits/byte
  [r2c trace step 1300] block 0: z mean=0.0269 s mean=0.5314 min=0.5224 max=0.5422 closed=0/512 open=0/512 | mean|s*read|=0.202681 | mean|g| ar=4.64e-5 ib=4.09e-5 z=4.23e-6 (n=50)
  [r2c trace step 1300] block 1: z mean=0.0272 s mean=0.5315 min=0.5246 max=0.5401 closed=0/512 open=0/512 | mean|s*read|=0.389247 | mean|g| ar=4.51e-5 ib=3.73e-5 z=3.05e-6 (n=50)
  [r2c trace step 1300] block 2: z mean=0.0265 s mean=0.5313 min=0.5225 max=0.5399 closed=0/512 open=0/512 | mean|s*read|=0.513173 | mean|g| ar=4.18e-5 ib=3.37e-5 z=2.41e-6 (n=50)
  [r2c trace step 1300] block 3: z mean=0.0263 s mean=0.5313 min=0.5230 max=0.5376 closed=0/512 open=0/512 | mean|s*read|=0.596721 | mean|g| ar=3.64e-5 ib=2.99e-5 z=1.30e-6 (n=50)
  [r2c trace step 1300] block 4: z mean=0.0269 s mean=0.5314 min=0.5229 max=0.5399 closed=0/512 open=0/512 | mean|s*read|=0.620617 | mean|g| ar=3.04e-5 ib=2.30e-5 z=7.02e-7 (n=50)
  [r2c trace step 1350] block 0: z mean=0.0271 s mean=0.5314 min=0.5224 max=0.5425 closed=0/512 open=0/512 | mean|s*read|=0.202759 | mean|g| ar=5.13e-5 ib=4.50e-5 z=6.96e-6 (n=50)
  [r2c trace step 1350] block 1: z mean=0.0274 s mean=0.5315 min=0.5245 max=0.5403 closed=0/512 open=0/512 | mean|s*read|=0.385673 | mean|g| ar=4.83e-5 ib=4.05e-5 z=3.52e-6 (n=50)
  [r2c trace step 1350] block 2: z mean=0.0268 s mean=0.5314 min=0.5225 max=0.5400 closed=0/512 open=0/512 | mean|s*read|=0.509549 | mean|g| ar=4.55e-5 ib=3.66e-5 z=2.08e-6 (n=50)
  [r2c trace step 1350] block 3: z mean=0.0266 s mean=0.5313 min=0.5230 max=0.5379 closed=0/512 open=0/512 | mean|s*read|=0.595556 | mean|g| ar=3.92e-5 ib=3.19e-5 z=1.52e-6 (n=50)
  [r2c trace step 1350] block 4: z mean=0.0271 s mean=0.5314 min=0.5228 max=0.5401 closed=0/512 open=0/512 | mean|s*read|=0.633843 | mean|g| ar=3.36e-5 ib=2.39e-5 z=9.20e-7 (n=50)
  [r2c trace step 1400] block 0: z mean=0.0273 s mean=0.5315 min=0.5224 max=0.5425 closed=0/512 open=0/512 | mean|s*read|=0.203398 | mean|g| ar=5.12e-5 ib=4.53e-5 z=5.48e-6 (n=50)
  [r2c trace step 1400] block 1: z mean=0.0276 s mean=0.5316 min=0.5244 max=0.5407 closed=0/512 open=0/512 | mean|s*read|=0.385760 | mean|g| ar=4.82e-5 ib=4.05e-5 z=3.28e-6 (n=50)
  [r2c trace step 1400] block 2: z mean=0.0270 s mean=0.5314 min=0.5224 max=0.5402 closed=0/512 open=0/512 | mean|s*read|=0.509293 | mean|g| ar=4.48e-5 ib=3.63e-5 z=2.17e-6 (n=50)
  [r2c trace step 1400] block 3: z mean=0.0267 s mean=0.5313 min=0.5230 max=0.5380 closed=0/512 open=0/512 | mean|s*read|=0.591550 | mean|g| ar=3.91e-5 ib=3.18e-5 z=1.59e-6 (n=50)
  [r2c trace step 1400] block 4: z mean=0.0272 s mean=0.5315 min=0.5228 max=0.5403 closed=0/512 open=0/512 | mean|s*read|=0.627275 | mean|g| ar=3.33e-5 ib=2.44e-5 z=8.21e-7 (n=50)
  [r2c trace step 1450] block 0: z mean=0.0276 s mean=0.5315 min=0.5220 max=0.5424 closed=0/512 open=0/512 | mean|s*read|=0.204621 | mean|g| ar=5.20e-5 ib=4.50e-5 z=6.41e-6 (n=50)
  [r2c trace step 1450] block 1: z mean=0.0279 s mean=0.5316 min=0.5245 max=0.5404 closed=0/512 open=0/512 | mean|s*read|=0.389836 | mean|g| ar=4.98e-5 ib=4.10e-5 z=3.54e-6 (n=50)
  [r2c trace step 1450] block 2: z mean=0.0272 s mean=0.5315 min=0.5225 max=0.5402 closed=0/512 open=0/512 | mean|s*read|=0.516986 | mean|g| ar=4.56e-5 ib=3.69e-5 z=2.45e-6 (n=50)
  [r2c trace step 1450] block 3: z mean=0.0270 s mean=0.5314 min=0.5230 max=0.5380 closed=0/512 open=0/512 | mean|s*read|=0.590639 | mean|g| ar=4.00e-5 ib=3.18e-5 z=1.73e-6 (n=50)
  [r2c trace step 1450] block 4: z mean=0.0272 s mean=0.5315 min=0.5228 max=0.5403 closed=0/512 open=0/512 | mean|s*read|=0.623744 | mean|g| ar=3.33e-5 ib=2.44e-5 z=9.74e-7 (n=50)
  [trace step 1500] block 0: fast=177 medium=201 slow=134 | mean_alpha=0.2157 | mean_|grad|=0.000012 (n=250)
  [trace step 1500] block 1: fast=178 medium=199 slow=135 | mean_alpha=0.2154 | mean_|grad|=0.000009 (n=250)
  [trace step 1500] block 2: fast=177 medium=201 slow=134 | mean_alpha=0.2152 | mean_|grad|=0.000009 (n=250)
  [trace step 1500] block 3: fast=178 medium=200 slow=134 | mean_alpha=0.2152 | mean_|grad|=0.000008 (n=250)
  [trace step 1500] block 4: fast=178 medium=200 slow=134 | mean_alpha=0.2152 | mean_|grad|=0.000013 (n=250)
  [r2c trace step 1500] block 0: z mean=0.0278 s mean=0.5316 min=0.5221 max=0.5423 closed=0/512 open=0/512 | mean|s*read|=0.205229 | mean|g| ar=5.13e-5 ib=4.51e-5 z=7.21e-6 (n=50)
  [r2c trace step 1500] block 1: z mean=0.0281 s mean=0.5317 min=0.5245 max=0.5405 closed=0/512 open=0/512 | mean|s*read|=0.386446 | mean|g| ar=4.85e-5 ib=4.04e-5 z=3.19e-6 (n=50)
  [r2c trace step 1500] block 2: z mean=0.0274 s mean=0.5315 min=0.5224 max=0.5403 closed=0/512 open=0/512 | mean|s*read|=0.513171 | mean|g| ar=4.51e-5 ib=3.66e-5 z=2.60e-6 (n=50)
  [r2c trace step 1500] block 3: z mean=0.0271 s mean=0.5314 min=0.5230 max=0.5380 closed=0/512 open=0/512 | mean|s*read|=0.587988 | mean|g| ar=3.93e-5 ib=3.08e-5 z=2.50e-6 (n=50)
  [r2c trace step 1500] block 4: z mean=0.0273 s mean=0.5315 min=0.5228 max=0.5401 closed=0/512 open=0/512 | mean|s*read|=0.609581 | mean|g| ar=3.14e-5 ib=2.33e-5 z=1.02e-6 (n=50)
step 1500/1800 | epoch 2 | loss 0.3621 | 1.0 steps/s
  [r2c trace step 1550] block 0: z mean=0.0280 s mean=0.5317 min=0.5220 max=0.5425 closed=0/512 open=0/512 | mean|s*read|=0.206672 | mean|g| ar=5.17e-5 ib=4.61e-5 z=4.90e-6 (n=50)
  [r2c trace step 1550] block 1: z mean=0.0283 s mean=0.5317 min=0.5240 max=0.5406 closed=0/512 open=0/512 | mean|s*read|=0.381286 | mean|g| ar=4.85e-5 ib=4.01e-5 z=3.38e-6 (n=50)
  [r2c trace step 1550] block 2: z mean=0.0276 s mean=0.5315 min=0.5225 max=0.5404 closed=0/512 open=0/512 | mean|s*read|=0.495996 | mean|g| ar=4.42e-5 ib=3.58e-5 z=2.32e-6 (n=50)
  [r2c trace step 1550] block 3: z mean=0.0272 s mean=0.5315 min=0.5230 max=0.5380 closed=0/512 open=0/512 | mean|s*read|=0.567239 | mean|g| ar=3.81e-5 ib=3.09e-5 z=1.40e-6 (n=50)
  [r2c trace step 1550] block 4: z mean=0.0275 s mean=0.5315 min=0.5228 max=0.5400 closed=0/512 open=0/512 | mean|s*read|=0.586870 | mean|g| ar=3.14e-5 ib=2.32e-5 z=1.94e-6 (n=50)
  [r2c trace step 1600] block 0: z mean=0.0283 s mean=0.5317 min=0.5218 max=0.5428 closed=0/512 open=0/512 | mean|s*read|=0.206596 | mean|g| ar=5.53e-5 ib=4.79e-5 z=8.75e-6 (n=50)
  [r2c trace step 1600] block 1: z mean=0.0285 s mean=0.5318 min=0.5240 max=0.5409 closed=0/512 open=0/512 | mean|s*read|=0.376838 | mean|g| ar=4.93e-5 ib=4.07e-5 z=3.96e-6 (n=50)
  [r2c trace step 1600] block 2: z mean=0.0278 s mean=0.5316 min=0.5227 max=0.5406 closed=0/512 open=0/512 | mean|s*read|=0.488201 | mean|g| ar=4.43e-5 ib=3.70e-5 z=2.19e-6 (n=50)
  [r2c trace step 1600] block 3: z mean=0.0274 s mean=0.5315 min=0.5230 max=0.5383 closed=0/512 open=0/512 | mean|s*read|=0.546685 | mean|g| ar=3.84e-5 ib=3.12e-5 z=1.91e-6 (n=50)
  [r2c trace step 1600] block 4: z mean=0.0276 s mean=0.5316 min=0.5227 max=0.5403 closed=0/512 open=0/512 | mean|s*read|=0.570261 | mean|g| ar=3.29e-5 ib=2.37e-5 z=1.90e-6 (n=50)
  [r2c trace step 1650] block 0: z mean=0.0285 s mean=0.5318 min=0.5215 max=0.5427 closed=0/512 open=0/512 | mean|s*read|=0.206387 | mean|g| ar=5.41e-5 ib=4.76e-5 z=6.23e-6 (n=50)
  [r2c trace step 1650] block 1: z mean=0.0287 s mean=0.5318 min=0.5237 max=0.5407 closed=0/512 open=0/512 | mean|s*read|=0.373814 | mean|g| ar=4.89e-5 ib=4.09e-5 z=4.32e-6 (n=50)
  [r2c trace step 1650] block 2: z mean=0.0279 s mean=0.5316 min=0.5224 max=0.5408 closed=0/512 open=0/512 | mean|s*read|=0.482650 | mean|g| ar=4.34e-5 ib=3.66e-5 z=2.44e-6 (n=50)
  [r2c trace step 1650] block 3: z mean=0.0275 s mean=0.5315 min=0.5230 max=0.5386 closed=0/512 open=0/512 | mean|s*read|=0.556067 | mean|g| ar=3.87e-5 ib=3.16e-5 z=1.56e-6 (n=50)
  [r2c trace step 1650] block 4: z mean=0.0277 s mean=0.5316 min=0.5226 max=0.5400 closed=0/512 open=0/512 | mean|s*read|=0.575035 | mean|g| ar=3.24e-5 ib=2.37e-5 z=1.43e-6 (n=50)
  [r2c trace step 1700] block 0: z mean=0.0286 s mean=0.5318 min=0.5214 max=0.5427 closed=0/512 open=0/512 | mean|s*read|=0.206694 | mean|g| ar=5.55e-5 ib=4.85e-5 z=6.97e-6 (n=50)
  [r2c trace step 1700] block 1: z mean=0.0289 s mean=0.5319 min=0.5240 max=0.5408 closed=0/512 open=0/512 | mean|s*read|=0.376904 | mean|g| ar=4.98e-5 ib=4.21e-5 z=2.74e-6 (n=50)
  [r2c trace step 1700] block 2: z mean=0.0281 s mean=0.5317 min=0.5224 max=0.5411 closed=0/512 open=0/512 | mean|s*read|=0.491881 | mean|g| ar=4.52e-5 ib=3.72e-5 z=2.36e-6 (n=50)
  [r2c trace step 1700] block 3: z mean=0.0277 s mean=0.5316 min=0.5230 max=0.5387 closed=0/512 open=0/512 | mean|s*read|=0.562630 | mean|g| ar=3.93e-5 ib=3.24e-5 z=1.78e-6 (n=50)
  [r2c trace step 1700] block 4: z mean=0.0278 s mean=0.5316 min=0.5223 max=0.5404 closed=0/512 open=0/512 | mean|s*read|=0.590072 | mean|g| ar=3.35e-5 ib=2.42e-5 z=1.69e-6 (n=50)
  [trace step 1750] block 0: fast=177 medium=201 slow=134 | mean_alpha=0.2159 | mean_|grad|=0.000013 (n=250)
  [trace step 1750] block 1: fast=177 medium=200 slow=135 | mean_alpha=0.2154 | mean_|grad|=0.000009 (n=250)
  [trace step 1750] block 2: fast=177 medium=201 slow=134 | mean_alpha=0.2153 | mean_|grad|=0.000008 (n=250)
  [trace step 1750] block 3: fast=178 medium=199 slow=135 | mean_alpha=0.2153 | mean_|grad|=0.000008 (n=250)
  [trace step 1750] block 4: fast=178 medium=200 slow=134 | mean_alpha=0.2152 | mean_|grad|=0.000012 (n=250)
  [r2c trace step 1750] block 0: z mean=0.0289 s mean=0.5319 min=0.5215 max=0.5431 closed=0/512 open=0/512 | mean|s*read|=0.207353 | mean|g| ar=5.47e-5 ib=4.84e-5 z=7.61e-6 (n=50)
  [r2c trace step 1750] block 1: z mean=0.0291 s mean=0.5319 min=0.5240 max=0.5411 closed=0/512 open=0/512 | mean|s*read|=0.381258 | mean|g| ar=5.11e-5 ib=4.12e-5 z=4.80e-6 (n=50)
  [r2c trace step 1750] block 2: z mean=0.0282 s mean=0.5317 min=0.5222 max=0.5410 closed=0/512 open=0/512 | mean|s*read|=0.497704 | mean|g| ar=4.44e-5 ib=3.74e-5 z=2.34e-6 (n=50)
  [r2c trace step 1750] block 3: z mean=0.0278 s mean=0.5316 min=0.5229 max=0.5389 closed=0/512 open=0/512 | mean|s*read|=0.558415 | mean|g| ar=3.91e-5 ib=3.14e-5 z=1.73e-6 (n=50)
  [r2c trace step 1750] block 4: z mean=0.0279 s mean=0.5316 min=0.5220 max=0.5405 closed=0/512 open=0/512 | mean|s*read|=0.580152 | mean|g| ar=3.21e-5 ib=2.33e-5 z=1.08e-6 (n=50)
step 1750/1800 | epoch 2 | loss 0.3634 | 1.4 steps/s
  [r2c trace step 1800] block 0: z mean=0.0293 s mean=0.5319 min=0.5214 max=0.5439 closed=0/512 open=0/512 | mean|s*read|=0.208196 | mean|g| ar=5.55e-5 ib=4.91e-5 z=6.93e-6 (n=50)
  [r2c trace step 1800] block 1: z mean=0.0293 s mean=0.5320 min=0.5239 max=0.5415 closed=0/512 open=0/512 | mean|s*read|=0.380817 | mean|g| ar=5.04e-5 ib=4.18e-5 z=4.19e-6 (n=50)
  [r2c trace step 1800] block 2: z mean=0.0284 s mean=0.5317 min=0.5221 max=0.5409 closed=0/512 open=0/512 | mean|s*read|=0.494016 | mean|g| ar=4.48e-5 ib=3.76e-5 z=3.21e-6 (n=50)
  [r2c trace step 1800] block 3: z mean=0.0279 s mean=0.5316 min=0.5229 max=0.5387 closed=0/512 open=0/512 | mean|s*read|=0.556098 | mean|g| ar=3.85e-5 ib=3.15e-5 z=1.64e-6 (n=50)
  [r2c trace step 1800] block 4: z mean=0.0280 s mean=0.5316 min=0.5218 max=0.5406 closed=0/512 open=0/512 | mean|s*read|=0.578599 | mean|g| ar=3.11e-5 ib=2.35e-5 z=9.34e-7 (n=50)
eva: process memory peak 460.8 MB

-- what holds the training memory --
  parameters                51.2 MB   (unavoidable)
  AdamW state              102.3 MB   (unavoidable today)
  GRAPH, own peak           15.0 MB
  live nodes, peak           119
  graph alive now            0.0 MB   (0 if everything was freed)
  GRADIENT MAP              51.2 MB   <- a new Vec per tensor, every step

-- who holds, accumulated over the whole training run --
  clockmem_inject_learn_gc   19056.0 MB in    9500 nodes     67%
  sigmoid             9518.6 MB in   19000 nodes     33%
  gather                 7.5 MB in    1900 nodes      0%
  ce                     7.4 MB in    1900 nodes      0%
  add                    2.8 MB in   66500 nodes      0%
  matmul                 1.6 MB in   68400 nodes      0%
  rms_norm               0.6 MB in   30400 nodes      0%
  mul                    0.4 MB in    9500 nodes      0%
  parameter copies from a shared Arc: 0  (has to be 0)
eva: FINAL VALIDATION loss 0.3828 | 0.552 bits/byte (100 windows, arch clock)
eva: rule 'all' | 1800 forward, 1800 backward (100% learned)
eva: training finished in 1548.6s, weights in 16m5b_N32_T1_win33_r2c.weights
