eva: dataset 512001 bytes, 1000 windows, 14063621 params
eva: 900 windows to train on, 100 to validate
eva: alpha/gradient TRACE ACTIVE (EVA_ALPHA_TRACE)
eva: wread TRACE ACTIVE (EVA_WREAD_TRACE)
[eva] matmul on GPU: NVIDIA GeForce GTX 1650
  [wread trace step 50] block 0: j0=0.002178 mean_taps=0.002183 max_taps=0.002638 | w[N-1]=NaN w[N]=NaN (rms/tap)
  [wread trace step 50] block 1: j0=0.002259 mean_taps=0.002226 max_taps=0.002470 | w[N-1]=NaN w[N]=NaN (rms/tap)
  [wread trace step 50] block 2: j0=0.002270 mean_taps=0.002269 max_taps=0.002808 | w[N-1]=NaN w[N]=NaN (rms/tap)
  [wread trace step 50] block 3: j0=0.002342 mean_taps=0.002270 max_taps=0.002665 | w[N-1]=NaN w[N]=NaN (rms/tap)
  [wread trace step 50] block 4: j0=0.002485 mean_taps=0.002350 max_taps=0.002834 | w[N-1]=NaN w[N]=NaN (rms/tap)
  [wread trace step 100] block 0: j0=0.002429 mean_taps=0.002349 max_taps=0.003069 | w[N-1]=NaN w[N]=NaN (rms/tap)
  [wread trace step 100] block 1: j0=0.002508 mean_taps=0.002442 max_taps=0.002954 | w[N-1]=NaN w[N]=NaN (rms/tap)
  [wread trace step 100] block 2: j0=0.002627 mean_taps=0.002523 max_taps=0.003387 | w[N-1]=NaN w[N]=NaN (rms/tap)
  [wread trace step 100] block 3: j0=0.002675 mean_taps=0.002627 max_taps=0.003263 | w[N-1]=NaN w[N]=NaN (rms/tap)
  [wread trace step 100] block 4: j0=0.002970 mean_taps=0.002771 max_taps=0.003475 | w[N-1]=NaN w[N]=NaN (rms/tap)
  [wread trace step 150] block 0: j0=0.002481 mean_taps=0.002391 max_taps=0.003402 | w[N-1]=NaN w[N]=NaN (rms/tap)
  [wread trace step 150] block 1: j0=0.002646 mean_taps=0.002520 max_taps=0.003421 | w[N-1]=NaN w[N]=NaN (rms/tap)
  [wread trace step 150] block 2: j0=0.002798 mean_taps=0.002643 max_taps=0.003812 | w[N-1]=NaN w[N]=NaN (rms/tap)
  [wread trace step 150] block 3: j0=0.002762 mean_taps=0.002757 max_taps=0.003649 | w[N-1]=NaN w[N]=NaN (rms/tap)
  [wread trace step 150] block 4: j0=0.003054 mean_taps=0.002923 max_taps=0.003818 | w[N-1]=NaN w[N]=NaN (rms/tap)
  [wread trace step 200] block 0: j0=0.002536 mean_taps=0.002432 max_taps=0.003721 | w[N-1]=NaN w[N]=NaN (rms/tap)
  [wread trace step 200] block 1: j0=0.002679 mean_taps=0.002574 max_taps=0.003858 | w[N-1]=NaN w[N]=NaN (rms/tap)
  [wread trace step 200] block 2: j0=0.002841 mean_taps=0.002694 max_taps=0.004048 | w[N-1]=NaN w[N]=NaN (rms/tap)
  [wread trace step 200] block 3: j0=0.002874 mean_taps=0.002818 max_taps=0.003869 | w[N-1]=NaN w[N]=NaN (rms/tap)
  [wread trace step 200] block 4: j0=0.003164 mean_taps=0.003039 max_taps=0.004025 | w[N-1]=NaN w[N]=NaN (rms/tap)
  [trace step 250] block 0: fast=179 medium=199 slow=134 | mean_alpha=0.2156 | mean_|grad|=0.000013 (n=250)
  [trace step 250] block 1: fast=179 medium=198 slow=135 | mean_alpha=0.2156 | mean_|grad|=0.000009 (n=250)
  [trace step 250] block 2: fast=179 medium=199 slow=134 | mean_alpha=0.2156 | mean_|grad|=0.000012 (n=250)
  [trace step 250] block 3: fast=179 medium=199 slow=134 | mean_alpha=0.2156 | mean_|grad|=0.000017 (n=250)
  [trace step 250] block 4: fast=179 medium=199 slow=134 | mean_alpha=0.2156 | mean_|grad|=0.000016 (n=250)
  [wread trace step 250] block 0: j0=0.002579 mean_taps=0.002467 max_taps=0.004101 | w[N-1]=NaN w[N]=NaN (rms/tap)
  [wread trace step 250] block 1: j0=0.002756 mean_taps=0.002621 max_taps=0.004349 | w[N-1]=NaN w[N]=NaN (rms/tap)
  [wread trace step 250] block 2: j0=0.002907 mean_taps=0.002732 max_taps=0.004294 | w[N-1]=NaN w[N]=NaN (rms/tap)
  [wread trace step 250] block 3: j0=0.002899 mean_taps=0.002881 max_taps=0.004057 | w[N-1]=NaN w[N]=NaN (rms/tap)
  [wread trace step 250] block 4: j0=0.003149 mean_taps=0.003099 max_taps=0.004198 | w[N-1]=NaN w[N]=NaN (rms/tap)
step 250/1800 | epoch 1 | loss 5.5806 | 1.4 steps/s
  [wread trace step 300] block 0: j0=0.002559 mean_taps=0.002503 max_taps=0.004493 | w[N-1]=NaN w[N]=NaN (rms/tap)
  [wread trace step 300] block 1: j0=0.002811 mean_taps=0.002667 max_taps=0.004864 | w[N-1]=NaN w[N]=NaN (rms/tap)
  [wread trace step 300] block 2: j0=0.002986 mean_taps=0.002769 max_taps=0.004539 | w[N-1]=NaN w[N]=NaN (rms/tap)
  [wread trace step 300] block 3: j0=0.002994 mean_taps=0.002933 max_taps=0.004207 | w[N-1]=NaN w[N]=NaN (rms/tap)
  [wread trace step 300] block 4: j0=0.003210 mean_taps=0.003163 max_taps=0.004319 | w[N-1]=NaN w[N]=NaN (rms/tap)
  [wread trace step 350] block 0: j0=0.002589 mean_taps=0.002539 max_taps=0.004878 | w[N-1]=NaN w[N]=NaN (rms/tap)
  [wread trace step 350] block 1: j0=0.002867 mean_taps=0.002720 max_taps=0.005405 | w[N-1]=NaN w[N]=NaN (rms/tap)
  [wread trace step 350] block 2: j0=0.003061 mean_taps=0.002819 max_taps=0.004844 | w[N-1]=NaN w[N]=NaN (rms/tap)
  [wread trace step 350] block 3: j0=0.003037 mean_taps=0.002989 max_taps=0.004429 | w[N-1]=NaN w[N]=NaN (rms/tap)
  [wread trace step 350] block 4: j0=0.003225 mean_taps=0.003209 max_taps=0.004421 | w[N-1]=NaN w[N]=NaN (rms/tap)
  [wread trace step 400] block 0: j0=0.002606 mean_taps=0.002570 max_taps=0.005251 | w[N-1]=NaN w[N]=NaN (rms/tap)
  [wread trace step 400] block 1: j0=0.002885 mean_taps=0.002761 max_taps=0.005966 | w[N-1]=NaN w[N]=NaN (rms/tap)
  [wread trace step 400] block 2: j0=0.003106 mean_taps=0.002857 max_taps=0.005109 | w[N-1]=NaN w[N]=NaN (rms/tap)
  [wread trace step 400] block 3: j0=0.003117 mean_taps=0.003019 max_taps=0.004608 | w[N-1]=NaN w[N]=NaN (rms/tap)
  [wread trace step 400] block 4: j0=0.003319 mean_taps=0.003266 max_taps=0.004474 | w[N-1]=NaN w[N]=NaN (rms/tap)
  [wread trace step 450] block 0: j0=0.002602 mean_taps=0.002599 max_taps=0.005640 | w[N-1]=NaN w[N]=NaN (rms/tap)
  [wread trace step 450] block 1: j0=0.002960 mean_taps=0.002801 max_taps=0.006534 | w[N-1]=NaN w[N]=NaN (rms/tap)
  [wread trace step 450] block 2: j0=0.003118 mean_taps=0.002875 max_taps=0.005349 | w[N-1]=NaN w[N]=NaN (rms/tap)
  [wread trace step 450] block 3: j0=0.003158 mean_taps=0.003063 max_taps=0.004787 | w[N-1]=NaN w[N]=NaN (rms/tap)
  [wread trace step 450] block 4: j0=0.003363 mean_taps=0.003283 max_taps=0.004571 | w[N-1]=NaN w[N]=NaN (rms/tap)
  [trace step 500] block 0: fast=179 medium=199 slow=134 | mean_alpha=0.2157 | mean_|grad|=0.000004 (n=250)
  [trace step 500] block 1: fast=179 medium=199 slow=134 | mean_alpha=0.2157 | mean_|grad|=0.000002 (n=250)
  [trace step 500] block 2: fast=179 medium=199 slow=134 | mean_alpha=0.2156 | mean_|grad|=0.000006 (n=250)
  [trace step 500] block 3: fast=179 medium=199 slow=134 | mean_alpha=0.2156 | mean_|grad|=0.000012 (n=250)
  [trace step 500] block 4: fast=179 medium=199 slow=134 | mean_alpha=0.2157 | mean_|grad|=0.000010 (n=250)
  [wread trace step 500] block 0: j0=0.002618 mean_taps=0.002633 max_taps=0.006042 | w[N-1]=NaN w[N]=NaN (rms/tap)
  [wread trace step 500] block 1: j0=0.003004 mean_taps=0.002841 max_taps=0.007125 | w[N-1]=NaN w[N]=NaN (rms/tap)
  [wread trace step 500] block 2: j0=0.003178 mean_taps=0.002922 max_taps=0.005624 | w[N-1]=NaN w[N]=NaN (rms/tap)
  [wread trace step 500] block 3: j0=0.003141 mean_taps=0.003084 max_taps=0.004984 | w[N-1]=NaN w[N]=NaN (rms/tap)
  [wread trace step 500] block 4: j0=0.003339 mean_taps=0.003312 max_taps=0.004656 | w[N-1]=NaN w[N]=NaN (rms/tap)
step 500/1800 | epoch 1 | loss 5.5504 | 1.4 steps/s
  [wread trace step 550] block 0: j0=0.002629 mean_taps=0.002664 max_taps=0.006463 | w[N-1]=NaN w[N]=NaN (rms/tap)
  [wread trace step 550] block 1: j0=0.003013 mean_taps=0.002877 max_taps=0.007750 | w[N-1]=NaN w[N]=NaN (rms/tap)
  [wread trace step 550] block 2: j0=0.003198 mean_taps=0.002958 max_taps=0.005900 | w[N-1]=NaN w[N]=NaN (rms/tap)
  [wread trace step 550] block 3: j0=0.003186 mean_taps=0.003138 max_taps=0.005202 | w[N-1]=NaN w[N]=NaN (rms/tap)
  [wread trace step 550] block 4: j0=0.003381 mean_taps=0.003349 max_taps=0.004770 | w[N-1]=NaN w[N]=NaN (rms/tap)
  [wread trace step 600] block 0: j0=0.002632 mean_taps=0.002691 max_taps=0.006893 | w[N-1]=NaN w[N]=NaN (rms/tap)
  [wread trace step 600] block 1: j0=0.003073 mean_taps=0.002922 max_taps=0.008363 | w[N-1]=NaN w[N]=NaN (rms/tap)
  [wread trace step 600] block 2: j0=0.003211 mean_taps=0.002964 max_taps=0.006129 | w[N-1]=NaN w[N]=NaN (rms/tap)
  [wread trace step 600] block 3: j0=0.003234 mean_taps=0.003145 max_taps=0.005353 | w[N-1]=NaN w[N]=NaN (rms/tap)
  [wread trace step 600] block 4: j0=0.003457 mean_taps=0.003391 max_taps=0.004830 | w[N-1]=NaN w[N]=NaN (rms/tap)
  [wread trace step 650] block 0: j0=0.002668 mean_taps=0.002719 max_taps=0.007321 | w[N-1]=NaN w[N]=NaN (rms/tap)
  [wread trace step 650] block 1: j0=0.003113 mean_taps=0.002966 max_taps=0.008969 | w[N-1]=NaN w[N]=NaN (rms/tap)
  [wread trace step 650] block 2: j0=0.003247 mean_taps=0.002999 max_taps=0.006353 | w[N-1]=NaN w[N]=NaN (rms/tap)
  [wread trace step 650] block 3: j0=0.003308 mean_taps=0.003178 max_taps=0.005465 | w[N-1]=NaN w[N]=NaN (rms/tap)
  [wread trace step 650] block 4: j0=0.003521 mean_taps=0.003441 max_taps=0.004883 | w[N-1]=NaN w[N]=NaN (rms/tap)
  [wread trace step 700] block 0: j0=0.002686 mean_taps=0.002745 max_taps=0.007737 | w[N-1]=NaN w[N]=NaN (rms/tap)
  [wread trace step 700] block 1: j0=0.003168 mean_taps=0.003010 max_taps=0.009648 | w[N-1]=NaN w[N]=NaN (rms/tap)
  [wread trace step 700] block 2: j0=0.003275 mean_taps=0.003019 max_taps=0.006565 | w[N-1]=NaN w[N]=NaN (rms/tap)
  [wread trace step 700] block 3: j0=0.003292 mean_taps=0.003188 max_taps=0.005621 | w[N-1]=NaN w[N]=NaN (rms/tap)
  [wread trace step 700] block 4: j0=0.003435 mean_taps=0.003438 max_taps=0.004942 | w[N-1]=NaN w[N]=NaN (rms/tap)
  [trace step 750] block 0: fast=179 medium=199 slow=134 | mean_alpha=0.2157 | mean_|grad|=0.000002 (n=250)
  [trace step 750] block 1: fast=179 medium=199 slow=134 | mean_alpha=0.2157 | mean_|grad|=0.000002 (n=250)
  [trace step 750] block 2: fast=179 medium=199 slow=134 | mean_alpha=0.2157 | mean_|grad|=0.000004 (n=250)
  [trace step 750] block 3: fast=178 medium=200 slow=134 | mean_alpha=0.2157 | mean_|grad|=0.000010 (n=250)
  [trace step 750] block 4: fast=179 medium=199 slow=134 | mean_alpha=0.2157 | mean_|grad|=0.000007 (n=250)
  [wread trace step 750] block 0: j0=0.002716 mean_taps=0.002778 max_taps=0.008176 | w[N-1]=NaN w[N]=NaN (rms/tap)
  [wread trace step 750] block 1: j0=0.003199 mean_taps=0.003059 max_taps=0.010324 | w[N-1]=NaN w[N]=NaN (rms/tap)
  [wread trace step 750] block 2: j0=0.003293 mean_taps=0.003041 max_taps=0.006805 | w[N-1]=NaN w[N]=NaN (rms/tap)
  [wread trace step 750] block 3: j0=0.003341 mean_taps=0.003208 max_taps=0.005728 | w[N-1]=NaN w[N]=NaN (rms/tap)
  [wread trace step 750] block 4: j0=0.003457 mean_taps=0.003443 max_taps=0.004960 | w[N-1]=NaN w[N]=NaN (rms/tap)
step 750/1800 | epoch 1 | loss 5.5489 | 1.4 steps/s
  [wread trace step 800] block 0: j0=0.002715 mean_taps=0.002812 max_taps=0.008640 | w[N-1]=NaN w[N]=NaN (rms/tap)
  [wread trace step 800] block 1: j0=0.003241 mean_taps=0.003101 max_taps=0.011066 | w[N-1]=NaN w[N]=NaN (rms/tap)
  [wread trace step 800] block 2: j0=0.003337 mean_taps=0.003085 max_taps=0.007099 | w[N-1]=NaN w[N]=NaN (rms/tap)
  [wread trace step 800] block 3: j0=0.003334 mean_taps=0.003227 max_taps=0.005862 | w[N-1]=NaN w[N]=NaN (rms/tap)
  [wread trace step 800] block 4: j0=0.003460 mean_taps=0.003459 max_taps=0.005011 | w[N-1]=NaN w[N]=NaN (rms/tap)
  [wread trace step 850] block 0: j0=0.002740 mean_taps=0.002838 max_taps=0.009143 | w[N-1]=NaN w[N]=NaN (rms/tap)
  [wread trace step 850] block 1: j0=0.003303 mean_taps=0.003143 max_taps=0.011889 | w[N-1]=NaN w[N]=NaN (rms/tap)
  [wread trace step 850] block 2: j0=0.003324 mean_taps=0.003085 max_taps=0.007320 | w[N-1]=NaN w[N]=NaN (rms/tap)
  [wread trace step 850] block 3: j0=0.003363 mean_taps=0.003238 max_taps=0.005971 | w[N-1]=NaN w[N]=NaN (rms/tap)
  [wread trace step 850] block 4: j0=0.003503 mean_taps=0.003472 max_taps=0.005043 | w[N-1]=NaN w[N]=NaN (rms/tap)
  [wread trace step 900] block 0: j0=0.002773 mean_taps=0.002873 max_taps=0.009648 | w[N-1]=NaN w[N]=NaN (rms/tap)
  [wread trace step 900] block 1: j0=0.003338 mean_taps=0.003199 max_taps=0.012758 | w[N-1]=NaN w[N]=NaN (rms/tap)
  [wread trace step 900] block 2: j0=0.003342 mean_taps=0.003114 max_taps=0.007515 | w[N-1]=NaN w[N]=NaN (rms/tap)
  [wread trace step 900] block 3: j0=0.003333 mean_taps=0.003269 max_taps=0.006111 | w[N-1]=NaN w[N]=NaN (rms/tap)
  [wread trace step 900] block 4: j0=0.003509 mean_taps=0.003503 max_taps=0.005115 | w[N-1]=NaN w[N]=NaN (rms/tap)
  [wread trace step 950] block 0: j0=0.002851 mean_taps=0.002942 max_taps=0.010210 | w[N-1]=NaN w[N]=NaN (rms/tap)
  [wread trace step 950] block 1: j0=0.003429 mean_taps=0.003289 max_taps=0.013680 | w[N-1]=NaN w[N]=NaN (rms/tap)
  [wread trace step 950] block 2: j0=0.003311 mean_taps=0.003138 max_taps=0.007767 | w[N-1]=NaN w[N]=NaN (rms/tap)
  [wread trace step 950] block 3: j0=0.003246 mean_taps=0.003263 max_taps=0.006220 | w[N-1]=NaN w[N]=NaN (rms/tap)
  [wread trace step 950] block 4: j0=0.003440 mean_taps=0.003501 max_taps=0.005146 | w[N-1]=NaN w[N]=NaN (rms/tap)
  [trace step 1000] block 0: fast=179 medium=199 slow=134 | mean_alpha=0.2159 | mean_|grad|=0.000002 (n=250)
  [trace step 1000] block 1: fast=179 medium=199 slow=134 | mean_alpha=0.2159 | mean_|grad|=0.000002 (n=250)
  [trace step 1000] block 2: fast=179 medium=199 slow=134 | mean_alpha=0.2157 | mean_|grad|=0.000003 (n=250)
  [trace step 1000] block 3: fast=178 medium=200 slow=134 | mean_alpha=0.2157 | mean_|grad|=0.000008 (n=250)
  [trace step 1000] block 4: fast=178 medium=200 slow=134 | mean_alpha=0.2158 | mean_|grad|=0.000006 (n=250)
  [wread trace step 1000] block 0: j0=0.002943 mean_taps=0.003031 max_taps=0.010848 | w[N-1]=NaN w[N]=NaN (rms/tap)
  [wread trace step 1000] block 1: j0=0.003587 mean_taps=0.003412 max_taps=0.014867 | w[N-1]=NaN w[N]=NaN (rms/tap)
  [wread trace step 1000] block 2: j0=0.003270 mean_taps=0.003123 max_taps=0.008036 | w[N-1]=NaN w[N]=NaN (rms/tap)
  [wread trace step 1000] block 3: j0=0.003247 mean_taps=0.003248 max_taps=0.006347 | w[N-1]=NaN w[N]=NaN (rms/tap)
  [wread trace step 1000] block 4: j0=0.003428 mean_taps=0.003502 max_taps=0.005203 | w[N-1]=NaN w[N]=NaN (rms/tap)
step 1000/1800 | epoch 2 | loss 5.5472 | 1.4 steps/s
  [wread trace step 1050] block 0: j0=0.003053 mean_taps=0.003135 max_taps=0.011574 | w[N-1]=NaN w[N]=NaN (rms/tap)
  [wread trace step 1050] block 1: j0=0.003719 mean_taps=0.003544 max_taps=0.016273 | w[N-1]=NaN w[N]=NaN (rms/tap)
  [wread trace step 1050] block 2: j0=0.003272 mean_taps=0.003143 max_taps=0.008413 | w[N-1]=NaN w[N]=NaN (rms/tap)
  [wread trace step 1050] block 3: j0=0.003218 mean_taps=0.003246 max_taps=0.006541 | w[N-1]=NaN w[N]=NaN (rms/tap)
  [wread trace step 1050] block 4: j0=0.003343 mean_taps=0.003455 max_taps=0.005261 | w[N-1]=NaN w[N]=NaN (rms/tap)
  [wread trace step 1100] block 0: j0=0.003147 mean_taps=0.003265 max_taps=0.012479 | w[N-1]=NaN w[N]=NaN (rms/tap)
  [wread trace step 1100] block 1: j0=0.003898 mean_taps=0.003687 max_taps=0.017948 | w[N-1]=NaN w[N]=NaN (rms/tap)
  [wread trace step 1100] block 2: j0=0.003281 mean_taps=0.003204 max_taps=0.008909 | w[N-1]=NaN w[N]=NaN (rms/tap)
  [wread trace step 1100] block 3: j0=0.003087 mean_taps=0.003233 max_taps=0.006732 | w[N-1]=NaN w[N]=NaN (rms/tap)
  [wread trace step 1100] block 4: j0=0.003276 mean_taps=0.003440 max_taps=0.005369 | w[N-1]=NaN w[N]=NaN (rms/tap)
  [wread trace step 1150] block 0: j0=0.003301 mean_taps=0.003429 max_taps=0.013656 | w[N-1]=NaN w[N]=NaN (rms/tap)
  [wread trace step 1150] block 1: j0=0.004102 mean_taps=0.003894 max_taps=0.020141 | w[N-1]=NaN w[N]=NaN (rms/tap)
  [wread trace step 1150] block 2: j0=0.003246 mean_taps=0.003248 max_taps=0.009394 | w[N-1]=NaN w[N]=NaN (rms/tap)
  [wread trace step 1150] block 3: j0=0.003099 mean_taps=0.003259 max_taps=0.006959 | w[N-1]=NaN w[N]=NaN (rms/tap)
  [wread trace step 1150] block 4: j0=0.003249 mean_taps=0.003458 max_taps=0.005508 | w[N-1]=NaN w[N]=NaN (rms/tap)
  [wread trace step 1200] block 0: j0=0.003517 mean_taps=0.003649 max_taps=0.015243 | w[N-1]=NaN w[N]=NaN (rms/tap)
  [wread trace step 1200] block 1: j0=0.004319 mean_taps=0.004201 max_taps=0.023641 | w[N-1]=NaN w[N]=NaN (rms/tap)
  [wread trace step 1200] block 2: j0=0.003197 mean_taps=0.003266 max_taps=0.009880 | w[N-1]=NaN w[N]=NaN (rms/tap)
  [wread trace step 1200] block 3: j0=0.003028 mean_taps=0.003216 max_taps=0.007224 | w[N-1]=NaN w[N]=NaN (rms/tap)
  [wread trace step 1200] block 4: j0=0.003150 mean_taps=0.003404 max_taps=0.005599 | w[N-1]=NaN w[N]=NaN (rms/tap)
  [trace step 1250] block 0: fast=177 medium=201 slow=134 | mean_alpha=0.2162 | mean_|grad|=0.000004 (n=250)
  [trace step 1250] block 1: fast=178 medium=199 slow=135 | mean_alpha=0.2162 | mean_|grad|=0.000004 (n=250)
  [trace step 1250] block 2: fast=178 medium=200 slow=134 | mean_alpha=0.2157 | mean_|grad|=0.000003 (n=250)
  [trace step 1250] block 3: fast=178 medium=200 slow=134 | mean_alpha=0.2157 | mean_|grad|=0.000008 (n=250)
  [trace step 1250] block 4: fast=178 medium=200 slow=134 | mean_alpha=0.2157 | mean_|grad|=0.000006 (n=250)
  [wread trace step 1250] block 0: j0=0.003985 mean_taps=0.004065 max_taps=0.017463 | w[N-1]=NaN w[N]=NaN (rms/tap)
  [wread trace step 1250] block 1: j0=0.004749 mean_taps=0.004682 max_taps=0.029589 | w[N-1]=NaN w[N]=NaN (rms/tap)
  [wread trace step 1250] block 2: j0=0.003208 mean_taps=0.003319 max_taps=0.010597 | w[N-1]=NaN w[N]=NaN (rms/tap)
  [wread trace step 1250] block 3: j0=0.002948 mean_taps=0.003151 max_taps=0.007577 | w[N-1]=NaN w[N]=NaN (rms/tap)
  [wread trace step 1250] block 4: j0=0.003052 mean_taps=0.003322 max_taps=0.005505 | w[N-1]=NaN w[N]=NaN (rms/tap)
step 1250/1800 | epoch 2 | loss 5.5439 | 1.4 steps/s
  validation: loss 5.5332 | 7.983 bits/byte
  [wread trace step 1300] block 0: j0=0.004960 mean_taps=0.005077 max_taps=0.021135 | w[N-1]=NaN w[N]=NaN (rms/tap)
  [wread trace step 1300] block 1: j0=0.005190 mean_taps=0.005353 max_taps=0.038239 | w[N-1]=NaN w[N]=NaN (rms/tap)
  [wread trace step 1300] block 2: j0=0.003551 mean_taps=0.003595 max_taps=0.011787 | w[N-1]=NaN w[N]=NaN (rms/tap)
  [wread trace step 1300] block 3: j0=0.003167 mean_taps=0.003290 max_taps=0.008216 | w[N-1]=NaN w[N]=NaN (rms/tap)
  [wread trace step 1300] block 4: j0=0.003235 mean_taps=0.003355 max_taps=0.005764 | w[N-1]=NaN w[N]=NaN (rms/tap)
  [wread trace step 1350] block 0: j0=0.006668 mean_taps=0.006641 max_taps=0.026176 | w[N-1]=NaN w[N]=NaN (rms/tap)
  [wread trace step 1350] block 1: j0=0.005956 mean_taps=0.006620 max_taps=0.051343 | w[N-1]=NaN w[N]=NaN (rms/tap)
  [wread trace step 1350] block 2: j0=0.004250 mean_taps=0.004364 max_taps=0.013259 | w[N-1]=NaN w[N]=NaN (rms/tap)
  [wread trace step 1350] block 3: j0=0.003854 mean_taps=0.003866 max_taps=0.009607 | w[N-1]=NaN w[N]=NaN (rms/tap)
  [wread trace step 1350] block 4: j0=0.004388 mean_taps=0.003704 max_taps=0.006343 | w[N-1]=NaN w[N]=NaN (rms/tap)
  [wread trace step 1400] block 0: j0=0.008143 mean_taps=0.008108 max_taps=0.032366 | w[N-1]=NaN w[N]=NaN (rms/tap)
  [wread trace step 1400] block 1: j0=0.006560 mean_taps=0.007756 max_taps=0.067707 | w[N-1]=NaN w[N]=NaN (rms/tap)
  [wread trace step 1400] block 2: j0=0.004837 mean_taps=0.004932 max_taps=0.014895 | w[N-1]=NaN w[N]=NaN (rms/tap)
  [wread trace step 1400] block 3: j0=0.004419 mean_taps=0.004308 max_taps=0.010648 | w[N-1]=NaN w[N]=NaN (rms/tap)
  [wread trace step 1400] block 4: j0=0.005355 mean_taps=0.004130 max_taps=0.006894 | w[N-1]=NaN w[N]=NaN (rms/tap)
  [wread trace step 1450] block 0: j0=0.011257 mean_taps=0.010463 max_taps=0.040576 | w[N-1]=NaN w[N]=NaN (rms/tap)
  [wread trace step 1450] block 1: j0=0.007812 mean_taps=0.009503 max_taps=0.087684 | w[N-1]=NaN w[N]=NaN (rms/tap)
  [wread trace step 1450] block 2: j0=0.006737 mean_taps=0.006186 max_taps=0.016996 | w[N-1]=NaN w[N]=NaN (rms/tap)
  [wread trace step 1450] block 3: j0=0.006724 mean_taps=0.005444 max_taps=0.012067 | w[N-1]=NaN w[N]=NaN (rms/tap)
  [wread trace step 1450] block 4: j0=0.007461 mean_taps=0.005311 max_taps=0.007236 | w[N-1]=NaN w[N]=NaN (rms/tap)
  [trace step 1500] block 0: fast=177 medium=200 slow=135 | mean_alpha=0.2161 | mean_|grad|=0.000157 (n=250)
  [trace step 1500] block 1: fast=180 medium=196 slow=136 | mean_alpha=0.2159 | mean_|grad|=0.000196 (n=250)
  [trace step 1500] block 2: fast=178 medium=200 slow=134 | mean_alpha=0.2152 | mean_|grad|=0.000023 (n=250)
  [trace step 1500] block 3: fast=178 medium=200 slow=134 | mean_alpha=0.2156 | mean_|grad|=0.000022 (n=250)
  [trace step 1500] block 4: fast=179 medium=199 slow=134 | mean_alpha=0.2158 | mean_|grad|=0.000021 (n=250)
  [wread trace step 1500] block 0: j0=0.014505 mean_taps=0.012708 max_taps=0.046317 | w[N-1]=NaN w[N]=NaN (rms/tap)
  [wread trace step 1500] block 1: j0=0.009168 mean_taps=0.010316 max_taps=0.098524 | w[N-1]=NaN w[N]=NaN (rms/tap)
  [wread trace step 1500] block 2: j0=0.008647 mean_taps=0.006830 max_taps=0.017242 | w[N-1]=NaN w[N]=NaN (rms/tap)
  [wread trace step 1500] block 3: j0=0.010233 mean_taps=0.006467 max_taps=0.011874 | w[N-1]=NaN w[N]=NaN (rms/tap)
  [wread trace step 1500] block 4: j0=0.011051 mean_taps=0.006585 max_taps=0.008421 | w[N-1]=NaN w[N]=NaN (rms/tap)
step 1500/1800 | epoch 2 | loss 5.0937 | 1.2 steps/s
  [wread trace step 1550] block 0: j0=0.016825 mean_taps=0.013393 max_taps=0.047953 | w[N-1]=NaN w[N]=NaN (rms/tap)
  [wread trace step 1550] block 1: j0=0.009317 mean_taps=0.010353 max_taps=0.103564 | w[N-1]=NaN w[N]=NaN (rms/tap)
  [wread trace step 1550] block 2: j0=0.009709 mean_taps=0.006981 max_taps=0.017434 | w[N-1]=NaN w[N]=NaN (rms/tap)
  [wread trace step 1550] block 3: j0=0.012079 mean_taps=0.006981 max_taps=0.011996 | w[N-1]=NaN w[N]=NaN (rms/tap)
  [wread trace step 1550] block 4: j0=0.013760 mean_taps=0.007194 max_taps=0.009581 | w[N-1]=NaN w[N]=NaN (rms/tap)
  [wread trace step 1600] block 0: j0=0.019128 mean_taps=0.013721 max_taps=0.048494 | w[N-1]=NaN w[N]=NaN (rms/tap)
  [wread trace step 1600] block 1: j0=0.009397 mean_taps=0.010393 max_taps=0.107288 | w[N-1]=NaN w[N]=NaN (rms/tap)
  [wread trace step 1600] block 2: j0=0.010278 mean_taps=0.007204 max_taps=0.017807 | w[N-1]=NaN w[N]=NaN (rms/tap)
  [wread trace step 1600] block 3: j0=0.013173 mean_taps=0.007370 max_taps=0.012083 | w[N-1]=NaN w[N]=NaN (rms/tap)
  [wread trace step 1600] block 4: j0=0.015229 mean_taps=0.007718 max_taps=0.010970 | w[N-1]=NaN w[N]=NaN (rms/tap)
  [wread trace step 1650] block 0: j0=0.022684 mean_taps=0.014070 max_taps=0.049526 | w[N-1]=NaN w[N]=NaN (rms/tap)
  [wread trace step 1650] block 1: j0=0.009418 mean_taps=0.010542 max_taps=0.110956 | w[N-1]=NaN w[N]=NaN (rms/tap)
  [wread trace step 1650] block 2: j0=0.010982 mean_taps=0.007520 max_taps=0.017848 | w[N-1]=NaN w[N]=NaN (rms/tap)
  [wread trace step 1650] block 3: j0=0.014329 mean_taps=0.007939 max_taps=0.012051 | w[N-1]=NaN w[N]=NaN (rms/tap)
  [wread trace step 1650] block 4: j0=0.016724 mean_taps=0.008367 max_taps=0.012393 | w[N-1]=NaN w[N]=NaN (rms/tap)
  [wread trace step 1700] block 0: j0=0.031862 mean_taps=0.015104 max_taps=0.052686 | w[N-1]=NaN w[N]=NaN (rms/tap)
  [wread trace step 1700] block 1: j0=0.009782 mean_taps=0.011057 max_taps=0.115768 | w[N-1]=NaN w[N]=NaN (rms/tap)
  [wread trace step 1700] block 2: j0=0.012275 mean_taps=0.008702 max_taps=0.018228 | w[N-1]=NaN w[N]=NaN (rms/tap)
  [wread trace step 1700] block 3: j0=0.016312 mean_taps=0.009542 max_taps=0.014513 | w[N-1]=NaN w[N]=NaN (rms/tap)
  [wread trace step 1700] block 4: j0=0.019239 mean_taps=0.010078 max_taps=0.016055 | w[N-1]=NaN w[N]=NaN (rms/tap)
  [trace step 1750] block 0: fast=175 medium=201 slow=136 | mean_alpha=0.2185 | mean_|grad|=0.000759 (n=250)
  [trace step 1750] block 1: fast=181 medium=195 slow=136 | mean_alpha=0.2153 | mean_|grad|=0.000353 (n=250)
  [trace step 1750] block 2: fast=179 medium=199 slow=134 | mean_alpha=0.2148 | mean_|grad|=0.000061 (n=250)
  [trace step 1750] block 3: fast=177 medium=202 slow=133 | mean_alpha=0.2147 | mean_|grad|=0.000063 (n=250)
  [trace step 1750] block 4: fast=179 medium=200 slow=133 | mean_alpha=0.2144 | mean_|grad|=0.000047 (n=250)
  [wread trace step 1750] block 0: j0=0.036881 mean_taps=0.016445 max_taps=0.057943 | w[N-1]=NaN w[N]=NaN (rms/tap)
  [wread trace step 1750] block 1: j0=0.010101 mean_taps=0.011550 max_taps=0.121025 | w[N-1]=NaN w[N]=NaN (rms/tap)
  [wread trace step 1750] block 2: j0=0.015057 mean_taps=0.010128 max_taps=0.018478 | w[N-1]=NaN w[N]=NaN (rms/tap)
  [wread trace step 1750] block 3: j0=0.018705 mean_taps=0.012524 max_taps=0.019583 | w[N-1]=NaN w[N]=NaN (rms/tap)
  [wread trace step 1750] block 4: j0=0.021991 mean_taps=0.013992 max_taps=0.022242 | w[N-1]=NaN w[N]=NaN (rms/tap)
step 1750/1800 | epoch 2 | loss 3.2868 | 1.4 steps/s
  [wread trace step 1800] block 0: j0=0.039704 mean_taps=0.017319 max_taps=0.062456 | w[N-1]=NaN w[N]=NaN (rms/tap)
  [wread trace step 1800] block 1: j0=0.010596 mean_taps=0.012213 max_taps=0.125401 | w[N-1]=NaN w[N]=NaN (rms/tap)
  [wread trace step 1800] block 2: j0=0.018120 mean_taps=0.011843 max_taps=0.019096 | w[N-1]=NaN w[N]=NaN (rms/tap)
  [wread trace step 1800] block 3: j0=0.020970 mean_taps=0.015619 max_taps=0.024035 | w[N-1]=NaN w[N]=NaN (rms/tap)
  [wread trace step 1800] block 4: j0=0.023760 mean_taps=0.018721 max_taps=0.028560 | w[N-1]=NaN w[N]=NaN (rms/tap)
eva: process memory peak 472.2 MB

-- what holds the training memory --
  parameters                53.6 MB   (unavoidable)
  AdamW state              107.3 MB   (unavoidable today)
  GRAPH, own peak           15.0 MB
  live nodes, peak           119
  graph alive now            0.0 MB   (0 if everything was freed)
  GRADIENT MAP              53.6 MB   <- a new Vec per tensor, every step

-- who holds, accumulated over the whole training run --
  clockmem_readwin_inj   19018.8 MB in    9500 nodes     67%
  sigmoid             9518.6 MB in   19000 nodes     33%
  gather                 7.5 MB in    1900 nodes      0%
  ce                     7.4 MB in    1900 nodes      0%
  add                    2.8 MB in   66500 nodes      0%
  matmul                 1.6 MB in   68400 nodes      0%
  rms_norm               0.6 MB in   30400 nodes      0%
  mul                    0.4 MB in    9500 nodes      0%
  parameter copies from a shared Arc: 0  (has to be 0)
eva: FINAL VALIDATION loss 4.7298 | 6.824 bits/byte (100 windows, arch clock)
eva: rule 'all' | 1800 forward, 1800 backward (100% learned)
eva: training finished in 1328.0s, weights in 16m5b_N256_T1_win257_r1b.weights
