eva: dataset 512001 bytes, 1000 windows, 13413381 params
eva: 900 windows to train on, 100 to validate
eva: alpha/gradient TRACE ACTIVE (EVA_ALPHA_TRACE)
eva: wread TRACE ACTIVE (EVA_WREAD_TRACE)
[eva] matmul on GPU: NVIDIA GeForce GTX 1650
  [r2c trace step 50] block 0: z mean=0.0011 s mean=0.5253 min=0.5228 max=0.5271 closed=0/512 open=0/512 | mean|s*read|=0.112685 | mean|g| ar=2.74e-4 ib=2.41e-4 z=1.24e-4 (n=50)
  [r2c trace step 50] block 1: z mean=0.0009 s mean=0.5252 min=0.5236 max=0.5269 closed=0/512 open=0/512 | mean|s*read|=0.112631 | mean|g| ar=1.85e-4 ib=1.56e-4 z=1.19e-4 (n=50)
  [r2c trace step 50] block 2: z mean=0.0008 s mean=0.5252 min=0.5235 max=0.5270 closed=0/512 open=0/512 | mean|s*read|=0.112065 | mean|g| ar=1.43e-4 ib=1.21e-4 z=7.09e-5 (n=50)
  [r2c trace step 50] block 3: z mean=0.0007 s mean=0.5252 min=0.5231 max=0.5270 closed=0/512 open=0/512 | mean|s*read|=0.112467 | mean|g| ar=1.22e-4 ib=1.05e-4 z=5.25e-5 (n=50)
  [r2c trace step 50] block 4: z mean=0.0005 s mean=0.5251 min=0.5237 max=0.5270 closed=0/512 open=0/512 | mean|s*read|=0.112609 | mean|g| ar=1.11e-4 ib=9.32e-5 z=3.20e-5 (n=50)
  [r2c trace step 100] block 0: z mean=0.0060 s mean=0.5264 min=0.5226 max=0.5303 closed=0/512 open=0/512 | mean|s*read|=0.118976 | mean|g| ar=2.79e-4 ib=2.77e-4 z=8.61e-5 (n=50)
  [r2c trace step 100] block 1: z mean=0.0044 s mean=0.5260 min=0.5232 max=0.5290 closed=0/512 open=0/512 | mean|s*read|=0.117399 | mean|g| ar=1.86e-4 ib=1.66e-4 z=8.03e-5 (n=50)
  [r2c trace step 100] block 2: z mean=0.0040 s mean=0.5259 min=0.5236 max=0.5294 closed=0/512 open=0/512 | mean|s*read|=0.117200 | mean|g| ar=1.47e-4 ib=1.28e-4 z=4.15e-5 (n=50)
  [r2c trace step 100] block 3: z mean=0.0033 s mean=0.5258 min=0.5226 max=0.5286 closed=0/512 open=0/512 | mean|s*read|=0.117144 | mean|g| ar=1.24e-4 ib=1.11e-4 z=4.27e-5 (n=50)
  [r2c trace step 100] block 4: z mean=0.0031 s mean=0.5257 min=0.5233 max=0.5289 closed=0/512 open=0/512 | mean|s*read|=0.117216 | mean|g| ar=1.14e-4 ib=9.98e-5 z=4.11e-5 (n=50)
  [r2c trace step 150] block 0: z mean=0.0157 s mean=0.5287 min=0.5219 max=0.5363 closed=0/512 open=0/512 | mean|s*read|=0.132718 | mean|g| ar=2.98e-4 ib=3.88e-4 z=8.32e-5 (n=50)
  [r2c trace step 150] block 1: z mean=0.0129 s mean=0.5281 min=0.5241 max=0.5334 closed=0/512 open=0/512 | mean|s*read|=0.138652 | mean|g| ar=2.07e-4 ib=2.24e-4 z=6.13e-5 (n=50)
  [r2c trace step 150] block 2: z mean=0.0129 s mean=0.5281 min=0.5236 max=0.5329 closed=0/512 open=0/512 | mean|s*read|=0.163596 | mean|g| ar=1.96e-4 ib=2.07e-4 z=4.24e-5 (n=50)
  [r2c trace step 150] block 3: z mean=0.0119 s mean=0.5278 min=0.5235 max=0.5342 closed=0/512 open=0/512 | mean|s*read|=0.171295 | mean|g| ar=1.73e-4 ib=1.84e-4 z=4.11e-5 (n=50)
  [r2c trace step 150] block 4: z mean=0.0124 s mean=0.5279 min=0.5230 max=0.5338 closed=0/512 open=0/512 | mean|s*read|=0.167763 | mean|g| ar=1.60e-4 ib=1.65e-4 z=2.79e-5 (n=50)
  [r2c trace step 200] block 0: z mean=0.0260 s mean=0.5312 min=0.5206 max=0.5411 closed=0/512 open=0/512 | mean|s*read|=0.164784 | mean|g| ar=3.01e-4 ib=3.75e-4 z=5.58e-5 (n=50)
  [r2c trace step 200] block 1: z mean=0.0231 s mean=0.5305 min=0.5242 max=0.5383 closed=0/512 open=0/512 | mean|s*read|=0.288335 | mean|g| ar=3.27e-4 ib=3.12e-4 z=3.41e-5 (n=50)
  [r2c trace step 200] block 2: z mean=0.0240 s mean=0.5307 min=0.5236 max=0.5379 closed=0/512 open=0/512 | mean|s*read|=0.462341 | mean|g| ar=4.33e-4 ib=3.93e-4 z=1.46e-5 (n=50)
  [r2c trace step 200] block 3: z mean=0.0236 s mean=0.5306 min=0.5236 max=0.5381 closed=0/512 open=0/512 | mean|s*read|=0.531981 | mean|g| ar=4.33e-4 ib=3.85e-4 z=1.40e-5 (n=50)
  [r2c trace step 200] block 4: z mean=0.0252 s mean=0.5310 min=0.5232 max=0.5385 closed=0/512 open=0/512 | mean|s*read|=0.565957 | mean|g| ar=4.00e-4 ib=3.48e-4 z=1.28e-5 (n=50)
  [trace step 250] block 0: fast=177 medium=201 slow=134 | mean_alpha=0.2154 | mean_|grad|=0.000057 (n=250)
  [trace step 250] block 1: fast=178 medium=200 slow=134 | mean_alpha=0.2152 | mean_|grad|=0.000039 (n=250)
  [trace step 250] block 2: fast=178 medium=200 slow=134 | mean_alpha=0.2151 | mean_|grad|=0.000034 (n=250)
  [trace step 250] block 3: fast=180 medium=198 slow=134 | mean_alpha=0.2151 | mean_|grad|=0.000031 (n=250)
  [trace step 250] block 4: fast=179 medium=199 slow=134 | mean_alpha=0.2151 | mean_|grad|=0.000037 (n=250)
  [r2c trace step 250] block 0: z mean=0.0276 s mean=0.5316 min=0.5205 max=0.5418 closed=0/512 open=0/512 | mean|s*read|=0.188435 | mean|g| ar=7.89e-5 ib=7.91e-5 z=9.53e-6 (n=50)
  [r2c trace step 250] block 1: z mean=0.0248 s mean=0.5309 min=0.5241 max=0.5390 closed=0/512 open=0/512 | mean|s*read|=0.403894 | mean|g| ar=9.29e-5 ib=7.82e-5 z=4.20e-6 (n=50)
  [r2c trace step 250] block 2: z mean=0.0260 s mean=0.5312 min=0.5234 max=0.5386 closed=0/512 open=0/512 | mean|s*read|=0.665189 | mean|g| ar=1.25e-4 ib=1.00e-4 z=1.54e-6 (n=50)
  [r2c trace step 250] block 3: z mean=0.0255 s mean=0.5311 min=0.5236 max=0.5384 closed=0/512 open=0/512 | mean|s*read|=0.799305 | mean|g| ar=1.25e-4 ib=9.64e-5 z=1.66e-6 (n=50)
  [r2c trace step 250] block 4: z mean=0.0268 s mean=0.5314 min=0.5231 max=0.5389 closed=0/512 open=0/512 | mean|s*read|=0.887947 | mean|g| ar=1.18e-4 ib=8.54e-5 z=2.36e-6 (n=50)
step 250/1800 | epoch 1 | loss 4.1297 | 1.4 steps/s
  [r2c trace step 300] block 0: z mean=0.0279 s mean=0.5316 min=0.5204 max=0.5418 closed=0/512 open=0/512 | mean|s*read|=0.192406 | mean|g| ar=4.51e-5 ib=4.12e-5 z=5.03e-6 (n=50)
  [r2c trace step 300] block 1: z mean=0.0252 s mean=0.5310 min=0.5241 max=0.5390 closed=0/512 open=0/512 | mean|s*read|=0.426599 | mean|g| ar=5.27e-5 ib=4.33e-5 z=1.77e-6 (n=50)
  [r2c trace step 300] block 2: z mean=0.0265 s mean=0.5313 min=0.5233 max=0.5391 closed=0/512 open=0/512 | mean|s*read|=0.715792 | mean|g| ar=6.92e-5 ib=5.42e-5 z=8.32e-7 (n=50)
  [r2c trace step 300] block 3: z mean=0.0260 s mean=0.5312 min=0.5236 max=0.5385 closed=0/512 open=0/512 | mean|s*read|=0.866927 | mean|g| ar=6.85e-5 ib=5.23e-5 z=9.21e-7 (n=50)
  [r2c trace step 300] block 4: z mean=0.0271 s mean=0.5314 min=0.5229 max=0.5391 closed=0/512 open=0/512 | mean|s*read|=0.955237 | mean|g| ar=6.21e-5 ib=4.45e-5 z=1.53e-6 (n=50)
  [r2c trace step 350] block 0: z mean=0.0281 s mean=0.5317 min=0.5204 max=0.5419 closed=0/512 open=0/512 | mean|s*read|=0.193462 | mean|g| ar=3.97e-5 ib=3.52e-5 z=3.66e-6 (n=50)
  [r2c trace step 350] block 1: z mean=0.0255 s mean=0.5311 min=0.5240 max=0.5390 closed=0/512 open=0/512 | mean|s*read|=0.434539 | mean|g| ar=4.67e-5 ib=3.77e-5 z=1.51e-6 (n=50)
  [r2c trace step 350] block 2: z mean=0.0269 s mean=0.5314 min=0.5233 max=0.5392 closed=0/512 open=0/512 | mean|s*read|=0.737572 | mean|g| ar=6.15e-5 ib=4.77e-5 z=8.65e-7 (n=50)
  [r2c trace step 350] block 3: z mean=0.0264 s mean=0.5313 min=0.5237 max=0.5387 closed=0/512 open=0/512 | mean|s*read|=0.878589 | mean|g| ar=5.92e-5 ib=4.50e-5 z=7.57e-7 (n=50)
  [r2c trace step 350] block 4: z mean=0.0272 s mean=0.5315 min=0.5208 max=0.5392 closed=0/512 open=0/512 | mean|s*read|=0.965567 | mean|g| ar=5.16e-5 ib=3.63e-5 z=8.43e-7 (n=50)
  [r2c trace step 400] block 0: z mean=0.0282 s mean=0.5317 min=0.5204 max=0.5419 closed=0/512 open=0/512 | mean|s*read|=0.193854 | mean|g| ar=3.88e-5 ib=3.35e-5 z=4.51e-6 (n=50)
  [r2c trace step 400] block 1: z mean=0.0258 s mean=0.5311 min=0.5240 max=0.5389 closed=0/512 open=0/512 | mean|s*read|=0.441503 | mean|g| ar=4.56e-5 ib=3.70e-5 z=1.34e-6 (n=50)
  [r2c trace step 400] block 2: z mean=0.0272 s mean=0.5314 min=0.5233 max=0.5394 closed=0/512 open=0/512 | mean|s*read|=0.747099 | mean|g| ar=6.00e-5 ib=4.63e-5 z=6.06e-7 (n=50)
  [r2c trace step 400] block 3: z mean=0.0267 s mean=0.5313 min=0.5237 max=0.5387 closed=0/512 open=0/512 | mean|s*read|=0.890945 | mean|g| ar=5.86e-5 ib=4.41e-5 z=7.42e-7 (n=50)
  [r2c trace step 400] block 4: z mean=0.0273 s mean=0.5315 min=0.5187 max=0.5392 closed=0/512 open=0/512 | mean|s*read|=0.959082 | mean|g| ar=5.05e-5 ib=3.51e-5 z=1.00e-6 (n=50)
  [r2c trace step 450] block 0: z mean=0.0283 s mean=0.5317 min=0.5204 max=0.5420 closed=0/512 open=0/512 | mean|s*read|=0.194575 | mean|g| ar=3.75e-5 ib=3.22e-5 z=3.66e-6 (n=50)
  [r2c trace step 450] block 1: z mean=0.0260 s mean=0.5312 min=0.5240 max=0.5391 closed=0/512 open=0/512 | mean|s*read|=0.446840 | mean|g| ar=4.44e-5 ib=3.58e-5 z=1.52e-6 (n=50)
  [r2c trace step 450] block 2: z mean=0.0274 s mean=0.5315 min=0.5233 max=0.5395 closed=0/512 open=0/512 | mean|s*read|=0.748375 | mean|g| ar=5.71e-5 ib=4.47e-5 z=5.17e-7 (n=50)
  [r2c trace step 450] block 3: z mean=0.0269 s mean=0.5314 min=0.5237 max=0.5387 closed=0/512 open=0/512 | mean|s*read|=0.891860 | mean|g| ar=5.56e-5 ib=4.19e-5 z=5.49e-7 (n=50)
  [r2c trace step 450] block 4: z mean=0.0274 s mean=0.5315 min=0.5167 max=0.5392 closed=0/512 open=0/512 | mean|s*read|=0.938056 | mean|g| ar=4.59e-5 ib=3.26e-5 z=1.01e-6 (n=50)
  [trace step 500] block 0: fast=177 medium=201 slow=134 | mean_alpha=0.2153 | mean_|grad|=0.000010 (n=250)
  [trace step 500] block 1: fast=178 medium=200 slow=134 | mean_alpha=0.2153 | mean_|grad|=0.000008 (n=250)
  [trace step 500] block 2: fast=177 medium=201 slow=134 | mean_alpha=0.2151 | mean_|grad|=0.000008 (n=250)
  [trace step 500] block 3: fast=179 medium=199 slow=134 | mean_alpha=0.2151 | mean_|grad|=0.000008 (n=250)
  [trace step 500] block 4: fast=179 medium=199 slow=134 | mean_alpha=0.2151 | mean_|grad|=0.000019 (n=250)
  [r2c trace step 500] block 0: z mean=0.0284 s mean=0.5317 min=0.5204 max=0.5419 closed=0/512 open=0/512 | mean|s*read|=0.194931 | mean|g| ar=3.78e-5 ib=3.17e-5 z=4.50e-6 (n=50)
  [r2c trace step 500] block 1: z mean=0.0261 s mean=0.5312 min=0.5240 max=0.5393 closed=0/512 open=0/512 | mean|s*read|=0.445743 | mean|g| ar=4.45e-5 ib=3.55e-5 z=1.25e-6 (n=50)
  [r2c trace step 500] block 2: z mean=0.0275 s mean=0.5315 min=0.5233 max=0.5396 closed=0/512 open=0/512 | mean|s*read|=0.737714 | mean|g| ar=5.67e-5 ib=4.38e-5 z=9.24e-7 (n=50)
  [r2c trace step 500] block 3: z mean=0.0270 s mean=0.5314 min=0.5237 max=0.5388 closed=0/512 open=0/512 | mean|s*read|=0.886285 | mean|g| ar=5.45e-5 ib=4.09e-5 z=5.01e-7 (n=50)
  [r2c trace step 500] block 4: z mean=0.0274 s mean=0.5315 min=0.5151 max=0.5392 closed=0/512 open=0/512 | mean|s*read|=0.919765 | mean|g| ar=4.41e-5 ib=3.12e-5 z=1.08e-6 (n=50)
step 500/1800 | epoch 1 | loss 1.4293 | 1.4 steps/s
  [r2c trace step 550] block 0: z mean=0.0285 s mean=0.5318 min=0.5203 max=0.5420 closed=0/512 open=0/512 | mean|s*read|=0.195163 | mean|g| ar=3.56e-5 ib=3.02e-5 z=3.25e-6 (n=50)
  [r2c trace step 550] block 1: z mean=0.0263 s mean=0.5312 min=0.5240 max=0.5393 closed=0/512 open=0/512 | mean|s*read|=0.448328 | mean|g| ar=4.32e-5 ib=3.43e-5 z=1.35e-6 (n=50)
  [r2c trace step 550] block 2: z mean=0.0277 s mean=0.5316 min=0.5233 max=0.5397 closed=0/512 open=0/512 | mean|s*read|=0.740852 | mean|g| ar=5.50e-5 ib=4.21e-5 z=9.69e-7 (n=50)
  [r2c trace step 550] block 3: z mean=0.0272 s mean=0.5314 min=0.5237 max=0.5390 closed=0/512 open=0/512 | mean|s*read|=0.885235 | mean|g| ar=5.29e-5 ib=3.99e-5 z=7.23e-7 (n=50)
  [r2c trace step 550] block 4: z mean=0.0275 s mean=0.5315 min=0.5136 max=0.5392 closed=0/512 open=0/512 | mean|s*read|=0.907890 | mean|g| ar=4.18e-5 ib=2.96e-5 z=1.28e-6 (n=50)
  [r2c trace step 600] block 0: z mean=0.0285 s mean=0.5318 min=0.5203 max=0.5420 closed=0/512 open=0/512 | mean|s*read|=0.195187 | mean|g| ar=3.56e-5 ib=3.09e-5 z=3.45e-6 (n=50)
  [r2c trace step 600] block 1: z mean=0.0264 s mean=0.5313 min=0.5240 max=0.5395 closed=0/512 open=0/512 | mean|s*read|=0.448135 | mean|g| ar=4.21e-5 ib=3.40e-5 z=1.64e-6 (n=50)
  [r2c trace step 600] block 2: z mean=0.0279 s mean=0.5316 min=0.5234 max=0.5396 closed=0/512 open=0/512 | mean|s*read|=0.740951 | mean|g| ar=5.46e-5 ib=4.18e-5 z=7.30e-7 (n=50)
  [r2c trace step 600] block 3: z mean=0.0273 s mean=0.5315 min=0.5237 max=0.5390 closed=0/512 open=0/512 | mean|s*read|=0.869009 | mean|g| ar=5.05e-5 ib=3.82e-5 z=6.26e-7 (n=50)
  [r2c trace step 600] block 4: z mean=0.0275 s mean=0.5315 min=0.5122 max=0.5393 closed=0/512 open=0/512 | mean|s*read|=0.888744 | mean|g| ar=3.88e-5 ib=2.87e-5 z=7.77e-7 (n=50)
  [r2c trace step 650] block 0: z mean=0.0286 s mean=0.5318 min=0.5203 max=0.5420 closed=0/512 open=0/512 | mean|s*read|=0.195355 | mean|g| ar=3.59e-5 ib=3.07e-5 z=3.57e-6 (n=50)
  [r2c trace step 650] block 1: z mean=0.0265 s mean=0.5313 min=0.5240 max=0.5394 closed=0/512 open=0/512 | mean|s*read|=0.445697 | mean|g| ar=4.12e-5 ib=3.38e-5 z=1.47e-6 (n=50)
  [r2c trace step 650] block 2: z mean=0.0280 s mean=0.5316 min=0.5234 max=0.5398 closed=0/512 open=0/512 | mean|s*read|=0.729070 | mean|g| ar=5.27e-5 ib=4.07e-5 z=6.94e-7 (n=50)
  [r2c trace step 650] block 3: z mean=0.0274 s mean=0.5315 min=0.5237 max=0.5390 closed=0/512 open=0/512 | mean|s*read|=0.860143 | mean|g| ar=4.86e-5 ib=3.66e-5 z=7.02e-7 (n=50)
  [r2c trace step 650] block 4: z mean=0.0275 s mean=0.5315 min=0.5107 max=0.5392 closed=0/512 open=0/512 | mean|s*read|=0.875053 | mean|g| ar=3.85e-5 ib=2.77e-5 z=8.19e-7 (n=50)
  [r2c trace step 700] block 0: z mean=0.0287 s mean=0.5318 min=0.5203 max=0.5421 closed=0/512 open=0/512 | mean|s*read|=0.195887 | mean|g| ar=3.52e-5 ib=2.99e-5 z=3.44e-6 (n=50)
  [r2c trace step 700] block 1: z mean=0.0266 s mean=0.5313 min=0.5240 max=0.5395 closed=0/512 open=0/512 | mean|s*read|=0.443591 | mean|g| ar=4.11e-5 ib=3.29e-5 z=1.46e-6 (n=50)
  [r2c trace step 700] block 2: z mean=0.0281 s mean=0.5317 min=0.5233 max=0.5398 closed=0/512 open=0/512 | mean|s*read|=0.722113 | mean|g| ar=5.12e-5 ib=3.98e-5 z=6.44e-7 (n=50)
  [r2c trace step 700] block 3: z mean=0.0275 s mean=0.5315 min=0.5237 max=0.5390 closed=0/512 open=0/512 | mean|s*read|=0.842469 | mean|g| ar=4.63e-5 ib=3.56e-5 z=7.82e-7 (n=50)
  [r2c trace step 700] block 4: z mean=0.0275 s mean=0.5315 min=0.5096 max=0.5393 closed=0/512 open=0/512 | mean|s*read|=0.858492 | mean|g| ar=3.57e-5 ib=2.62e-5 z=8.26e-7 (n=50)
  [trace step 750] block 0: fast=177 medium=201 slow=134 | mean_alpha=0.2154 | mean_|grad|=0.000007 (n=250)
  [trace step 750] block 1: fast=178 medium=200 slow=134 | mean_alpha=0.2153 | mean_|grad|=0.000006 (n=250)
  [trace step 750] block 2: fast=177 medium=201 slow=134 | mean_alpha=0.2151 | mean_|grad|=0.000007 (n=250)
  [trace step 750] block 3: fast=178 medium=200 slow=134 | mean_alpha=0.2151 | mean_|grad|=0.000006 (n=250)
  [trace step 750] block 4: fast=178 medium=200 slow=134 | mean_alpha=0.2151 | mean_|grad|=0.000014 (n=250)
  [r2c trace step 750] block 0: z mean=0.0288 s mean=0.5318 min=0.5202 max=0.5421 closed=0/512 open=0/512 | mean|s*read|=0.196114 | mean|g| ar=3.68e-5 ib=3.16e-5 z=3.08e-6 (n=50)
  [r2c trace step 750] block 1: z mean=0.0267 s mean=0.5313 min=0.5241 max=0.5397 closed=0/512 open=0/512 | mean|s*read|=0.440014 | mean|g| ar=4.14e-5 ib=3.33e-5 z=1.35e-6 (n=50)
  [r2c trace step 750] block 2: z mean=0.0283 s mean=0.5317 min=0.5234 max=0.5399 closed=0/512 open=0/512 | mean|s*read|=0.699900 | mean|g| ar=5.06e-5 ib=3.89e-5 z=8.09e-7 (n=50)
  [r2c trace step 750] block 3: z mean=0.0276 s mean=0.5316 min=0.5237 max=0.5392 closed=0/512 open=0/512 | mean|s*read|=0.818323 | mean|g| ar=4.60e-5 ib=3.50e-5 z=5.89e-7 (n=50)
  [r2c trace step 750] block 4: z mean=0.0275 s mean=0.5315 min=0.5087 max=0.5392 closed=0/512 open=0/512 | mean|s*read|=0.822792 | mean|g| ar=3.48e-5 ib=2.51e-5 z=7.55e-7 (n=50)
step 750/1800 | epoch 1 | loss 1.4176 | 1.4 steps/s
  [r2c trace step 800] block 0: z mean=0.0288 s mean=0.5318 min=0.5202 max=0.5422 closed=0/512 open=0/512 | mean|s*read|=0.196023 | mean|g| ar=3.63e-5 ib=3.10e-5 z=3.71e-6 (n=50)
  [r2c trace step 800] block 1: z mean=0.0268 s mean=0.5314 min=0.5241 max=0.5396 closed=0/512 open=0/512 | mean|s*read|=0.433363 | mean|g| ar=4.01e-5 ib=3.24e-5 z=1.45e-6 (n=50)
  [r2c trace step 800] block 2: z mean=0.0283 s mean=0.5317 min=0.5234 max=0.5400 closed=0/512 open=0/512 | mean|s*read|=0.712053 | mean|g| ar=5.02e-5 ib=3.95e-5 z=9.46e-7 (n=50)
  [r2c trace step 800] block 3: z mean=0.0277 s mean=0.5316 min=0.5237 max=0.5390 closed=0/512 open=0/512 | mean|s*read|=0.816900 | mean|g| ar=4.64e-5 ib=3.47e-5 z=6.13e-7 (n=50)
  [r2c trace step 800] block 4: z mean=0.0276 s mean=0.5315 min=0.5077 max=0.5393 closed=0/512 open=0/512 | mean|s*read|=0.815731 | mean|g| ar=3.48e-5 ib=2.49e-5 z=7.57e-7 (n=50)
  [r2c trace step 850] block 0: z mean=0.0289 s mean=0.5319 min=0.5202 max=0.5425 closed=0/512 open=0/512 | mean|s*read|=0.196218 | mean|g| ar=3.66e-5 ib=3.08e-5 z=4.23e-6 (n=50)
  [r2c trace step 850] block 1: z mean=0.0270 s mean=0.5314 min=0.5241 max=0.5398 closed=0/512 open=0/512 | mean|s*read|=0.430333 | mean|g| ar=4.02e-5 ib=3.26e-5 z=1.85e-6 (n=50)
  [r2c trace step 850] block 2: z mean=0.0284 s mean=0.5317 min=0.5234 max=0.5402 closed=0/512 open=0/512 | mean|s*read|=0.680411 | mean|g| ar=4.93e-5 ib=3.81e-5 z=8.56e-7 (n=50)
  [r2c trace step 850] block 3: z mean=0.0278 s mean=0.5316 min=0.5237 max=0.5390 closed=0/512 open=0/512 | mean|s*read|=0.777687 | mean|g| ar=4.41e-5 ib=3.36e-5 z=5.71e-7 (n=50)
  [r2c trace step 850] block 4: z mean=0.0276 s mean=0.5315 min=0.5066 max=0.5392 closed=0/512 open=0/512 | mean|s*read|=0.772510 | mean|g| ar=3.21e-5 ib=2.37e-5 z=8.94e-7 (n=50)
  [r2c trace step 900] block 0: z mean=0.0289 s mean=0.5319 min=0.5201 max=0.5424 closed=0/512 open=0/512 | mean|s*read|=0.196108 | mean|g| ar=3.59e-5 ib=3.02e-5 z=4.22e-6 (n=50)
  [r2c trace step 900] block 1: z mean=0.0270 s mean=0.5314 min=0.5241 max=0.5400 closed=0/512 open=0/512 | mean|s*read|=0.434375 | mean|g| ar=4.00e-5 ib=3.27e-5 z=1.72e-6 (n=50)
  [r2c trace step 900] block 2: z mean=0.0285 s mean=0.5318 min=0.5235 max=0.5408 closed=0/512 open=0/512 | mean|s*read|=0.694028 | mean|g| ar=4.85e-5 ib=3.80e-5 z=9.10e-7 (n=50)
  [r2c trace step 900] block 3: z mean=0.0279 s mean=0.5316 min=0.5238 max=0.5390 closed=0/512 open=0/512 | mean|s*read|=0.789208 | mean|g| ar=4.33e-5 ib=3.25e-5 z=6.65e-7 (n=50)
  [r2c trace step 900] block 4: z mean=0.0276 s mean=0.5316 min=0.5055 max=0.5391 closed=0/512 open=0/512 | mean|s*read|=0.792395 | mean|g| ar=3.28e-5 ib=2.40e-5 z=5.27e-7 (n=50)
  [r2c trace step 950] block 0: z mean=0.0290 s mean=0.5319 min=0.5201 max=0.5423 closed=0/512 open=0/512 | mean|s*read|=0.196227 | mean|g| ar=3.48e-5 ib=3.00e-5 z=3.40e-6 (n=50)
  [r2c trace step 950] block 1: z mean=0.0271 s mean=0.5314 min=0.5240 max=0.5399 closed=0/512 open=0/512 | mean|s*read|=0.425988 | mean|g| ar=3.82e-5 ib=3.10e-5 z=1.71e-6 (n=50)
  [r2c trace step 950] block 2: z mean=0.0285 s mean=0.5318 min=0.5234 max=0.5407 closed=0/512 open=0/512 | mean|s*read|=0.651591 | mean|g| ar=4.44e-5 ib=3.40e-5 z=7.38e-7 (n=50)
  [r2c trace step 950] block 3: z mean=0.0280 s mean=0.5316 min=0.5238 max=0.5392 closed=0/512 open=0/512 | mean|s*read|=0.728683 | mean|g| ar=3.86e-5 ib=2.88e-5 z=7.67e-7 (n=50)
  [r2c trace step 950] block 4: z mean=0.0277 s mean=0.5316 min=0.5046 max=0.5392 closed=0/512 open=0/512 | mean|s*read|=0.738939 | mean|g| ar=2.79e-5 ib=1.99e-5 z=6.42e-7 (n=50)
  [trace step 1000] block 0: fast=177 medium=201 slow=134 | mean_alpha=0.2154 | mean_|grad|=0.000009 (n=250)
  [trace step 1000] block 1: fast=178 medium=200 slow=134 | mean_alpha=0.2153 | mean_|grad|=0.000008 (n=250)
  [trace step 1000] block 2: fast=178 medium=200 slow=134 | mean_alpha=0.2151 | mean_|grad|=0.000007 (n=250)
  [trace step 1000] block 3: fast=177 medium=201 slow=134 | mean_alpha=0.2151 | mean_|grad|=0.000007 (n=250)
  [trace step 1000] block 4: fast=177 medium=201 slow=134 | mean_alpha=0.2151 | mean_|grad|=0.000015 (n=250)
  [r2c trace step 1000] block 0: z mean=0.0292 s mean=0.5319 min=0.5201 max=0.5421 closed=0/512 open=0/512 | mean|s*read|=0.195757 | mean|g| ar=3.84e-5 ib=3.34e-5 z=4.11e-6 (n=50)
  [r2c trace step 1000] block 1: z mean=0.0273 s mean=0.5315 min=0.5240 max=0.5401 closed=0/512 open=0/512 | mean|s*read|=0.390839 | mean|g| ar=3.85e-5 ib=3.23e-5 z=1.70e-6 (n=50)
  [r2c trace step 1000] block 2: z mean=0.0286 s mean=0.5318 min=0.5236 max=0.5408 closed=0/512 open=0/512 | mean|s*read|=0.570506 | mean|g| ar=4.16e-5 ib=3.35e-5 z=9.61e-7 (n=50)
  [r2c trace step 1000] block 3: z mean=0.0281 s mean=0.5317 min=0.5238 max=0.5394 closed=0/512 open=0/512 | mean|s*read|=0.603260 | mean|g| ar=3.32e-5 ib=2.64e-5 z=1.14e-6 (n=50)
  [r2c trace step 1000] block 4: z mean=0.0279 s mean=0.5316 min=0.5046 max=0.5394 closed=0/512 open=0/512 | mean|s*read|=0.587542 | mean|g| ar=2.41e-5 ib=1.86e-5 z=6.88e-7 (n=50)
step 1000/1800 | epoch 2 | loss 1.4076 | 1.5 steps/s
  [r2c trace step 1050] block 0: z mean=0.0294 s mean=0.5320 min=0.5201 max=0.5423 closed=0/512 open=0/512 | mean|s*read|=0.196149 | mean|g| ar=4.18e-5 ib=3.65e-5 z=5.29e-6 (n=50)
  [r2c trace step 1050] block 1: z mean=0.0277 s mean=0.5316 min=0.5240 max=0.5403 closed=0/512 open=0/512 | mean|s*read|=0.364732 | mean|g| ar=3.84e-5 ib=3.27e-5 z=2.03e-6 (n=50)
  [r2c trace step 1050] block 2: z mean=0.0289 s mean=0.5319 min=0.5236 max=0.5412 closed=0/512 open=0/512 | mean|s*read|=0.536493 | mean|g| ar=4.05e-5 ib=3.34e-5 z=1.76e-6 (n=50)
  [r2c trace step 1050] block 3: z mean=0.0283 s mean=0.5317 min=0.5238 max=0.5392 closed=0/512 open=0/512 | mean|s*read|=0.591974 | mean|g| ar=3.46e-5 ib=2.76e-5 z=1.07e-6 (n=50)
  [r2c trace step 1050] block 4: z mean=0.0280 s mean=0.5317 min=0.5046 max=0.5395 closed=0/512 open=0/512 | mean|s*read|=0.585256 | mean|g| ar=2.61e-5 ib=1.98e-5 z=7.66e-7 (n=50)
  [r2c trace step 1100] block 0: z mean=0.0296 s mean=0.5320 min=0.5202 max=0.5424 closed=0/512 open=0/512 | mean|s*read|=0.196272 | mean|g| ar=4.26e-5 ib=3.66e-5 z=5.24e-6 (n=50)
  [r2c trace step 1100] block 1: z mean=0.0280 s mean=0.5316 min=0.5239 max=0.5407 closed=0/512 open=0/512 | mean|s*read|=0.362410 | mean|g| ar=3.91e-5 ib=3.33e-5 z=2.85e-6 (n=50)
  [r2c trace step 1100] block 2: z mean=0.0292 s mean=0.5319 min=0.5237 max=0.5412 closed=0/512 open=0/512 | mean|s*read|=0.526145 | mean|g| ar=4.15e-5 ib=3.33e-5 z=1.64e-6 (n=50)
  [r2c trace step 1100] block 3: z mean=0.0285 s mean=0.5318 min=0.5238 max=0.5395 closed=0/512 open=0/512 | mean|s*read|=0.577487 | mean|g| ar=3.54e-5 ib=2.75e-5 z=6.13e-7 (n=50)
  [r2c trace step 1100] block 4: z mean=0.0282 s mean=0.5317 min=0.5046 max=0.5398 closed=0/512 open=0/512 | mean|s*read|=0.574860 | mean|g| ar=2.76e-5 ib=2.04e-5 z=1.04e-6 (n=50)
  [r2c trace step 1150] block 0: z mean=0.0299 s mean=0.5321 min=0.5201 max=0.5426 closed=0/512 open=0/512 | mean|s*read|=0.196640 | mean|g| ar=4.39e-5 ib=3.87e-5 z=4.65e-6 (n=50)
  [r2c trace step 1150] block 1: z mean=0.0284 s mean=0.5317 min=0.5239 max=0.5409 closed=0/512 open=0/512 | mean|s*read|=0.358359 | mean|g| ar=4.11e-5 ib=3.43e-5 z=3.12e-6 (n=50)
  [r2c trace step 1150] block 2: z mean=0.0295 s mean=0.5320 min=0.5238 max=0.5415 closed=0/512 open=0/512 | mean|s*read|=0.505002 | mean|g| ar=4.13e-5 ib=3.42e-5 z=1.23e-6 (n=50)
  [r2c trace step 1150] block 3: z mean=0.0288 s mean=0.5318 min=0.5238 max=0.5398 closed=0/512 open=0/512 | mean|s*read|=0.563147 | mean|g| ar=3.64e-5 ib=2.86e-5 z=1.13e-6 (n=50)
  [r2c trace step 1150] block 4: z mean=0.0283 s mean=0.5317 min=0.5047 max=0.5401 closed=0/512 open=0/512 | mean|s*read|=0.555774 | mean|g| ar=2.74e-5 ib=2.10e-5 z=7.36e-7 (n=50)
  [r2c trace step 1200] block 0: z mean=0.0302 s mean=0.5322 min=0.5203 max=0.5429 closed=0/512 open=0/512 | mean|s*read|=0.197130 | mean|g| ar=4.55e-5 ib=4.01e-5 z=4.58e-6 (n=50)
  [r2c trace step 1200] block 1: z mean=0.0288 s mean=0.5318 min=0.5239 max=0.5413 closed=0/512 open=0/512 | mean|s*read|=0.348853 | mean|g| ar=4.11e-5 ib=3.54e-5 z=2.90e-6 (n=50)
  [r2c trace step 1200] block 2: z mean=0.0298 s mean=0.5321 min=0.5236 max=0.5416 closed=0/512 open=0/512 | mean|s*read|=0.497561 | mean|g| ar=4.27e-5 ib=3.60e-5 z=2.45e-6 (n=50)
  [r2c trace step 1200] block 3: z mean=0.0291 s mean=0.5319 min=0.5237 max=0.5401 closed=0/512 open=0/512 | mean|s*read|=0.544656 | mean|g| ar=3.57e-5 ib=2.94e-5 z=1.10e-6 (n=50)
  [r2c trace step 1200] block 4: z mean=0.0285 s mean=0.5318 min=0.5049 max=0.5402 closed=0/512 open=0/512 | mean|s*read|=0.538327 | mean|g| ar=2.75e-5 ib=2.08e-5 z=6.88e-7 (n=50)
  [trace step 1250] block 0: fast=178 medium=200 slow=134 | mean_alpha=0.2156 | mean_|grad|=0.000015 (n=250)
  [trace step 1250] block 1: fast=178 medium=200 slow=134 | mean_alpha=0.2154 | mean_|grad|=0.000011 (n=250)
  [trace step 1250] block 2: fast=178 medium=200 slow=134 | mean_alpha=0.2151 | mean_|grad|=0.000011 (n=250)
  [trace step 1250] block 3: fast=177 medium=201 slow=134 | mean_alpha=0.2152 | mean_|grad|=0.000011 (n=250)
  [trace step 1250] block 4: fast=177 medium=201 slow=134 | mean_alpha=0.2151 | mean_|grad|=0.000024 (n=250)
  [r2c trace step 1250] block 0: z mean=0.0304 s mean=0.5322 min=0.5202 max=0.5427 closed=0/512 open=0/512 | mean|s*read|=0.197473 | mean|g| ar=4.79e-5 ib=4.15e-5 z=5.44e-6 (n=50)
  [r2c trace step 1250] block 1: z mean=0.0291 s mean=0.5319 min=0.5239 max=0.5418 closed=0/512 open=0/512 | mean|s*read|=0.352283 | mean|g| ar=4.26e-5 ib=3.62e-5 z=2.66e-6 (n=50)
  [r2c trace step 1250] block 2: z mean=0.0302 s mean=0.5322 min=0.5234 max=0.5420 closed=0/512 open=0/512 | mean|s*read|=0.508962 | mean|g| ar=4.47e-5 ib=3.61e-5 z=1.83e-6 (n=50)
  [r2c trace step 1250] block 3: z mean=0.0294 s mean=0.5320 min=0.5237 max=0.5402 closed=0/512 open=0/512 | mean|s*read|=0.570859 | mean|g| ar=3.91e-5 ib=3.06e-5 z=1.26e-6 (n=50)
  [r2c trace step 1250] block 4: z mean=0.0286 s mean=0.5318 min=0.5050 max=0.5403 closed=0/512 open=0/512 | mean|s*read|=0.571715 | mean|g| ar=2.98e-5 ib=2.21e-5 z=6.70e-7 (n=50)
step 1250/1800 | epoch 2 | loss 1.3967 | 1.2 steps/s
  validation: loss 1.4245 | 2.055 bits/byte
  [r2c trace step 1300] block 0: z mean=0.0306 s mean=0.5323 min=0.5204 max=0.5430 closed=0/512 open=0/512 | mean|s*read|=0.198034 | mean|g| ar=4.77e-5 ib=4.13e-5 z=5.57e-6 (n=50)
  [r2c trace step 1300] block 1: z mean=0.0294 s mean=0.5320 min=0.5241 max=0.5417 closed=0/512 open=0/512 | mean|s*read|=0.354974 | mean|g| ar=4.24e-5 ib=3.60e-5 z=3.72e-6 (n=50)
  [r2c trace step 1300] block 2: z mean=0.0304 s mean=0.5322 min=0.5234 max=0.5421 closed=0/512 open=0/512 | mean|s*read|=0.497334 | mean|g| ar=4.32e-5 ib=3.54e-5 z=2.58e-6 (n=50)
  [r2c trace step 1300] block 3: z mean=0.0297 s mean=0.5320 min=0.5237 max=0.5404 closed=0/512 open=0/512 | mean|s*read|=0.556219 | mean|g| ar=3.72e-5 ib=2.90e-5 z=1.05e-6 (n=50)
  [r2c trace step 1300] block 4: z mean=0.0288 s mean=0.5318 min=0.5050 max=0.5403 closed=0/512 open=0/512 | mean|s*read|=0.554070 | mean|g| ar=2.78e-5 ib=2.06e-5 z=1.09e-6 (n=50)
  [r2c trace step 1350] block 0: z mean=0.0310 s mean=0.5324 min=0.5205 max=0.5430 closed=0/512 open=0/512 | mean|s*read|=0.198382 | mean|g| ar=5.13e-5 ib=4.37e-5 z=4.99e-6 (n=50)
  [r2c trace step 1350] block 1: z mean=0.0298 s mean=0.5321 min=0.5242 max=0.5423 closed=0/512 open=0/512 | mean|s*read|=0.345414 | mean|g| ar=4.44e-5 ib=3.81e-5 z=2.59e-6 (n=50)
  [r2c trace step 1350] block 2: z mean=0.0307 s mean=0.5323 min=0.5233 max=0.5423 closed=0/512 open=0/512 | mean|s*read|=0.479468 | mean|g| ar=4.39e-5 ib=3.67e-5 z=1.78e-6 (n=50)
  [r2c trace step 1350] block 3: z mean=0.0300 s mean=0.5321 min=0.5237 max=0.5405 closed=0/512 open=0/512 | mean|s*read|=0.534778 | mean|g| ar=3.73e-5 ib=2.97e-5 z=1.45e-6 (n=50)
  [r2c trace step 1350] block 4: z mean=0.0289 s mean=0.5319 min=0.5049 max=0.5403 closed=0/512 open=0/512 | mean|s*read|=0.522353 | mean|g| ar=2.76e-5 ib=2.10e-5 z=1.18e-6 (n=50)
  [r2c trace step 1400] block 0: z mean=0.0312 s mean=0.5324 min=0.5205 max=0.5435 closed=0/512 open=0/512 | mean|s*read|=0.199486 | mean|g| ar=4.97e-5 ib=4.29e-5 z=6.68e-6 (n=50)
  [r2c trace step 1400] block 1: z mean=0.0302 s mean=0.5322 min=0.5242 max=0.5423 closed=0/512 open=0/512 | mean|s*read|=0.341570 | mean|g| ar=4.35e-5 ib=3.62e-5 z=3.72e-6 (n=50)
  [r2c trace step 1400] block 2: z mean=0.0310 s mean=0.5324 min=0.5231 max=0.5433 closed=0/512 open=0/512 | mean|s*read|=0.475159 | mean|g| ar=4.27e-5 ib=3.61e-5 z=2.78e-6 (n=50)
  [r2c trace step 1400] block 3: z mean=0.0302 s mean=0.5322 min=0.5237 max=0.5407 closed=0/512 open=0/512 | mean|s*read|=0.529882 | mean|g| ar=3.64e-5 ib=2.93e-5 z=1.44e-6 (n=50)
  [r2c trace step 1400] block 4: z mean=0.0291 s mean=0.5319 min=0.5051 max=0.5407 closed=0/512 open=0/512 | mean|s*read|=0.522474 | mean|g| ar=2.78e-5 ib=2.05e-5 z=9.76e-7 (n=50)
  [r2c trace step 1450] block 0: z mean=0.0316 s mean=0.5325 min=0.5204 max=0.5439 closed=0/512 open=0/512 | mean|s*read|=0.200583 | mean|g| ar=5.14e-5 ib=4.41e-5 z=4.68e-6 (n=50)
  [r2c trace step 1450] block 1: z mean=0.0305 s mean=0.5322 min=0.5241 max=0.5428 closed=0/512 open=0/512 | mean|s*read|=0.346799 | mean|g| ar=4.47e-5 ib=3.78e-5 z=3.46e-6 (n=50)
  [r2c trace step 1450] block 2: z mean=0.0314 s mean=0.5324 min=0.5229 max=0.5433 closed=0/512 open=0/512 | mean|s*read|=0.489901 | mean|g| ar=4.47e-5 ib=3.72e-5 z=1.81e-6 (n=50)
  [r2c trace step 1450] block 3: z mean=0.0305 s mean=0.5322 min=0.5237 max=0.5408 closed=0/512 open=0/512 | mean|s*read|=0.536580 | mean|g| ar=3.78e-5 ib=3.01e-5 z=1.30e-6 (n=50)
  [r2c trace step 1450] block 4: z mean=0.0292 s mean=0.5319 min=0.5050 max=0.5409 closed=0/512 open=0/512 | mean|s*read|=0.534208 | mean|g| ar=2.85e-5 ib=2.12e-5 z=9.45e-7 (n=50)
  [trace step 1500] block 0: fast=178 medium=200 slow=134 | mean_alpha=0.2157 | mean_|grad|=0.000016 (n=250)
  [trace step 1500] block 1: fast=177 medium=201 slow=134 | mean_alpha=0.2154 | mean_|grad|=0.000011 (n=250)
  [trace step 1500] block 2: fast=178 medium=200 slow=134 | mean_alpha=0.2151 | mean_|grad|=0.000010 (n=250)
  [trace step 1500] block 3: fast=177 medium=200 slow=135 | mean_alpha=0.2152 | mean_|grad|=0.000010 (n=250)
  [trace step 1500] block 4: fast=177 medium=201 slow=134 | mean_alpha=0.2151 | mean_|grad|=0.000023 (n=250)
  [r2c trace step 1500] block 0: z mean=0.0319 s mean=0.5326 min=0.5205 max=0.5441 closed=0/512 open=0/512 | mean|s*read|=0.201987 | mean|g| ar=5.39e-5 ib=4.59e-5 z=5.60e-6 (n=50)
  [r2c trace step 1500] block 1: z mean=0.0308 s mean=0.5323 min=0.5242 max=0.5427 closed=0/512 open=0/512 | mean|s*read|=0.351622 | mean|g| ar=4.57e-5 ib=3.89e-5 z=3.34e-6 (n=50)
  [r2c trace step 1500] block 2: z mean=0.0316 s mean=0.5325 min=0.5231 max=0.5438 closed=0/512 open=0/512 | mean|s*read|=0.488005 | mean|g| ar=4.49e-5 ib=3.81e-5 z=1.73e-6 (n=50)
  [r2c trace step 1500] block 3: z mean=0.0307 s mean=0.5323 min=0.5236 max=0.5412 closed=0/512 open=0/512 | mean|s*read|=0.529263 | mean|g| ar=3.74e-5 ib=3.03e-5 z=1.08e-6 (n=50)
  [r2c trace step 1500] block 4: z mean=0.0293 s mean=0.5320 min=0.5047 max=0.5406 closed=0/512 open=0/512 | mean|s*read|=0.528124 | mean|g| ar=2.81e-5 ib=2.14e-5 z=8.95e-7 (n=50)
step 1500/1800 | epoch 2 | loss 1.3994 | 0.7 steps/s
  [r2c trace step 1550] block 0: z mean=0.0321 s mean=0.5326 min=0.5204 max=0.5443 closed=0/512 open=0/512 | mean|s*read|=0.202260 | mean|g| ar=5.16e-5 ib=4.51e-5 z=5.51e-6 (n=50)
  [r2c trace step 1550] block 1: z mean=0.0311 s mean=0.5324 min=0.5241 max=0.5430 closed=0/512 open=0/512 | mean|s*read|=0.358568 | mean|g| ar=4.61e-5 ib=3.96e-5 z=2.26e-6 (n=50)
  [r2c trace step 1550] block 2: z mean=0.0317 s mean=0.5325 min=0.5233 max=0.5432 closed=0/512 open=0/512 | mean|s*read|=0.488380 | mean|g| ar=4.48e-5 ib=3.73e-5 z=2.33e-6 (n=50)
  [r2c trace step 1550] block 3: z mean=0.0310 s mean=0.5324 min=0.5235 max=0.5414 closed=0/512 open=0/512 | mean|s*read|=0.524609 | mean|g| ar=3.66e-5 ib=2.89e-5 z=1.84e-6 (n=50)
  [r2c trace step 1550] block 4: z mean=0.0294 s mean=0.5320 min=0.5047 max=0.5406 closed=0/512 open=0/512 | mean|s*read|=0.525110 | mean|g| ar=2.82e-5 ib=2.09e-5 z=1.21e-6 (n=50)
  [r2c trace step 1600] block 0: z mean=0.0324 s mean=0.5327 min=0.5206 max=0.5441 closed=0/512 open=0/512 | mean|s*read|=0.202861 | mean|g| ar=5.50e-5 ib=4.74e-5 z=6.05e-6 (n=50)
  [r2c trace step 1600] block 1: z mean=0.0313 s mean=0.5324 min=0.5241 max=0.5433 closed=0/512 open=0/512 | mean|s*read|=0.349292 | mean|g| ar=4.73e-5 ib=3.98e-5 z=2.25e-6 (n=50)
  [r2c trace step 1600] block 2: z mean=0.0320 s mean=0.5326 min=0.5234 max=0.5433 closed=0/512 open=0/512 | mean|s*read|=0.463694 | mean|g| ar=4.57e-5 ib=3.71e-5 z=1.92e-6 (n=50)
  [r2c trace step 1600] block 3: z mean=0.0312 s mean=0.5324 min=0.5233 max=0.5409 closed=0/512 open=0/512 | mean|s*read|=0.498384 | mean|g| ar=3.76e-5 ib=2.93e-5 z=2.16e-6 (n=50)
  [r2c trace step 1600] block 4: z mean=0.0295 s mean=0.5320 min=0.5047 max=0.5406 closed=0/512 open=0/512 | mean|s*read|=0.485240 | mean|g| ar=2.72e-5 ib=2.06e-5 z=1.41e-6 (n=50)
  [r2c trace step 1650] block 0: z mean=0.0327 s mean=0.5328 min=0.5209 max=0.5443 closed=0/512 open=0/512 | mean|s*read|=0.201615 | mean|g| ar=5.49e-5 ib=4.90e-5 z=8.23e-6 (n=50)
  [r2c trace step 1650] block 1: z mean=0.0318 s mean=0.5325 min=0.5239 max=0.5435 closed=0/512 open=0/512 | mean|s*read|=0.335285 | mean|g| ar=4.69e-5 ib=4.04e-5 z=3.72e-6 (n=50)
  [r2c trace step 1650] block 2: z mean=0.0323 s mean=0.5327 min=0.5234 max=0.5429 closed=0/512 open=0/512 | mean|s*read|=0.461451 | mean|g| ar=4.61e-5 ib=3.84e-5 z=2.30e-6 (n=50)
  [r2c trace step 1650] block 3: z mean=0.0316 s mean=0.5325 min=0.5231 max=0.5410 closed=0/512 open=0/512 | mean|s*read|=0.486309 | mean|g| ar=3.77e-5 ib=3.04e-5 z=1.51e-6 (n=50)
  [r2c trace step 1650] block 4: z mean=0.0296 s mean=0.5320 min=0.5048 max=0.5410 closed=0/512 open=0/512 | mean|s*read|=0.475589 | mean|g| ar=2.76e-5 ib=2.08e-5 z=1.33e-6 (n=50)
  [r2c trace step 1700] block 0: z mean=0.0331 s mean=0.5329 min=0.5211 max=0.5447 closed=0/512 open=0/512 | mean|s*read|=0.202030 | mean|g| ar=5.43e-5 ib=4.74e-5 z=5.33e-6 (n=50)
  [r2c trace step 1700] block 1: z mean=0.0321 s mean=0.5326 min=0.5239 max=0.5441 closed=0/512 open=0/512 | mean|s*read|=0.343619 | mean|g| ar=4.78e-5 ib=4.10e-5 z=3.14e-6 (n=50)
  [r2c trace step 1700] block 2: z mean=0.0327 s mean=0.5328 min=0.5235 max=0.5434 closed=0/512 open=0/512 | mean|s*read|=0.484470 | mean|g| ar=4.73e-5 ib=3.98e-5 z=2.45e-6 (n=50)
  [r2c trace step 1700] block 3: z mean=0.0318 s mean=0.5326 min=0.5232 max=0.5412 closed=0/512 open=0/512 | mean|s*read|=0.510095 | mean|g| ar=3.78e-5 ib=3.10e-5 z=1.86e-6 (n=50)
  [r2c trace step 1700] block 4: z mean=0.0297 s mean=0.5321 min=0.5049 max=0.5411 closed=0/512 open=0/512 | mean|s*read|=0.515438 | mean|g| ar=2.82e-5 ib=2.19e-5 z=1.15e-6 (n=50)
  [trace step 1750] block 0: fast=178 medium=200 slow=134 | mean_alpha=0.2158 | mean_|grad|=0.000016 (n=250)
  [trace step 1750] block 1: fast=177 medium=201 slow=134 | mean_alpha=0.2154 | mean_|grad|=0.000011 (n=250)
  [trace step 1750] block 2: fast=178 medium=200 slow=134 | mean_alpha=0.2151 | mean_|grad|=0.000010 (n=250)
  [trace step 1750] block 3: fast=177 medium=201 slow=134 | mean_alpha=0.2152 | mean_|grad|=0.000009 (n=250)
  [trace step 1750] block 4: fast=177 medium=201 slow=134 | mean_alpha=0.2151 | mean_|grad|=0.000023 (n=250)
  [r2c trace step 1750] block 0: z mean=0.0335 s mean=0.5330 min=0.5212 max=0.5452 closed=0/512 open=0/512 | mean|s*read|=0.202721 | mean|g| ar=5.55e-5 ib=4.91e-5 z=5.91e-6 (n=50)
  [r2c trace step 1750] block 1: z mean=0.0325 s mean=0.5327 min=0.5238 max=0.5440 closed=0/512 open=0/512 | mean|s*read|=0.343423 | mean|g| ar=4.76e-5 ib=4.13e-5 z=2.99e-6 (n=50)
  [r2c trace step 1750] block 2: z mean=0.0329 s mean=0.5328 min=0.5235 max=0.5431 closed=0/512 open=0/512 | mean|s*read|=0.481993 | mean|g| ar=4.72e-5 ib=3.93e-5 z=2.02e-6 (n=50)
  [r2c trace step 1750] block 3: z mean=0.0321 s mean=0.5326 min=0.5231 max=0.5416 closed=0/512 open=0/512 | mean|s*read|=0.498048 | mean|g| ar=3.77e-5 ib=3.07e-5 z=1.65e-6 (n=50)
  [r2c trace step 1750] block 4: z mean=0.0299 s mean=0.5321 min=0.5047 max=0.5413 closed=0/512 open=0/512 | mean|s*read|=0.500731 | mean|g| ar=2.82e-5 ib=2.14e-5 z=1.31e-6 (n=50)
step 1750/1800 | epoch 2 | loss 1.4007 | 0.9 steps/s
  [r2c trace step 1800] block 0: z mean=0.0337 s mean=0.5330 min=0.5212 max=0.5455 closed=0/512 open=0/512 | mean|s*read|=0.203055 | mean|g| ar=5.52e-5 ib=4.72e-5 z=5.19e-6 (n=50)
  [r2c trace step 1800] block 1: z mean=0.0328 s mean=0.5328 min=0.5238 max=0.5441 closed=0/512 open=0/512 | mean|s*read|=0.347343 | mean|g| ar=4.72e-5 ib=4.12e-5 z=2.98e-6 (n=50)
  [r2c trace step 1800] block 2: z mean=0.0331 s mean=0.5329 min=0.5233 max=0.5433 closed=0/512 open=0/512 | mean|s*read|=0.480149 | mean|g| ar=4.66e-5 ib=3.83e-5 z=1.76e-6 (n=50)
  [r2c trace step 1800] block 3: z mean=0.0323 s mean=0.5327 min=0.5229 max=0.5414 closed=0/512 open=0/512 | mean|s*read|=0.489946 | mean|g| ar=3.66e-5 ib=2.93e-5 z=1.22e-6 (n=50)
  [r2c trace step 1800] block 4: z mean=0.0300 s mean=0.5321 min=0.5048 max=0.5411 closed=0/512 open=0/512 | mean|s*read|=0.474019 | mean|g| ar=2.69e-5 ib=2.03e-5 z=1.10e-6 (n=50)
eva: process memory peak 460.1 MB

-- what holds the training memory --
  parameters                51.2 MB   (unavoidable)
  AdamW state              102.3 MB   (unavoidable today)
  GRAPH, own peak           15.0 MB
  live nodes, peak           119
  graph alive now            0.0 MB   (0 if everything was freed)
  GRADIENT MAP              51.2 MB   <- a new Vec per tensor, every step

-- who holds, accumulated over the whole training run --
  clockmem_inject_learn_gc   19056.0 MB in    9500 nodes     67%
  sigmoid             9518.6 MB in   19000 nodes     33%
  gather                 7.5 MB in    1900 nodes      0%
  ce                     7.4 MB in    1900 nodes      0%
  add                    2.8 MB in   66500 nodes      0%
  matmul                 1.6 MB in   68400 nodes      0%
  rms_norm               0.6 MB in   30400 nodes      0%
  mul                    0.4 MB in    9500 nodes      0%
  parameter copies from a shared Arc: 0  (has to be 0)
eva: FINAL VALIDATION loss 1.4240 | 2.054 bits/byte (100 windows, arch clock)
eva: rule 'all' | 1800 forward, 1800 backward (100% learned)
eva: training finished in 1628.7s, weights in 16m5b_N128_T1_win129_r2c.weights
